<?xml version="1.0" encoding="utf-8"?>
<TestRun id="a9a1ab3b-3268-4b3c-be53-af7009847344" name="@runnervm8df0l 2026-10-01 21:24:00" xmlns="http://microsoft.com/schemas/VisualStudio/TeamTest/2010">
  <Times creation="2026-10-01T21:24:00.9958959+00:00" queuing="2026-10-01T21:24:00.9958960+00:00" start="2026-10-01T21:23:58.6347473+00:00" finish="2026-10-01T21:24:03.0918489+00:00" />
  <TestSettings name="default" id="baf54a5f-fe19-4eb3-98ff-e422627fc0a7">
    <Deployment runDeploymentRoot="_runnervm8df0l_2026-10-01_21_24_00" />
  </TestSettings>
  <Results>
    <UnitTestResult executionId="5226b8f3-5531-4b1b-9a4e-30dc9cb66641" testId="8d62cecf-4cfd-7348-741b-e5f348d2ad7d" testName="Realm.Web.Tests.BottomNavTests.OnAnyOtherPath_MarksNeitherLinkAsCurrent(uri: &quot;not-found&quot;)" computerName="runnervm8df0l" duration="00:00:00.0042065" startTime="2026-10-01T21:24:02.4199689+00:00" endTime="2026-10-01T21:24:02.4262837+00:00" testType="13cdc9d9-ddb5-4fa4-a97d-d965ccfc6d4b" outcome="Passed" testListId="8c84fa94-04c1-424b-9868-57a2d4851a1d" relativeResultsDirectory="5226b8f3-5531-4b1b-9a4e-30dc9cb66641" />
    <UnitTestResult executionId="735f1205-6099-409b-a848-f8771a27b56d" testId="8d70a949-adb6-a47f-45a5-3ebea55ef9a2" testName="Realm.Web.Tests.IngressPathBaseTests.InvalidHeader_SameValueTwice_WarnsOnce" computerName="runnervm8df0l" duration="00:00:00.0261897" startTime="2026-10-01T21:24:01.7364282+00:00" endTime="2026-10-01T21:24:01.7626171+00:00" testType="13cdc9d9-ddb5-4fa4-a97d-d965ccfc6d4b" outcome="Passed" testListId="8c84fa94-04c1-424b-9868-57a2d4851a1d" relativeResultsDirectory="735f1205-6099-409b-a848-f8771a27b56d" />
    <UnitTestResult executionId="f3633a14-f9ac-4b13-a093-9d8875ffb59e" testId="e4ba0118-f70a-1bfa-ebdc-9bb06747e282" testName="Realm.Web.Tests.IngressPathBaseTests.InvalidHeader_IsIgnoredWithOneWarning(header: &quot;/api/'x&quot;)" computerName="runnervm8df0l" duration="00:00:00.0167067" startTime="2026-10-01T21:24:01.8456586+00:00" endTime="2026-10-01T21:24:01.8652099+00:00" testType="13cdc9d9-ddb5-4fa4-a97d-d965ccfc6d4b" outcome="Passed" testListId="8c84fa94-04c1-424b-9868-57a2d4851a1d" relativeResultsDirectory="f3633a14-f9ac-4b13-a093-9d8875ffb59e" />
    <UnitTestResult executionId="2ea16880-914e-4f49-a69a-688c2d99cd39" testId="2c022698-0920-de7b-cecb-64ad26820b05" testName="Realm.Web.Tests.BottomNavTests.OnAnyOtherPath_MarksNeitherLinkAsCurrent(uri: &quot;drivingx&quot;)" computerName="runnervm8df0l" duration="00:00:00.0043520" startTime="2026-10-01T21:24:02.4164235+00:00" endTime="2026-10-01T21:24:02.4197858+00:00" testType="13cdc9d9-ddb5-4fa4-a97d-d965ccfc6d4b" outcome="Passed" testListId="8c84fa94-04c1-424b-9868-57a2d4851a1d" relativeResultsDirectory="2ea16880-914e-4f49-a69a-688c2d99cd39" />
    <UnitTestResult executionId="14fab720-87df-425f-9b3d-53238f77bbec" testId="ee677be5-b993-79dc-c484-ae6b64b17961" testName="Realm.Web.Tests.BottomNavTests.OnADrivingRoute_MarksOnlyDrivingAsCurrent(uri: &quot;driving/king&quot;)" computerName="runnervm8df0l" duration="00:00:00.0046429" startTime="2026-10-01T21:24:02.3864971+00:00" endTime="2026-10-01T21:24:02.3923882+00:00" testType="13cdc9d9-ddb5-4fa4-a97d-d965ccfc6d4b" outcome="Passed" testListId="8c84fa94-04c1-424b-9868-57a2d4851a1d" relativeResultsDirectory="14fab720-87df-425f-9b3d-53238f77bbec" />
    <UnitTestResult executionId="35f31bc7-fb01-483e-842a-fdc5893266de" testId="010e098b-7213-fd5e-d96f-aeafd4150971" testName="Realm.Web.Tests.RuntimeOptionsTests.Detect_ReadsTheOptionsPathFromTheEnvironmentFirst" computerName="runnervm8df0l" duration="00:00:00.0006983" startTime="2026-10-01T21:24:00.9824554+00:00" endTime="2026-10-01T21:24:00.9825525+00:00" testType="13cdc9d9-ddb5-4fa4-a97d-d965ccfc6d4b" outcome="Passed" testListId="8c84fa94-04c1-424b-9868-57a2d4851a1d" relativeResultsDirectory="35f31bc7-fb01-483e-842a-fdc5893266de" />
    <UnitTestResult executionId="67ed4841-31aa-46cd-b95e-b1a73cddc2c4" testId="c60a88a3-a492-cb23-03be-c8e60d4fc2a8" testName="Realm.Web.Tests.AppBaseHrefTests.BaseTag_IsTheOnlyOneAndComesBeforeEveryElementThatLoadsAUrl" computerName="runnervm8df0l" duration="00:00:00.0845190" startTime="2026-10-01T21:24:02.9183690+00:00" endTime="2026-10-01T21:24:03.0027597+00:00" testType="13cdc9d9-ddb5-4fa4-a97d-d965ccfc6d4b" outcome="Passed" testListId="8c84fa94-04c1-424b-9868-57a2d4851a1d" relativeResultsDirectory="67ed4841-31aa-46cd-b95e-b1a73cddc2c4" />
    <UnitTestResult executionId="7a846f3a-fa58-4751-9782-51dbaafe22a1" testId="742ab2c2-37bc-6912-6b43-00d224766e64" testName="Realm.Web.Tests.IngressPathBaseTests.ValidHeader_SetsPathBaseWithoutTrailingSlashAndLeavesPathAlone(header: &quot;/x&quot;, expectedPathBase: &quot;/x&quot;)" computerName="runnervm8df0l" duration="00:00:00.0335458" startTime="2026-10-01T21:24:01.6808261+00:00" endTime="2026-10-01T21:24:01.7166503+00:00" testType="13cdc9d9-ddb5-4fa4-a97d-d965ccfc6d4b" outcome="Passed" testListId="8c84fa94-04c1-424b-9868-57a2d4851a1d" relativeResultsDirectory="7a846f3a-fa58-4751-9782-51dbaafe22a1" />
    <UnitTestResult executionId="8c5343f2-7362-41cf-80d6-98ccbf5455cb" testId="81524283-cc89-7aad-9a90-4039c60cb15a" testName="Realm.Web.Tests.BottomNavTests.NavigatingBackToTheRoot_MovesTheMarkBackToLocation" computerName="runnervm8df0l" duration="00:00:00.0090981" startTime="2026-10-01T21:24:02.4264744+00:00" endTime="2026-10-01T21:24:02.4352158+00:00" testType="13cdc9d9-ddb5-4fa4-a97d-d965ccfc6d4b" outcome="Passed" testListId="8c84fa94-04c1-424b-9868-57a2d4851a1d" relativeResultsDirectory="8c5343f2-7362-41cf-80d6-98ccbf5455cb" />
    <UnitTestResult executionId="453a9c6f-e161-4b3e-9644-751d1e5b94af" testId="5a80f815-4aa3-232f-b4dd-7782cfe9a00d" testName="Realm.Web.Tests.RuntimeOptionsTests.Detect_AppliesThePrecedence(dataSource: &quot;ha&quot;, token: &quot;tok&quot;, optionsJson: &quot;{ \&quot;demo_mode\&quot;: true }&quot;, expected: Live)" computerName="runnervm8df0l" duration="00:00:00.0003145" startTime="2026-10-01T21:24:00.9567934+00:00" endTime="2026-10-01T21:24:00.9568811+00:00" testType="13cdc9d9-ddb5-4fa4-a97d-d965ccfc6d4b" outcome="Passed" testListId="8c84fa94-04c1-424b-9868-57a2d4851a1d" relativeResultsDirectory="453a9c6f-e161-4b3e-9644-751d1e5b94af" />
    <UnitTestResult executionId="21eeabd0-ec56-4043-b2ad-2cab5d9890a5" testId="c9327f7e-f430-d48c-6db1-e0dde1012b36" testName="Realm.Web.Tests.AppBaseHrefTests.ValidHeader_RendersThePrefixWithOneTrailingSlashAsBase(header: &quot;/api/hassio_ingress/AbC-_123/&quot;, expectedBase: &quot;/api/hassio_ingress/AbC-_123/&quot;)" computerName="runnervm8df0l" duration="00:00:00.0956887" startTime="2026-10-01T21:24:02.6319610+00:00" endTime="2026-10-01T21:24:02.7278499+00:00" testType="13cdc9d9-ddb5-4fa4-a97d-d965ccfc6d4b" outcome="Passed" testListId="8c84fa94-04c1-424b-9868-57a2d4851a1d" relativeResultsDirectory="21eeabd0-ec56-4043-b2ad-2cab5d9890a5" />
    <UnitTestResult executionId="30645c4c-657b-4093-a62a-43f543202e46" testId="a97f3df4-7b45-75fa-7a08-7a3a7b1e01f3" testName="Realm.Web.Tests.IngressPathBaseTests.InvalidHeader_IsIgnoredWithOneWarning(header: &quot;/api/\&quot;x&quot;)" computerName="runnervm8df0l" duration="00:00:00.0350027" startTime="2026-10-01T21:24:01.9034697+00:00" endTime="2026-10-01T21:24:01.9422204+00:00" testType="13cdc9d9-ddb5-4fa4-a97d-d965ccfc6d4b" outcome="Passed" testListId="8c84fa94-04c1-424b-9868-57a2d4851a1d" relativeResultsDirectory="30645c4c-657b-4093-a62a-43f543202e46" />
    <UnitTestResult executionId="4e8e38c3-3003-47af-822e-c4e0ada5d11c" testId="34c30903-2878-86c8-5d5b-d5749a79e437" testName="Realm.Web.Tests.RuntimeOptionsTests.Detect_EnablesDetailedErrorsForDemoAndDevelopment(token: &quot;tok&quot;, environmentName: &quot;Production&quot;, expected: False)" computerName="runnervm8df0l" duration="00:00:00.0080866" startTime="2026-10-01T21:24:00.9811575+00:00" endTime="2026-10-01T21:24:00.9812936+00:00" testType="13cdc9d9-ddb5-4fa4-a97d-d965ccfc6d4b" outcome="Passed" testListId="8c84fa94-04c1-424b-9868-57a2d4851a1d" relativeResultsDirectory="4e8e38c3-3003-47af-822e-c4e0ada5d11c" />
    <UnitTestResult executionId="989fa7ab-1555-4e38-98a2-ed2e6b4d61bd" testId="a6428923-2b10-1ef1-3cf8-f3d59e9835ed" testName="Realm.Web.Tests.RuntimeOptionsTests.Detect_AppliesThePrecedence(dataSource: null, token: &quot;tok&quot;, optionsJson: &quot;[]&quot;, expected: Live)" computerName="runnervm8df0l" duration="00:00:00.0007484" startTime="2026-10-01T21:24:00.9481563+00:00" endTime="2026-10-01T21:24:00.9482394+00:00" testType="13cdc9d9-ddb5-4fa4-a97d-d965ccfc6d4b" outcome="Passed" testListId="8c84fa94-04c1-424b-9868-57a2d4851a1d" relativeResultsDirectory="989fa7ab-1555-4e38-98a2-ed2e6b4d61bd" />
    <UnitTestResult executionId="de4e0245-2daf-42e4-b1e0-e2334c055cc5" testId="f0ce7296-12c5-259d-102c-3364e89d4b1c" testName="Realm.Web.Tests.HealthzTests.HealthProbe_ReturnsZeroWhenHealthzAnswers" computerName="runnervm8df0l" duration="00:00:01.6964780" startTime="2026-10-01T21:23:59.9728616+00:00" endTime="2026-10-01T21:24:01.6772382+00:00" testType="13cdc9d9-ddb5-4fa4-a97d-d965ccfc6d4b" outcome="Passed" testListId="8c84fa94-04c1-424b-9868-57a2d4851a1d" relativeResultsDirectory="de4e0245-2daf-42e4-b1e0-e2334c055cc5" />
    <UnitTestResult executionId="eaea3c4c-01d5-4ab7-9ff4-96bc615579cd" testId="3e7c9004-b36a-f2f9-61b0-ee47edf35c60" testName="Realm.Web.Tests.RuntimeOptionsTests.Detect_AcceptsTheDevelopmentTokenKey" computerName="runnervm8df0l" duration="00:00:00.0002118" startTime="2026-10-01T21:24:00.9821659+00:00" endTime="2026-10-01T21:24:00.9822553+00:00" testType="13cdc9d9-ddb5-4fa4-a97d-d965ccfc6d4b" outcome="Passed" testListId="8c84fa94-04c1-424b-9868-57a2d4851a1d" relativeResultsDirectory="eaea3c4c-01d5-4ab7-9ff4-96bc615579cd" />
    <UnitTestResult executionId="760f1168-e551-46f2-bd89-c3ddfe012a9d" testId="45ba146c-d780-2af0-1e42-850bb47db41e" testName="Realm.Web.Tests.TokensCssTests.Css_DeclaresThePaletteAsRealmTokensOnRoot" computerName="runnervm8df0l" duration="00:00:00.0003965" startTime="2026-10-01T21:24:01.7100623+00:00" endTime="2026-10-01T21:24:01.7103470+00:00" testType="13cdc9d9-ddb5-4fa4-a97d-d965ccfc6d4b" outcome="Passed" testListId="8c84fa94-04c1-424b-9868-57a2d4851a1d" relativeResultsDirectory="760f1168-e551-46f2-bd89-c3ddfe012a9d" />
    <UnitTestResult executionId="e2804831-f429-42a1-abba-d86abe95389d" testId="f430cf33-c1e2-ce60-fdd5-b4567d5b6ae4" testName="Realm.Web.Tests.IngressPathBaseTests.ValidHeader_SetsPathBaseWithoutTrailingSlashAndLeavesPathAlone(header: &quot;/api/hassio_ingress/AbC-_123/&quot;, expectedPathBase: &quot;/api/hassio_ingress/AbC-_123&quot;)" computerName="runnervm8df0l" duration="00:00:00.7285557" startTime="2026-10-01T21:24:00.9845617+00:00" endTime="2026-10-01T21:24:01.6802782+00:00" testType="13cdc9d9-ddb5-4fa4-a97d-d965ccfc6d4b" outcome="Passed" testListId="8c84fa94-04c1-424b-9868-57a2d4851a1d" relativeResultsDirectory="e2804831-f429-42a1-abba-d86abe95389d" />
    <UnitTestResult executionId="6e0842f3-ba3c-4ed7-8e74-c25e4134922f" testId="e3ccb5b3-8a74-b83f-42e4-90ef095cf6a8" testName="Realm.Web.Tests.AppBaseHrefTests.AbsentHeader_RendersTheRootAsBase" computerName="runnervm8df0l" duration="00:00:00.1019538" startTime="2026-10-01T21:24:02.5304663+00:00" endTime="2026-10-01T21:24:02.6317084+00:00" testType="13cdc9d9-ddb5-4fa4-a97d-d965ccfc6d4b" outcome="Passed" testListId="8c84fa94-04c1-424b-9868-57a2d4851a1d" relativeResultsDirectory="6e0842f3-ba3c-4ed7-8e74-c25e4134922f" />
    <UnitTestResult executionId="16733894-dda5-4b55-a615-7836bd15f85c" testId="c3c300f8-1fb7-b791-c633-a8b83290b08e" testName="Realm.Web.Tests.ErrorPlainTests.UnhandledException_ReturnsA500WithTheGenericTextOnly" computerName="runnervm8df0l" duration="00:00:01.7014011" startTime="2026-10-01T21:23:59.9778001+00:00" endTime="2026-10-01T21:24:01.6771404+00:00" testType="13cdc9d9-ddb5-4fa4-a97d-d965ccfc6d4b" outcome="Passed" testListId="8c84fa94-04c1-424b-9868-57a2d4851a1d" relativeResultsDirectory="16733894-dda5-4b55-a615-7836bd15f85c" />
    <UnitTestResult executionId="47ba8c64-1be0-48b6-8600-2caa5251767b" testId="96ed2e55-4608-937e-5a3c-5f390f91e0a9" testName="Realm.Web.Tests.RuntimeOptionsTests.Detect_AppliesThePrecedence(dataSource: &quot;demo&quot;, token: &quot;tok&quot;, optionsJson: null, expected: Demo)" computerName="runnervm8df0l" duration="00:00:00.0000668" startTime="2026-10-01T21:24:00.9570614+00:00" endTime="2026-10-01T21:24:00.9571723+00:00" testType="13cdc9d9-ddb5-4fa4-a97d-d965ccfc6d4b" outcome="Passed" testListId="8c84fa94-04c1-424b-9868-57a2d4851a1d" relativeResultsDirectory="47ba8c64-1be0-48b6-8600-2caa5251767b" />
    <UnitTestResult executionId="63d647df-7949-47ba-a4fe-788c8359b201" testId="13585078-f90a-a352-0200-6d57460c025b" testName="Realm.Web.Tests.AppBaseHrefTests.ValidHeader_RendersThePrefixWithOneTrailingSlashAsBase(header: &quot;/x&quot;, expectedBase: &quot;/x/&quot;)" computerName="runnervm8df0l" duration="00:00:00.0758685" startTime="2026-10-01T21:24:02.7280558+00:00" endTime="2026-10-01T21:24:02.8041955+00:00" testType="13cdc9d9-ddb5-4fa4-a97d-d965ccfc6d4b" outcome="Passed" testListId="8c84fa94-04c1-424b-9868-57a2d4851a1d" relativeResultsDirectory="63d647df-7949-47ba-a4fe-788c8359b201" />
    <UnitTestResult executionId="b70554ed-f8ef-44f1-a1fd-8d423017133a" testId="2e858096-a948-b430-79d0-1a6cc144ff87" testName="Realm.Web.Tests.RuntimeOptionsTests.Detect_AppliesThePrecedence(dataSource: &quot;auto&quot;, token: &quot;tok&quot;, optionsJson: null, expected: Live)" computerName="runnervm8df0l" duration="00:00:00.0000971" startTime="2026-10-01T21:24:00.9483809+00:00" endTime="2026-10-01T21:24:00.9484768+00:00" testType="13cdc9d9-ddb5-4fa4-a97d-d965ccfc6d4b" outcome="Passed" testListId="8c84fa94-04c1-424b-9868-57a2d4851a1d" relativeResultsDirectory="b70554ed-f8ef-44f1-a1fd-8d423017133a" />
    <UnitTestResult executionId="52cb3083-7dee-4c64-85c6-c37a43ce5d05" testId="743910b9-6987-3c46-8dd9-9898bca519d8" testName="Realm.Web.Tests.RuntimeOptionsTests.Detect_AppliesThePrecedence(dataSource: null, token: &quot;tok&quot;, optionsJson: &quot;{ \&quot;demo_mode\&quot;: true }&quot;, expected: Demo)" computerName="runnervm8df0l" duration="00:00:00.0011937" startTime="2026-10-01T21:24:00.9749121+00:00" endTime="2026-10-01T21:24:00.9749877+00:00" testType="13cdc9d9-ddb5-4fa4-a97d-d965ccfc6d4b" outcome="Passed" testListId="8c84fa94-04c1-424b-9868-57a2d4851a1d" relativeResultsDirectory="52cb3083-7dee-4c64-85c6-c37a43ce5d05" />
    <UnitTestResult executionId="c2fa7eac-d3b7-4ca9-bd5a-7f0ba004917b" testId="06261a45-7f10-3815-f9ea-367c8fc2b0cf" testName="Realm.Web.Tests.RuntimeOptionsTests.Detect_AppliesThePrecedence(dataSource: null, token: null, optionsJson: null, expected: Demo)" computerName="runnervm8df0l" duration="00:00:00.0147971" startTime="2026-10-01T21:24:00.8964672+00:00" endTime="2026-10-01T21:24:00.9140978+00:00" testType="13cdc9d9-ddb5-4fa4-a97d-d965ccfc6d4b" outcome="Passed" testListId="8c84fa94-04c1-424b-9868-57a2d4851a1d" relativeResultsDirectory="c2fa7eac-d3b7-4ca9-bd5a-7f0ba004917b" />
    <UnitTestResult executionId="7b13561b-d081-400d-bcc4-9e2e23f219e2" testId="970bd141-fc54-a1c3-408c-8a6218e12b29" testName="Realm.Web.Tests.IngressPathBaseTests.InvalidHeader_IsIgnoredWithOneWarning(header: &quot;/api/&lt;x&quot;)" computerName="runnervm8df0l" duration="00:00:00.0186534" startTime="2026-10-01T21:24:01.8833275+00:00" endTime="2026-10-01T21:24:01.9032642+00:00" testType="13cdc9d9-ddb5-4fa4-a97d-d965ccfc6d4b" outcome="Passed" testListId="8c84fa94-04c1-424b-9868-57a2d4851a1d" relativeResultsDirectory="7b13561b-d081-400d-bcc4-9e2e23f219e2" />
    <UnitTestResult executionId="93b5654d-f2b4-44ed-bcff-eb878f3de926" testId="9b6fdf6c-ff34-7cbe-2a32-35f258aff130" testName="Realm.Web.Tests.IngressPathBaseTests.InvalidHeader_IsIgnoredWithOneWarning(header: &quot;/api/x&gt;&quot;)" computerName="runnervm8df0l" duration="00:00:00.0354473" startTime="2026-10-01T21:24:01.8110062+00:00" endTime="2026-10-01T21:24:01.8454418+00:00" testType="13cdc9d9-ddb5-4fa4-a97d-d965ccfc6d4b" outcome="Passed" testListId="8c84fa94-04c1-424b-9868-57a2d4851a1d" relativeResultsDirectory="93b5654d-f2b4-44ed-bcff-eb878f3de926" />
    <UnitTestResult executionId="087480d9-6235-401e-a284-d3a7804cab1e" testId="262ef556-f8f9-fe07-f9b9-776010c91770" testName="Realm.Web.Tests.TokensCssTests.Get_WithTheCurrentETag_Returns304WithoutABody" computerName="runnervm8df0l" duration="00:00:01.6934293" startTime="2026-10-01T21:23:59.9776856+00:00" endTime="2026-10-01T21:24:01.6803481+00:00" testType="13cdc9d9-ddb5-4fa4-a97d-d965ccfc6d4b" outcome="Passed" testListId="8c84fa94-04c1-424b-9868-57a2d4851a1d" relativeResultsDirectory="087480d9-6235-401e-a284-d3a7804cab1e" />
    <UnitTestResult executionId="4841cb97-1a3c-4991-9d03-174a66b390c0" testId="e946f5b4-7bdd-3d0a-6f6e-b9fa7b7de593" testName="Realm.Web.Tests.ForwardedHeadersTests.WithoutForwardedHeaders_KeepsTheLoopbackOrigin" computerName="runnervm8df0l" duration="00:00:00.0232790" startTime="2026-10-01T21:24:01.6880222+00:00" endTime="2026-10-01T21:24:01.7117764+00:00" testType="13cdc9d9-ddb5-4fa4-a97d-d965ccfc6d4b" outcome="Passed" testListId="8c84fa94-04c1-424b-9868-57a2d4851a1d" relativeResultsDirectory="4841cb97-1a3c-4991-9d03-174a66b390c0" />
    <UnitTestResult executionId="f56fde3a-602c-4e73-b1aa-67398aabe55b" testId="e7f58657-b5be-d6b8-e00d-6ad838079cdf" testName="Realm.Web.Tests.IngressPathBaseTests.EmptyHeader_IsTreatedAsAbsent" computerName="runnervm8df0l" duration="00:00:00.0187282" startTime="2026-10-01T21:24:01.7636286+00:00" endTime="2026-10-01T21:24:01.7834910+00:00" testType="13cdc9d9-ddb5-4fa4-a97d-d965ccfc6d4b" outcome="Passed" testListId="8c84fa94-04c1-424b-9868-57a2d4851a1d" relativeResultsDirectory="f56fde3a-602c-4e73-b1aa-67398aabe55b" />
    <UnitTestResult executionId="5db628c4-f07c-49ad-a8de-e61a5728cd90" testId="d7bd337a-684f-2e04-f07d-b9113335b542" testName="Realm.Web.Tests.RuntimeOptionsTests.Detect_AppliesThePrecedence(dataSource: null, token: &quot;tok&quot;, optionsJson: null, expected: Live)" computerName="runnervm8df0l" duration="00:00:00.0000455" startTime="2026-10-01T21:24:00.9742229+00:00" endTime="2026-10-01T21:24:00.9743365+00:00" testType="13cdc9d9-ddb5-4fa4-a97d-d965ccfc6d4b" outcome="Passed" testListId="8c84fa94-04c1-424b-9868-57a2d4851a1d" relativeResultsDirectory="5db628c4-f07c-49ad-a8de-e61a5728cd90" />
    <UnitTestResult executionId="cac1f3b9-aa20-48f2-802b-f58201f279fd" testId="a5d5162f-f58b-c081-6afa-28d235dd27dd" testName="Realm.Web.Tests.RuntimeOptionsTests.Detect_AppliesThePrecedence(dataSource: null, token: &quot;tok&quot;, optionsJson: &quot;{ not json&quot;, expected: Live)" computerName="runnervm8df0l" duration="00:00:00.0027787" startTime="2026-10-01T21:24:00.9486225+00:00" endTime="2026-10-01T21:24:00.9487005+00:00" testType="13cdc9d9-ddb5-4fa4-a97d-d965ccfc6d4b" outcome="Passed" testListId="8c84fa94-04c1-424b-9868-57a2d4851a1d" relativeResultsDirectory="cac1f3b9-aa20-48f2-802b-f58201f279fd" />
    <UnitTestResult executionId="71a00212-1451-4590-a67f-7706ccfde0d7" testId="27653250-f1f3-8645-a575-4da74a0f6fc2" testName="Realm.Web.Tests.BottomNavTests.AtTheRoot_MarksOnlyLocationAsCurrent" computerName="runnervm8df0l" duration="00:00:00.0039064" startTime="2026-10-01T21:24:02.4354574+00:00" endTime="2026-10-01T21:24:02.4372354+00:00" testType="13cdc9d9-ddb5-4fa4-a97d-d965ccfc6d4b" outcome="Passed" testListId="8c84fa94-04c1-424b-9868-57a2d4851a1d" relativeResultsDirectory="71a00212-1451-4590-a67f-7706ccfde0d7" />
    <UnitTestResult executionId="98c2906d-f163-4f3f-a378-556795afbcf7" testId="d39f8b9e-6ebe-5b83-8321-64cb58695f3a" testName="Realm.Web.Tests.AppBaseHrefTests.ValidHeader_RendersThePrefixWithOneTrailingSlashAsBase(header: &quot;/api/hassio_ingress/AbC-_123&quot;, expectedBase: &quot;/api/hassio_ingress/AbC-_123/&quot;)" computerName="runnervm8df0l" duration="00:00:00.1129230" startTime="2026-10-01T21:24:02.8043495+00:00" endTime="2026-10-01T21:24:02.9178105+00:00" testType="13cdc9d9-ddb5-4fa4-a97d-d965ccfc6d4b" outcome="Passed" testListId="8c84fa94-04c1-424b-9868-57a2d4851a1d" relativeResultsDirectory="98c2906d-f163-4f3f-a378-556795afbcf7" />
    <UnitTestResult executionId="88b113c7-779a-4dcc-959d-c625f008e1e7" testId="9fd5b6e9-a987-629d-7e31-51aedf944b9e" testName="Realm.Web.Tests.RuntimeOptionsTests.Detect_AppliesThePrecedence(dataSource: &quot;ha&quot;, token: null, optionsJson: null, expected: Live)" computerName="runnervm8df0l" duration="00:00:00.0000507" startTime="2026-10-01T21:24:00.9488851+00:00" endTime="2026-10-01T21:24:00.9489715+00:00" testType="13cdc9d9-ddb5-4fa4-a97d-d965ccfc6d4b" outcome="Passed" testListId="8c84fa94-04c1-424b-9868-57a2d4851a1d" relativeResultsDirectory="88b113c7-779a-4dcc-959d-c625f008e1e7" />
    <UnitTestResult executionId="799a0ff7-7c22-40c3-8871-6270c628aa60" testId="5c7ffee2-fd01-7ad6-6140-6a613db564e4" testName="Realm.Web.Tests.AppBaseHrefTests.InvalidHeader_IsIgnoredAndRendersTheRootAsBase(header: &quot;/api/hassio ingress&quot;)" computerName="runnervm8df0l" duration="00:00:00.1225443" startTime="2026-10-01T21:24:02.3014155+00:00" endTime="2026-10-01T21:24:02.4251662+00:00" testType="13cdc9d9-ddb5-4fa4-a97d-d965ccfc6d4b" outcome="Passed" testListId="8c84fa94-04c1-424b-9868-57a2d4851a1d" relativeResultsDirectory="799a0ff7-7c22-40c3-8871-6270c628aa60" />
    <UnitTestResult executionId="54e41e9e-7a56-4080-8871-26f2eac96cfb" testId="cda98e41-f1e9-497b-4811-6f8d6c47586b" testName="Realm.Web.Tests.TokensCssTests.Get_ReturnsTheStylesheetWithNoCacheAndAStrongETag" computerName="runnervm8df0l" duration="00:00:00.0293106" startTime="2026-10-01T21:24:01.6808729+00:00" endTime="2026-10-01T21:24:01.7098864+00:00" testType="13cdc9d9-ddb5-4fa4-a97d-d965ccfc6d4b" outcome="Passed" testListId="8c84fa94-04c1-424b-9868-57a2d4851a1d" relativeResultsDirectory="54e41e9e-7a56-4080-8871-26f2eac96cfb" />
    <UnitTestResult executionId="3d3e9adc-11d2-42a9-be00-ff9b747587a4" testId="6e5d85af-ae8d-3cc7-6bad-065cae8c06c0" testName="Realm.Web.Tests.IngressPathBaseTests.InvalidHeader_IsIgnoredWithOneWarning(header: &quot;/api/hassio ingress&quot;)" computerName="runnervm8df0l" duration="00:00:00.0182340" startTime="2026-10-01T21:24:01.8654017+00:00" endTime="2026-10-01T21:24:01.8831398+00:00" testType="13cdc9d9-ddb5-4fa4-a97d-d965ccfc6d4b" outcome="Passed" testListId="8c84fa94-04c1-424b-9868-57a2d4851a1d" relativeResultsDirectory="3d3e9adc-11d2-42a9-be00-ff9b747587a4" />
    <UnitTestResult executionId="5a2f6983-aaae-4502-be5d-d62bb7c0dab1" testId="278acc98-f69e-69ef-33a2-39f347217fa2" testName="Realm.Web.Tests.IngressPathBaseTests.InvalidHeader_IsIgnoredWithOneWarning(header: &quot;api/hassio_ingress/x&quot;)" computerName="runnervm8df0l" duration="00:00:00.0226585" startTime="2026-10-01T21:24:01.7837495+00:00" endTime="2026-10-01T21:24:01.8108010+00:00" testType="13cdc9d9-ddb5-4fa4-a97d-d965ccfc6d4b" outcome="Passed" testListId="8c84fa94-04c1-424b-9868-57a2d4851a1d" relativeResultsDirectory="5a2f6983-aaae-4502-be5d-d62bb7c0dab1" />
    <UnitTestResult executionId="ccdd8a7b-56f0-4a07-bf5c-926169cdf203" testId="a107963d-45bc-3ddd-cc5c-ddddebfa5ff8" testName="Realm.Web.Tests.BottomNavTests.OnADrivingRoute_MarksOnlyDrivingAsCurrent(uri: &quot;driving/king?week=1&quot;)" computerName="runnervm8df0l" duration="00:00:00.0192894" startTime="2026-10-01T21:24:02.4108577+00:00" endTime="2026-10-01T21:24:02.4162076+00:00" testType="13cdc9d9-ddb5-4fa4-a97d-d965ccfc6d4b" outcome="Passed" testListId="8c84fa94-04c1-424b-9868-57a2d4851a1d" relativeResultsDirectory="ccdd8a7b-56f0-4a07-bf5c-926169cdf203" />
    <UnitTestResult executionId="4a542d2d-dadd-434e-93e2-53edfb60f41b" testId="4f905f80-b73d-e7e1-e8d7-7955104b3914" testName="Realm.Web.Tests.AppBaseHrefTests.InvalidHeader_IsIgnoredAndRendersTheRootAsBase(header: &quot;/api/\&quot;x&quot;)" computerName="runnervm8df0l" duration="00:00:00.4665422" startTime="2026-10-01T21:24:01.7117223+00:00" endTime="2026-10-01T21:24:02.1793740+00:00" testType="13cdc9d9-ddb5-4fa4-a97d-d965ccfc6d4b" outcome="Passed" testListId="8c84fa94-04c1-424b-9868-57a2d4851a1d" relativeResultsDirectory="4a542d2d-dadd-434e-93e2-53edfb60f41b" />
    <UnitTestResult executionId="d4e508f1-c51f-4f4a-a03c-6154429d72d2" testId="cb44c6f4-a924-16f5-f954-fac5689c38d8" testName="Realm.Web.Tests.HealthzTests.Healthz_Returns200InLiveModeWithNoHaReachable" computerName="runnervm8df0l" duration="00:00:00.0268703" startTime="2026-10-01T21:24:01.6805991+00:00" endTime="2026-10-01T21:24:01.7074363+00:00" testType="13cdc9d9-ddb5-4fa4-a97d-d965ccfc6d4b" outcome="Passed" testListId="8c84fa94-04c1-424b-9868-57a2d4851a1d" relativeResultsDirectory="d4e508f1-c51f-4f4a-a03c-6154429d72d2" />
    <UnitTestResult executionId="8d73018e-c4db-4364-b301-881a6cc5db4c" testId="0ea0b356-3dfc-e612-95a3-299975f0b8f8" testName="Realm.Web.Tests.HealthzTests.HealthProbe_ReturnsOneWhenNothingListens" computerName="runnervm8df0l" duration="00:00:00.0069688" startTime="2026-10-01T21:24:01.7076810+00:00" endTime="2026-10-01T21:24:01.7227317+00:00" testType="13cdc9d9-ddb5-4fa4-a97d-d965ccfc6d4b" outcome="Passed" testListId="8c84fa94-04c1-424b-9868-57a2d4851a1d" relativeResultsDirectory="8d73018e-c4db-4364-b301-881a6cc5db4c" />
    <UnitTestResult executionId="a8c1c18a-bcc2-4653-92b8-0ebfcebc41a4" testId="de329687-79c4-68da-95ee-378fcf856eb2" testName="Realm.Web.Tests.RuntimeOptionsTests.Detect_EnablesDetailedErrorsForDemoAndDevelopment(token: &quot;tok&quot;, environmentName: &quot;Development&quot;, expected: True)" computerName="runnervm8df0l" duration="00:00:00.0004018" startTime="2026-10-01T21:24:00.9814795+00:00" endTime="2026-10-01T21:24:00.9815691+00:00" testType="13cdc9d9-ddb5-4fa4-a97d-d965ccfc6d4b" outcome="Passed" testListId="8c84fa94-04c1-424b-9868-57a2d4851a1d" relativeResultsDirectory="a8c1c18a-bcc2-4653-92b8-0ebfcebc41a4" />
    <UnitTestResult executionId="b4ed604b-897d-4adf-97df-07f880a6dee8" testId="0231e8ca-8361-b0ff-7817-1505068165dd" testName="Realm.Web.Tests.RuntimeOptionsTests.Detect_EnablesDetailedErrorsForDemoAndDevelopment(token: null, environmentName: &quot;Production&quot;, expected: True)" computerName="runnervm8df0l" duration="00:00:00.0000427" startTime="2026-10-01T21:24:00.9817569+00:00" endTime="2026-10-01T21:24:00.9818438+00:00" testType="13cdc9d9-ddb5-4fa4-a97d-d965ccfc6d4b" outcome="Passed" testListId="8c84fa94-04c1-424b-9868-57a2d4851a1d" relativeResultsDirectory="b4ed604b-897d-4adf-97df-07f880a6dee8" />
    <UnitTestResult executionId="836f5581-adfd-4557-97ac-18aab212f3fe" testId="75d8bb3b-a0f7-8337-0c52-75d4046f2f5d" testName="Realm.Web.Tests.AppBaseHrefTests.InvalidHeader_IsIgnoredAndRendersTheRootAsBase(header: &quot;/api/&lt;x&quot;)" computerName="runnervm8df0l" duration="00:00:00.1206132" startTime="2026-10-01T21:24:02.1804632+00:00" endTime="2026-10-01T21:24:02.3011998+00:00" testType="13cdc9d9-ddb5-4fa4-a97d-d965ccfc6d4b" outcome="Passed" testListId="8c84fa94-04c1-424b-9868-57a2d4851a1d" relativeResultsDirectory="836f5581-adfd-4557-97ac-18aab212f3fe" />
    <UnitTestResult executionId="f5ceac40-d5e6-43b3-b17c-f91f2e006b31" testId="b2f719d2-e853-90fb-50de-4041dedd8052" testName="Realm.Web.Tests.HealthzTests.Healthz_Returns200" computerName="runnervm8df0l" duration="00:00:00.0230590" startTime="2026-10-01T21:24:01.7229453+00:00" endTime="2026-10-01T21:24:01.7475847+00:00" testType="13cdc9d9-ddb5-4fa4-a97d-d965ccfc6d4b" outcome="Passed" testListId="8c84fa94-04c1-424b-9868-57a2d4851a1d" relativeResultsDirectory="f5ceac40-d5e6-43b3-b17c-f91f2e006b31" />
    <UnitTestResult executionId="55495127-ab5f-4b67-aa96-53e0a94981b5" testId="69bd6f5d-49bb-d00d-95f6-068b1d351b44" testName="Realm.Web.Tests.RuntimeOptionsTests.Detect_AppliesThePrecedence(dataSource: null, token: &quot;tok&quot;, optionsJson: &quot;{ \&quot;demo_mode\&quot;: \&quot;true\&quot; }&quot;, expected: Live)" computerName="runnervm8df0l" duration="00:00:00.0021835" startTime="2026-10-01T21:24:00.9470996+00:00" endTime="2026-10-01T21:24:00.9472887+00:00" testType="13cdc9d9-ddb5-4fa4-a97d-d965ccfc6d4b" outcome="Passed" testListId="8c84fa94-04c1-424b-9868-57a2d4851a1d" relativeResultsDirectory="55495127-ab5f-4b67-aa96-53e0a94981b5" />
    <UnitTestResult executionId="cbd7854d-f587-4f7a-a993-561b65e2411a" testId="be876a28-4e66-89c5-8d1c-570618f1e7a5" testName="Realm.Web.Tests.ForwardedHeadersTests.ProtoAndHostHeaders_AreApplied" computerName="runnervm8df0l" duration="00:00:00.0250435" startTime="2026-10-01T21:24:01.7118990+00:00" endTime="2026-10-01T21:24:01.7377061+00:00" testType="13cdc9d9-ddb5-4fa4-a97d-d965ccfc6d4b" outcome="Passed" testListId="8c84fa94-04c1-424b-9868-57a2d4851a1d" relativeResultsDirectory="cbd7854d-f587-4f7a-a993-561b65e2411a" />
    <UnitTestResult executionId="f01801e3-0cbe-4e4f-991c-299e5792b4b6" testId="33e6e485-e51a-3635-7672-f2674b1922de" testName="Realm.Web.Tests.BottomNavTests.OnADrivingRoute_MarksOnlyDrivingAsCurrent(uri: &quot;driving&quot;)" computerName="runnervm8df0l" duration="00:00:00.0042445" startTime="2026-10-01T21:24:02.3925569+00:00" endTime="2026-10-01T21:24:02.4106327+00:00" testType="13cdc9d9-ddb5-4fa4-a97d-d965ccfc6d4b" outcome="Passed" testListId="8c84fa94-04c1-424b-9868-57a2d4851a1d" relativeResultsDirectory="f01801e3-0cbe-4e4f-991c-299e5792b4b6" />
    <UnitTestResult executionId="5af821a3-06d1-4e73-aacf-7400b3425a5e" testId="c4bb81ef-e028-f63b-8f1a-f1dd55f3bc2c" testName="Realm.Web.Tests.IngressPathBaseTests.AbsentHeader_LeavesPathBaseEmptyWithoutWarning" computerName="runnervm8df0l" duration="00:00:00.0325038" startTime="2026-10-01T21:24:01.9424903+00:00" endTime="2026-10-01T21:24:01.9737225+00:00" testType="13cdc9d9-ddb5-4fa4-a97d-d965ccfc6d4b" outcome="Passed" testListId="8c84fa94-04c1-424b-9868-57a2d4851a1d" relativeResultsDirectory="5af821a3-06d1-4e73-aacf-7400b3425a5e" />
    <UnitTestResult executionId="7cc5ee78-4c7c-46f3-b778-8d7e33b6bd4a" testId="8e79516a-3ea2-22c6-e71f-b8401cedc04e" testName="Realm.Web.Tests.BottomNavTests.Renders_TwoRelativeLinks_NamedLocationAndDriving" computerName="runnervm8df0l" duration="00:00:00.6067853" startTime="2026-10-01T21:24:01.7485645+00:00" endTime="2026-10-01T21:24:02.3639905+00:00" testType="13cdc9d9-ddb5-4fa4-a97d-d965ccfc6d4b" outcome="Passed" testListId="8c84fa94-04c1-424b-9868-57a2d4851a1d" relativeResultsDirectory="7cc5ee78-4c7c-46f3-b778-8d7e33b6bd4a" />
    <UnitTestResult executionId="1da4c347-52b3-491f-9894-e22301e1220a" testId="ccc50f05-0069-cc3d-6e59-fa649d4b6c97" testName="Realm.Web.Tests.AppBaseHrefTests.InvalidHeader_IsIgnoredAndRendersTheRootAsBase(header: &quot;api/hassio_ingress/x&quot;)" computerName="runnervm8df0l" duration="00:00:00.1049351" startTime="2026-10-01T21:24:02.4261533+00:00" endTime="2026-10-01T21:24:02.5302162+00:00" testType="13cdc9d9-ddb5-4fa4-a97d-d965ccfc6d4b" outcome="Passed" testListId="8c84fa94-04c1-424b-9868-57a2d4851a1d" relativeResultsDirectory="1da4c347-52b3-491f-9894-e22301e1220a" />
    <UnitTestResult executionId="f7f8c274-dea9-4f12-ae5e-773ed6070c09" testId="529de808-6fb9-22d0-4eae-7803fbf0acd8" testName="Realm.Web.Tests.BottomNavTests.OnADrivingRoute_MarksOnlyDrivingAsCurrent(uri: &quot;driving?week=2&quot;)" computerName="runnervm8df0l" duration="00:00:00.0225037" startTime="2026-10-01T21:24:02.3642867+00:00" endTime="2026-10-01T21:24:02.3862965+00:00" testType="13cdc9d9-ddb5-4fa4-a97d-d965ccfc6d4b" outcome="Passed" testListId="8c84fa94-04c1-424b-9868-57a2d4851a1d" relativeResultsDirectory="f7f8c274-dea9-4f12-ae5e-773ed6070c09" />
    <UnitTestResult executionId="e9b9298a-efbe-42ca-b6a0-ebc1e6fea86d" testId="33693ed0-789d-ff35-9021-6fbe7d188d3f" testName="Realm.Web.Tests.IngressPathBaseTests.ValidHeader_SetsPathBaseWithoutTrailingSlashAndLeavesPathAlone(header: &quot;/api/hassio_ingress/AbC-_123&quot;, expectedPathBase: &quot;/api/hassio_ingress/AbC-_123&quot;)" computerName="runnervm8df0l" duration="00:00:00.0187896" startTime="2026-10-01T21:24:01.7168026+00:00" endTime="2026-10-01T21:24:01.7361858+00:00" testType="13cdc9d9-ddb5-4fa4-a97d-d965ccfc6d4b" outcome="Passed" testListId="8c84fa94-04c1-424b-9868-57a2d4851a1d" relativeResultsDirectory="e9b9298a-efbe-42ca-b6a0-ebc1e6fea86d" />
    <UnitTestResult executionId="a1b6930a-6b57-4563-81f0-23c152b7a12a" testId="0be182f3-0b73-d042-580a-464af79ca34f" testName="Realm.Web.Tests.ForwardedHeadersTests.Registration_ClearsKnownProxiesAndNetworks" computerName="runnervm8df0l" duration="00:00:00.0178093" startTime="2026-10-01T21:24:01.7379103+00:00" endTime="2026-10-01T21:24:01.7568014+00:00" testType="13cdc9d9-ddb5-4fa4-a97d-d965ccfc6d4b" outcome="Passed" testListId="8c84fa94-04c1-424b-9868-57a2d4851a1d" relativeResultsDirectory="a1b6930a-6b57-4563-81f0-23c152b7a12a" />
    <UnitTestResult executionId="55707191-6d9c-43dd-bc6c-be0faea1499e" testId="9901b5f3-fb34-36be-ca89-0c6c6fe57563" testName="Realm.Web.Tests.RuntimeOptionsTests.Detect_AppliesThePrecedence(dataSource: null, token: &quot;tok&quot;, optionsJson: &quot;{ \&quot;demo_mode\&quot;: false }&quot;, expected: Live)" computerName="runnervm8df0l" duration="00:00:00.0003254" startTime="2026-10-01T21:24:00.9746541+00:00" endTime="2026-10-01T21:24:00.9747610+00:00" testType="13cdc9d9-ddb5-4fa4-a97d-d965ccfc6d4b" outcome="Passed" testListId="8c84fa94-04c1-424b-9868-57a2d4851a1d" relativeResultsDirectory="55707191-6d9c-43dd-bc6c-be0faea1499e" />
    <UnitTestResult executionId="b3511e4f-8220-4195-816a-fa5f64267edf" testId="c1676977-3f4d-0e82-8d44-8b6e4e9c1c8e" testName="Realm.Web.Tests.RuntimeOptionsTests.Detect_AppliesThePrecedence(dataSource: &quot;DEMO&quot;, token: &quot;tok&quot;, optionsJson: null, expected: Demo)" computerName="runnervm8df0l" duration="00:00:00.0000429" startTime="2026-10-01T21:24:00.9573269+00:00" endTime="2026-10-01T21:24:00.9574216+00:00" testType="13cdc9d9-ddb5-4fa4-a97d-d965ccfc6d4b" outcome="Passed" testListId="8c84fa94-04c1-424b-9868-57a2d4851a1d" relativeResultsDirectory="b3511e4f-8220-4195-816a-fa5f64267edf" />
  </Results>
  <TestDefinitions>
    <UnitTest name="Realm.Web.Tests.RuntimeOptionsTests.Detect_AcceptsTheDevelopmentTokenKey" storage="/home/runner/work/ha360/ha360/tests/realm.web.tests/bin/release/net10.0/realm.web.tests.dll" id="3e7c9004-b36a-f2f9-61b0-ee47edf35c60">
      <Execution id="eaea3c4c-01d5-4ab7-9ff4-96bc615579cd" />
      <TestMethod codeBase="/home/runner/work/HA360/HA360/tests/Realm.Web.Tests/bin/Release/net10.0/Realm.Web.Tests.dll" adapterTypeName="executor://xunit/VsTestRunner3/netcore/" className="Realm.Web.Tests.RuntimeOptionsTests" name="Detect_AcceptsTheDevelopmentTokenKey" />
    </UnitTest>
    <UnitTest name="Realm.Web.Tests.ErrorPlainTests.UnhandledException_ReturnsA500WithTheGenericTextOnly" storage="/home/runner/work/ha360/ha360/tests/realm.web.tests/bin/release/net10.0/realm.web.tests.dll" id="c3c300f8-1fb7-b791-c633-a8b83290b08e">
      <Execution id="16733894-dda5-4b55-a615-7836bd15f85c" />
      <TestMethod codeBase="/home/runner/work/HA360/HA360/tests/Realm.Web.Tests/bin/Release/net10.0/Realm.Web.Tests.dll" adapterTypeName="executor://xunit/VsTestRunner3/netcore/" className="Realm.Web.Tests.ErrorPlainTests" name="UnhandledException_ReturnsA500WithTheGenericTextOnly" />
    </UnitTest>
    <UnitTest name="Realm.Web.Tests.RuntimeOptionsTests.Detect_AppliesThePrecedence(dataSource: null, token: &quot;tok&quot;, optionsJson: &quot;{ \&quot;demo_mode\&quot;: true }&quot;, expected: Demo)" storage="/home/runner/work/ha360/ha360/tests/realm.web.tests/bin/release/net10.0/realm.web.tests.dll" id="743910b9-6987-3c46-8dd9-9898bca519d8">
      <Execution id="52cb3083-7dee-4c64-85c6-c37a43ce5d05" />
      <TestMethod codeBase="/home/runner/work/HA360/HA360/tests/Realm.Web.Tests/bin/Release/net10.0/Realm.Web.Tests.dll" adapterTypeName="executor://xunit/VsTestRunner3/netcore/" className="Realm.Web.Tests.RuntimeOptionsTests" name="Detect_AppliesThePrecedence" />
    </UnitTest>
    <UnitTest name="Realm.Web.Tests.HealthzTests.HealthProbe_ReturnsOneWhenNothingListens" storage="/home/runner/work/ha360/ha360/tests/realm.web.tests/bin/release/net10.0/realm.web.tests.dll" id="0ea0b356-3dfc-e612-95a3-299975f0b8f8">
      <Execution id="8d73018e-c4db-4364-b301-881a6cc5db4c" />
      <TestMethod codeBase="/home/runner/work/HA360/HA360/tests/Realm.Web.Tests/bin/Release/net10.0/Realm.Web.Tests.dll" adapterTypeName="executor://xunit/VsTestRunner3/netcore/" className="Realm.Web.Tests.HealthzTests" name="HealthProbe_ReturnsOneWhenNothingListens" />
    </UnitTest>
    <UnitTest name="Realm.Web.Tests.BottomNavTests.OnADrivingRoute_MarksOnlyDrivingAsCurrent(uri: &quot;driving/king&quot;)" storage="/home/runner/work/ha360/ha360/tests/realm.web.tests/bin/release/net10.0/realm.web.tests.dll" id="ee677be5-b993-79dc-c484-ae6b64b17961">
      <Execution id="14fab720-87df-425f-9b3d-53238f77bbec" />
      <TestMethod codeBase="/home/runner/work/HA360/HA360/tests/Realm.Web.Tests/bin/Release/net10.0/Realm.Web.Tests.dll" adapterTypeName="executor://xunit/VsTestRunner3/netcore/" className="Realm.Web.Tests.BottomNavTests" name="OnADrivingRoute_MarksOnlyDrivingAsCurrent" />
    </UnitTest>
    <UnitTest name="Realm.Web.Tests.AppBaseHrefTests.InvalidHeader_IsIgnoredAndRendersTheRootAsBase(header: &quot;/api/\&quot;x&quot;)" storage="/home/runner/work/ha360/ha360/tests/realm.web.tests/bin/release/net10.0/realm.web.tests.dll" id="4f905f80-b73d-e7e1-e8d7-7955104b3914">
      <Execution id="4a542d2d-dadd-434e-93e2-53edfb60f41b" />
      <TestMethod codeBase="/home/runner/work/HA360/HA360/tests/Realm.Web.Tests/bin/Release/net10.0/Realm.Web.Tests.dll" adapterTypeName="executor://xunit/VsTestRunner3/netcore/" className="Realm.Web.Tests.AppBaseHrefTests" name="InvalidHeader_IsIgnoredAndRendersTheRootAsBase" />
    </UnitTest>
    <UnitTest name="Realm.Web.Tests.ForwardedHeadersTests.WithoutForwardedHeaders_KeepsTheLoopbackOrigin" storage="/home/runner/work/ha360/ha360/tests/realm.web.tests/bin/release/net10.0/realm.web.tests.dll" id="e946f5b4-7bdd-3d0a-6f6e-b9fa7b7de593">
      <Execution id="4841cb97-1a3c-4991-9d03-174a66b390c0" />
      <TestMethod codeBase="/home/runner/work/HA360/HA360/tests/Realm.Web.Tests/bin/Release/net10.0/Realm.Web.Tests.dll" adapterTypeName="executor://xunit/VsTestRunner3/netcore/" className="Realm.Web.Tests.ForwardedHeadersTests" name="WithoutForwardedHeaders_KeepsTheLoopbackOrigin" />
    </UnitTest>
    <UnitTest name="Realm.Web.Tests.IngressPathBaseTests.InvalidHeader_IsIgnoredWithOneWarning(header: &quot;/api/hassio ingress&quot;)" storage="/home/runner/work/ha360/ha360/tests/realm.web.tests/bin/release/net10.0/realm.web.tests.dll" id="6e5d85af-ae8d-3cc7-6bad-065cae8c06c0">
      <Execution id="3d3e9adc-11d2-42a9-be00-ff9b747587a4" />
      <TestMethod codeBase="/home/runner/work/HA360/HA360/tests/Realm.Web.Tests/bin/Release/net10.0/Realm.Web.Tests.dll" adapterTypeName="executor://xunit/VsTestRunner3/netcore/" className="Realm.Web.Tests.IngressPathBaseTests" name="InvalidHeader_IsIgnoredWithOneWarning" />
    </UnitTest>
    <UnitTest name="Realm.Web.Tests.RuntimeOptionsTests.Detect_EnablesDetailedErrorsForDemoAndDevelopment(token: &quot;tok&quot;, environmentName: &quot;Production&quot;, expected: False)" storage="/home/runner/work/ha360/ha360/tests/realm.web.tests/bin/release/net10.0/realm.web.tests.dll" id="34c30903-2878-86c8-5d5b-d5749a79e437">
      <Execution id="4e8e38c3-3003-47af-822e-c4e0ada5d11c" />
      <TestMethod codeBase="/home/runner/work/HA360/HA360/tests/Realm.Web.Tests/bin/Release/net10.0/Realm.Web.Tests.dll" adapterTypeName="executor://xunit/VsTestRunner3/netcore/" className="Realm.Web.Tests.RuntimeOptionsTests" name="Detect_EnablesDetailedErrorsForDemoAndDevelopment" />
    </UnitTest>
    <UnitTest name="Realm.Web.Tests.AppBaseHrefTests.ValidHeader_RendersThePrefixWithOneTrailingSlashAsBase(header: &quot;/api/hassio_ingress/AbC-_123/&quot;, expectedBase: &quot;/api/hassio_ingress/AbC-_123/&quot;)" storage="/home/runner/work/ha360/ha360/tests/realm.web.tests/bin/release/net10.0/realm.web.tests.dll" id="c9327f7e-f430-d48c-6db1-e0dde1012b36">
      <Execution id="21eeabd0-ec56-4043-b2ad-2cab5d9890a5" />
      <TestMethod codeBase="/home/runner/work/HA360/HA360/tests/Realm.Web.Tests/bin/Release/net10.0/Realm.Web.Tests.dll" adapterTypeName="executor://xunit/VsTestRunner3/netcore/" className="Realm.Web.Tests.AppBaseHrefTests" name="ValidHeader_RendersThePrefixWithOneTrailingSlashAsBase" />
    </UnitTest>
    <UnitTest name="Realm.Web.Tests.IngressPathBaseTests.AbsentHeader_LeavesPathBaseEmptyWithoutWarning" storage="/home/runner/work/ha360/ha360/tests/realm.web.tests/bin/release/net10.0/realm.web.tests.dll" id="c4bb81ef-e028-f63b-8f1a-f1dd55f3bc2c">
      <Execution id="5af821a3-06d1-4e73-aacf-7400b3425a5e" />
      <TestMethod codeBase="/home/runner/work/HA360/HA360/tests/Realm.Web.Tests/bin/Release/net10.0/Realm.Web.Tests.dll" adapterTypeName="executor://xunit/VsTestRunner3/netcore/" className="Realm.Web.Tests.IngressPathBaseTests" name="AbsentHeader_LeavesPathBaseEmptyWithoutWarning" />
    </UnitTest>
    <UnitTest name="Realm.Web.Tests.IngressPathBaseTests.ValidHeader_SetsPathBaseWithoutTrailingSlashAndLeavesPathAlone(header: &quot;/api/hassio_ingress/AbC-_123&quot;, expectedPathBase: &quot;/api/hassio_ingress/AbC-_123&quot;)" storage="/home/runner/work/ha360/ha360/tests/realm.web.tests/bin/release/net10.0/realm.web.tests.dll" id="33693ed0-789d-ff35-9021-6fbe7d188d3f">
      <Execution id="e9b9298a-efbe-42ca-b6a0-ebc1e6fea86d" />
      <TestMethod codeBase="/home/runner/work/HA360/HA360/tests/Realm.Web.Tests/bin/Release/net10.0/Realm.Web.Tests.dll" adapterTypeName="executor://xunit/VsTestRunner3/netcore/" className="Realm.Web.Tests.IngressPathBaseTests" name="ValidHeader_SetsPathBaseWithoutTrailingSlashAndLeavesPathAlone" />
    </UnitTest>
    <UnitTest name="Realm.Web.Tests.BottomNavTests.NavigatingBackToTheRoot_MovesTheMarkBackToLocation" storage="/home/runner/work/ha360/ha360/tests/realm.web.tests/bin/release/net10.0/realm.web.tests.dll" id="81524283-cc89-7aad-9a90-4039c60cb15a">
      <Execution id="8c5343f2-7362-41cf-80d6-98ccbf5455cb" />
      <TestMethod codeBase="/home/runner/work/HA360/HA360/tests/Realm.Web.Tests/bin/Release/net10.0/Realm.Web.Tests.dll" adapterTypeName="executor://xunit/VsTestRunner3/netcore/" className="Realm.Web.Tests.BottomNavTests" name="NavigatingBackToTheRoot_MovesTheMarkBackToLocation" />
    </UnitTest>
    <UnitTest name="Realm.Web.Tests.RuntimeOptionsTests.Detect_AppliesThePrecedence(dataSource: &quot;DEMO&quot;, token: &quot;tok&quot;, optionsJson: null, expected: Demo)" storage="/home/runner/work/ha360/ha360/tests/realm.web.tests/bin/release/net10.0/realm.web.tests.dll" id="c1676977-3f4d-0e82-8d44-8b6e4e9c1c8e">
      <Execution id="b3511e4f-8220-4195-816a-fa5f64267edf" />
      <TestMethod codeBase="/home/runner/work/HA360/HA360/tests/Realm.Web.Tests/bin/Release/net10.0/Realm.Web.Tests.dll" adapterTypeName="executor://xunit/VsTestRunner3/netcore/" className="Realm.Web.Tests.RuntimeOptionsTests" name="Detect_AppliesThePrecedence" />
    </UnitTest>
    <UnitTest name="Realm.Web.Tests.IngressPathBaseTests.InvalidHeader_IsIgnoredWithOneWarning(header: &quot;/api/\&quot;x&quot;)" storage="/home/runner/work/ha360/ha360/tests/realm.web.tests/bin/release/net10.0/realm.web.tests.dll" id="a97f3df4-7b45-75fa-7a08-7a3a7b1e01f3">
      <Execution id="30645c4c-657b-4093-a62a-43f543202e46" />
      <TestMethod codeBase="/home/runner/work/HA360/HA360/tests/Realm.Web.Tests/bin/Release/net10.0/Realm.Web.Tests.dll" adapterTypeName="executor://xunit/VsTestRunner3/netcore/" className="Realm.Web.Tests.IngressPathBaseTests" name="InvalidHeader_IsIgnoredWithOneWarning" />
    </UnitTest>
    <UnitTest name="Realm.Web.Tests.TokensCssTests.Css_DeclaresThePaletteAsRealmTokensOnRoot" storage="/home/runner/work/ha360/ha360/tests/realm.web.tests/bin/release/net10.0/realm.web.tests.dll" id="45ba146c-d780-2af0-1e42-850bb47db41e">
      <Execution id="760f1168-e551-46f2-bd89-c3ddfe012a9d" />
      <TestMethod codeBase="/home/runner/work/HA360/HA360/tests/Realm.Web.Tests/bin/Release/net10.0/Realm.Web.Tests.dll" adapterTypeName="executor://xunit/VsTestRunner3/netcore/" className="Realm.Web.Tests.TokensCssTests" name="Css_DeclaresThePaletteAsRealmTokensOnRoot" />
    </UnitTest>
    <UnitTest name="Realm.Web.Tests.TokensCssTests.Get_WithTheCurrentETag_Returns304WithoutABody" storage="/home/runner/work/ha360/ha360/tests/realm.web.tests/bin/release/net10.0/realm.web.tests.dll" id="262ef556-f8f9-fe07-f9b9-776010c91770">
      <Execution id="087480d9-6235-401e-a284-d3a7804cab1e" />
      <TestMethod codeBase="/home/runner/work/HA360/HA360/tests/Realm.Web.Tests/bin/Release/net10.0/Realm.Web.Tests.dll" adapterTypeName="executor://xunit/VsTestRunner3/netcore/" className="Realm.Web.Tests.TokensCssTests" name="Get_WithTheCurrentETag_Returns304WithoutABody" />
    </UnitTest>
    <UnitTest name="Realm.Web.Tests.RuntimeOptionsTests.Detect_EnablesDetailedErrorsForDemoAndDevelopment(token: &quot;tok&quot;, environmentName: &quot;Development&quot;, expected: True)" storage="/home/runner/work/ha360/ha360/tests/realm.web.tests/bin/release/net10.0/realm.web.tests.dll" id="de329687-79c4-68da-95ee-378fcf856eb2">
      <Execution id="a8c1c18a-bcc2-4653-92b8-0ebfcebc41a4" />
      <TestMethod codeBase="/home/runner/work/HA360/HA360/tests/Realm.Web.Tests/bin/Release/net10.0/Realm.Web.Tests.dll" adapterTypeName="executor://xunit/VsTestRunner3/netcore/" className="Realm.Web.Tests.RuntimeOptionsTests" name="Detect_EnablesDetailedErrorsForDemoAndDevelopment" />
    </UnitTest>
    <UnitTest name="Realm.Web.Tests.AppBaseHrefTests.InvalidHeader_IsIgnoredAndRendersTheRootAsBase(header: &quot;/api/&lt;x&quot;)" storage="/home/runner/work/ha360/ha360/tests/realm.web.tests/bin/release/net10.0/realm.web.tests.dll" id="75d8bb3b-a0f7-8337-0c52-75d4046f2f5d">
      <Execution id="836f5581-adfd-4557-97ac-18aab212f3fe" />
      <TestMethod codeBase="/home/runner/work/HA360/HA360/tests/Realm.Web.Tests/bin/Release/net10.0/Realm.Web.Tests.dll" adapterTypeName="executor://xunit/VsTestRunner3/netcore/" className="Realm.Web.Tests.AppBaseHrefTests" name="InvalidHeader_IsIgnoredAndRendersTheRootAsBase" />
    </UnitTest>
    <UnitTest name="Realm.Web.Tests.ForwardedHeadersTests.ProtoAndHostHeaders_AreApplied" storage="/home/runner/work/ha360/ha360/tests/realm.web.tests/bin/release/net10.0/realm.web.tests.dll" id="be876a28-4e66-89c5-8d1c-570618f1e7a5">
      <Execution id="cbd7854d-f587-4f7a-a993-561b65e2411a" />
      <TestMethod codeBase="/home/runner/work/HA360/HA360/tests/Realm.Web.Tests/bin/Release/net10.0/Realm.Web.Tests.dll" adapterTypeName="executor://xunit/VsTestRunner3/netcore/" className="Realm.Web.Tests.ForwardedHeadersTests" name="ProtoAndHostHeaders_AreApplied" />
    </UnitTest>
    <UnitTest name="Realm.Web.Tests.HealthzTests.Healthz_Returns200" storage="/home/runner/work/ha360/ha360/tests/realm.web.tests/bin/release/net10.0/realm.web.tests.dll" id="b2f719d2-e853-90fb-50de-4041dedd8052">
      <Execution id="f5ceac40-d5e6-43b3-b17c-f91f2e006b31" />
      <TestMethod codeBase="/home/runner/work/HA360/HA360/tests/Realm.Web.Tests/bin/Release/net10.0/Realm.Web.Tests.dll" adapterTypeName="executor://xunit/VsTestRunner3/netcore/" className="Realm.Web.Tests.HealthzTests" name="Healthz_Returns200" />
    </UnitTest>
    <UnitTest name="Realm.Web.Tests.IngressPathBaseTests.ValidHeader_SetsPathBaseWithoutTrailingSlashAndLeavesPathAlone(header: &quot;/api/hassio_ingress/AbC-_123/&quot;, expectedPathBase: &quot;/api/hassio_ingress/AbC-_123&quot;)" storage="/home/runner/work/ha360/ha360/tests/realm.web.tests/bin/release/net10.0/realm.web.tests.dll" id="f430cf33-c1e2-ce60-fdd5-b4567d5b6ae4">
      <Execution id="e2804831-f429-42a1-abba-d86abe95389d" />
      <TestMethod codeBase="/home/runner/work/HA360/HA360/tests/Realm.Web.Tests/bin/Release/net10.0/Realm.Web.Tests.dll" adapterTypeName="executor://xunit/VsTestRunner3/netcore/" className="Realm.Web.Tests.IngressPathBaseTests" name="ValidHeader_SetsPathBaseWithoutTrailingSlashAndLeavesPathAlone" />
    </UnitTest>
    <UnitTest name="Realm.Web.Tests.IngressPathBaseTests.EmptyHeader_IsTreatedAsAbsent" storage="/home/runner/work/ha360/ha360/tests/realm.web.tests/bin/release/net10.0/realm.web.tests.dll" id="e7f58657-b5be-d6b8-e00d-6ad838079cdf">
      <Execution id="f56fde3a-602c-4e73-b1aa-67398aabe55b" />
      <TestMethod codeBase="/home/runner/work/HA360/HA360/tests/Realm.Web.Tests/bin/Release/net10.0/Realm.Web.Tests.dll" adapterTypeName="executor://xunit/VsTestRunner3/netcore/" className="Realm.Web.Tests.IngressPathBaseTests" name="EmptyHeader_IsTreatedAsAbsent" />
    </UnitTest>
    <UnitTest name="Realm.Web.Tests.AppBaseHrefTests.InvalidHeader_IsIgnoredAndRendersTheRootAsBase(header: &quot;/api/hassio ingress&quot;)" storage="/home/runner/work/ha360/ha360/tests/realm.web.tests/bin/release/net10.0/realm.web.tests.dll" id="5c7ffee2-fd01-7ad6-6140-6a613db564e4">
      <Execution id="799a0ff7-7c22-40c3-8871-6270c628aa60" />
      <TestMethod codeBase="/home/runner/work/HA360/HA360/tests/Realm.Web.Tests/bin/Release/net10.0/Realm.Web.Tests.dll" adapterTypeName="executor://xunit/VsTestRunner3/netcore/" className="Realm.Web.Tests.AppBaseHrefTests" name="InvalidHeader_IsIgnoredAndRendersTheRootAsBase" />
    </UnitTest>
    <UnitTest name="Realm.Web.Tests.RuntimeOptionsTests.Detect_AppliesThePrecedence(dataSource: null, token: &quot;tok&quot;, optionsJson: &quot;{ not json&quot;, expected: Live)" storage="/home/runner/work/ha360/ha360/tests/realm.web.tests/bin/release/net10.0/realm.web.tests.dll" id="a5d5162f-f58b-c081-6afa-28d235dd27dd">
      <Execution id="cac1f3b9-aa20-48f2-802b-f58201f279fd" />
      <TestMethod codeBase="/home/runner/work/HA360/HA360/tests/Realm.Web.Tests/bin/Release/net10.0/Realm.Web.Tests.dll" adapterTypeName="executor://xunit/VsTestRunner3/netcore/" className="Realm.Web.Tests.RuntimeOptionsTests" name="Detect_AppliesThePrecedence" />
    </UnitTest>
    <UnitTest name="Realm.Web.Tests.BottomNavTests.OnADrivingRoute_MarksOnlyDrivingAsCurrent(uri: &quot;driving/king?week=1&quot;)" storage="/home/runner/work/ha360/ha360/tests/realm.web.tests/bin/release/net10.0/realm.web.tests.dll" id="a107963d-45bc-3ddd-cc5c-ddddebfa5ff8">
      <Execution id="ccdd8a7b-56f0-4a07-bf5c-926169cdf203" />
      <TestMethod codeBase="/home/runner/work/HA360/HA360/tests/Realm.Web.Tests/bin/Release/net10.0/Realm.Web.Tests.dll" adapterTypeName="executor://xunit/VsTestRunner3/netcore/" className="Realm.Web.Tests.BottomNavTests" name="OnADrivingRoute_MarksOnlyDrivingAsCurrent" />
    </UnitTest>
    <UnitTest name="Realm.Web.Tests.RuntimeOptionsTests.Detect_AppliesThePrecedence(dataSource: null, token: &quot;tok&quot;, optionsJson: &quot;[]&quot;, expected: Live)" storage="/home/runner/work/ha360/ha360/tests/realm.web.tests/bin/release/net10.0/realm.web.tests.dll" id="a6428923-2b10-1ef1-3cf8-f3d59e9835ed">
      <Execution id="989fa7ab-1555-4e38-98a2-ed2e6b4d61bd" />
      <TestMethod codeBase="/home/runner/work/HA360/HA360/tests/Realm.Web.Tests/bin/Release/net10.0/Realm.Web.Tests.dll" adapterTypeName="executor://xunit/VsTestRunner3/netcore/" className="Realm.Web.Tests.RuntimeOptionsTests" name="Detect_AppliesThePrecedence" />
    </UnitTest>
    <UnitTest name="Realm.Web.Tests.HealthzTests.HealthProbe_ReturnsZeroWhenHealthzAnswers" storage="/home/runner/work/ha360/ha360/tests/realm.web.tests/bin/release/net10.0/realm.web.tests.dll" id="f0ce7296-12c5-259d-102c-3364e89d4b1c">
      <Execution id="de4e0245-2daf-42e4-b1e0-e2334c055cc5" />
      <TestMethod codeBase="/home/runner/work/HA360/HA360/tests/Realm.Web.Tests/bin/Release/net10.0/Realm.Web.Tests.dll" adapterTypeName="executor://xunit/VsTestRunner3/netcore/" className="Realm.Web.Tests.HealthzTests" name="HealthProbe_ReturnsZeroWhenHealthzAnswers" />
    </UnitTest>
    <UnitTest name="Realm.Web.Tests.IngressPathBaseTests.InvalidHeader_IsIgnoredWithOneWarning(header: &quot;/api/&lt;x&quot;)" storage="/home/runner/work/ha360/ha360/tests/realm.web.tests/bin/release/net10.0/realm.web.tests.dll" id="970bd141-fc54-a1c3-408c-8a6218e12b29">
      <Execution id="7b13561b-d081-400d-bcc4-9e2e23f219e2" />
      <TestMethod codeBase="/home/runner/work/HA360/HA360/tests/Realm.Web.Tests/bin/Release/net10.0/Realm.Web.Tests.dll" adapterTypeName="executor://xunit/VsTestRunner3/netcore/" className="Realm.Web.Tests.IngressPathBaseTests" name="InvalidHeader_IsIgnoredWithOneWarning" />
    </UnitTest>
    <UnitTest name="Realm.Web.Tests.AppBaseHrefTests.ValidHeader_RendersThePrefixWithOneTrailingSlashAsBase(header: &quot;/x&quot;, expectedBase: &quot;/x/&quot;)" storage="/home/runner/work/ha360/ha360/tests/realm.web.tests/bin/release/net10.0/realm.web.tests.dll" id="13585078-f90a-a352-0200-6d57460c025b">
      <Execution id="63d647df-7949-47ba-a4fe-788c8359b201" />
      <TestMethod codeBase="/home/runner/work/HA360/HA360/tests/Realm.Web.Tests/bin/Release/net10.0/Realm.Web.Tests.dll" adapterTypeName="executor://xunit/VsTestRunner3/netcore/" className="Realm.Web.Tests.AppBaseHrefTests" name="ValidHeader_RendersThePrefixWithOneTrailingSlashAsBase" />
    </UnitTest>
    <UnitTest name="Realm.Web.Tests.BottomNavTests.AtTheRoot_MarksOnlyLocationAsCurrent" storage="/home/runner/work/ha360/ha360/tests/realm.web.tests/bin/release/net10.0/realm.web.tests.dll" id="27653250-f1f3-8645-a575-4da74a0f6fc2">
      <Execution id="71a00212-1451-4590-a67f-7706ccfde0d7" />
      <TestMethod codeBase="/home/runner/work/HA360/HA360/tests/Realm.Web.Tests/bin/Release/net10.0/Realm.Web.Tests.dll" adapterTypeName="executor://xunit/VsTestRunner3/netcore/" className="Realm.Web.Tests.BottomNavTests" name="AtTheRoot_MarksOnlyLocationAsCurrent" />
    </UnitTest>
    <UnitTest name="Realm.Web.Tests.IngressPathBaseTests.InvalidHeader_IsIgnoredWithOneWarning(header: &quot;/api/x&gt;&quot;)" storage="/home/runner/work/ha360/ha360/tests/realm.web.tests/bin/release/net10.0/realm.web.tests.dll" id="9b6fdf6c-ff34-7cbe-2a32-35f258aff130">
      <Execution id="93b5654d-f2b4-44ed-bcff-eb878f3de926" />
      <TestMethod codeBase="/home/runner/work/HA360/HA360/tests/Realm.Web.Tests/bin/Release/net10.0/Realm.Web.Tests.dll" adapterTypeName="executor://xunit/VsTestRunner3/netcore/" className="Realm.Web.Tests.IngressPathBaseTests" name="InvalidHeader_IsIgnoredWithOneWarning" />
    </UnitTest>
    <UnitTest name="Realm.Web.Tests.RuntimeOptionsTests.Detect_AppliesThePrecedence(dataSource: null, token: &quot;tok&quot;, optionsJson: &quot;{ \&quot;demo_mode\&quot;: false }&quot;, expected: Live)" storage="/home/runner/work/ha360/ha360/tests/realm.web.tests/bin/release/net10.0/realm.web.tests.dll" id="9901b5f3-fb34-36be-ca89-0c6c6fe57563">
      <Execution id="55707191-6d9c-43dd-bc6c-be0faea1499e" />
      <TestMethod codeBase="/home/runner/work/HA360/HA360/tests/Realm.Web.Tests/bin/Release/net10.0/Realm.Web.Tests.dll" adapterTypeName="executor://xunit/VsTestRunner3/netcore/" className="Realm.Web.Tests.RuntimeOptionsTests" name="Detect_AppliesThePrecedence" />
    </UnitTest>
    <UnitTest name="Realm.Web.Tests.RuntimeOptionsTests.Detect_EnablesDetailedErrorsForDemoAndDevelopment(token: null, environmentName: &quot;Production&quot;, expected: True)" storage="/home/runner/work/ha360/ha360/tests/realm.web.tests/bin/release/net10.0/realm.web.tests.dll" id="0231e8ca-8361-b0ff-7817-1505068165dd">
      <Execution id="b4ed604b-897d-4adf-97df-07f880a6dee8" />
      <TestMethod codeBase="/home/runner/work/HA360/HA360/tests/Realm.Web.Tests/bin/Release/net10.0/Realm.Web.Tests.dll" adapterTypeName="executor://xunit/VsTestRunner3/netcore/" className="Realm.Web.Tests.RuntimeOptionsTests" name="Detect_EnablesDetailedErrorsForDemoAndDevelopment" />
    </UnitTest>
    <UnitTest name="Realm.Web.Tests.TokensCssTests.Get_ReturnsTheStylesheetWithNoCacheAndAStrongETag" storage="/home/runner/work/ha360/ha360/tests/realm.web.tests/bin/release/net10.0/realm.web.tests.dll" id="cda98e41-f1e9-497b-4811-6f8d6c47586b">
      <Execution id="54e41e9e-7a56-4080-8871-26f2eac96cfb" />
      <TestMethod codeBase="/home/runner/work/HA360/HA360/tests/Realm.Web.Tests/bin/Release/net10.0/Realm.Web.Tests.dll" adapterTypeName="executor://xunit/VsTestRunner3/netcore/" className="Realm.Web.Tests.TokensCssTests" name="Get_ReturnsTheStylesheetWithNoCacheAndAStrongETag" />
    </UnitTest>
    <UnitTest name="Realm.Web.Tests.BottomNavTests.OnAnyOtherPath_MarksNeitherLinkAsCurrent(uri: &quot;drivingx&quot;)" storage="/home/runner/work/ha360/ha360/tests/realm.web.tests/bin/release/net10.0/realm.web.tests.dll" id="2c022698-0920-de7b-cecb-64ad26820b05">
      <Execution id="2ea16880-914e-4f49-a69a-688c2d99cd39" />
      <TestMethod codeBase="/home/runner/work/HA360/HA360/tests/Realm.Web.Tests/bin/Release/net10.0/Realm.Web.Tests.dll" adapterTypeName="executor://xunit/VsTestRunner3/netcore/" className="Realm.Web.Tests.BottomNavTests" name="OnAnyOtherPath_MarksNeitherLinkAsCurrent" />
    </UnitTest>
    <UnitTest name="Realm.Web.Tests.AppBaseHrefTests.BaseTag_IsTheOnlyOneAndComesBeforeEveryElementThatLoadsAUrl" storage="/home/runner/work/ha360/ha360/tests/realm.web.tests/bin/release/net10.0/realm.web.tests.dll" id="c60a88a3-a492-cb23-03be-c8e60d4fc2a8">
      <Execution id="67ed4841-31aa-46cd-b95e-b1a73cddc2c4" />
      <TestMethod codeBase="/home/runner/work/HA360/HA360/tests/Realm.Web.Tests/bin/Release/net10.0/Realm.Web.Tests.dll" adapterTypeName="executor://xunit/VsTestRunner3/netcore/" className="Realm.Web.Tests.AppBaseHrefTests" name="BaseTag_IsTheOnlyOneAndComesBeforeEveryElementThatLoadsAUrl" />
    </UnitTest>
    <UnitTest name="Realm.Web.Tests.BottomNavTests.OnADrivingRoute_MarksOnlyDrivingAsCurrent(uri: &quot;driving?week=2&quot;)" storage="/home/runner/work/ha360/ha360/tests/realm.web.tests/bin/release/net10.0/realm.web.tests.dll" id="529de808-6fb9-22d0-4eae-7803fbf0acd8">
      <Execution id="f7f8c274-dea9-4f12-ae5e-773ed6070c09" />
      <TestMethod codeBase="/home/runner/work/HA360/HA360/tests/Realm.Web.Tests/bin/Release/net10.0/Realm.Web.Tests.dll" adapterTypeName="executor://xunit/VsTestRunner3/netcore/" className="Realm.Web.Tests.BottomNavTests" name="OnADrivingRoute_MarksOnlyDrivingAsCurrent" />
    </UnitTest>
    <UnitTest name="Realm.Web.Tests.RuntimeOptionsTests.Detect_AppliesThePrecedence(dataSource: null, token: null, optionsJson: null, expected: Demo)" storage="/home/runner/work/ha360/ha360/tests/realm.web.tests/bin/release/net10.0/realm.web.tests.dll" id="06261a45-7f10-3815-f9ea-367c8fc2b0cf">
      <Execution id="c2fa7eac-d3b7-4ca9-bd5a-7f0ba004917b" />
      <TestMethod codeBase="/home/runner/work/HA360/HA360/tests/Realm.Web.Tests/bin/Release/net10.0/Realm.Web.Tests.dll" adapterTypeName="executor://xunit/VsTestRunner3/netcore/" className="Realm.Web.Tests.RuntimeOptionsTests" name="Detect_AppliesThePrecedence" />
    </UnitTest>
    <UnitTest name="Realm.Web.Tests.RuntimeOptionsTests.Detect_ReadsTheOptionsPathFromTheEnvironmentFirst" storage="/home/runner/work/ha360/ha360/tests/realm.web.tests/bin/release/net10.0/realm.web.tests.dll" id="010e098b-7213-fd5e-d96f-aeafd4150971">
      <Execution id="35f31bc7-fb01-483e-842a-fdc5893266de" />
      <TestMethod codeBase="/home/runner/work/HA360/HA360/tests/Realm.Web.Tests/bin/Release/net10.0/Realm.Web.Tests.dll" adapterTypeName="executor://xunit/VsTestRunner3/netcore/" className="Realm.Web.Tests.RuntimeOptionsTests" name="Detect_ReadsTheOptionsPathFromTheEnvironmentFirst" />
    </UnitTest>
    <UnitTest name="Realm.Web.Tests.RuntimeOptionsTests.Detect_AppliesThePrecedence(dataSource: &quot;ha&quot;, token: &quot;tok&quot;, optionsJson: &quot;{ \&quot;demo_mode\&quot;: true }&quot;, expected: Live)" storage="/home/runner/work/ha360/ha360/tests/realm.web.tests/bin/release/net10.0/realm.web.tests.dll" id="5a80f815-4aa3-232f-b4dd-7782cfe9a00d">
      <Execution id="453a9c6f-e161-4b3e-9644-751d1e5b94af" />
      <TestMethod codeBase="/home/runner/work/HA360/HA360/tests/Realm.Web.Tests/bin/Release/net10.0/Realm.Web.Tests.dll" adapterTypeName="executor://xunit/VsTestRunner3/netcore/" className="Realm.Web.Tests.RuntimeOptionsTests" name="Detect_AppliesThePrecedence" />
    </UnitTest>
    <UnitTest name="Realm.Web.Tests.AppBaseHrefTests.ValidHeader_RendersThePrefixWithOneTrailingSlashAsBase(header: &quot;/api/hassio_ingress/AbC-_123&quot;, expectedBase: &quot;/api/hassio_ingress/AbC-_123/&quot;)" storage="/home/runner/work/ha360/ha360/tests/realm.web.tests/bin/release/net10.0/realm.web.tests.dll" id="d39f8b9e-6ebe-5b83-8321-64cb58695f3a">
      <Execution id="98c2906d-f163-4f3f-a378-556795afbcf7" />
      <TestMethod codeBase="/home/runner/work/HA360/HA360/tests/Realm.Web.Tests/bin/Release/net10.0/Realm.Web.Tests.dll" adapterTypeName="executor://xunit/VsTestRunner3/netcore/" className="Realm.Web.Tests.AppBaseHrefTests" name="ValidHeader_RendersThePrefixWithOneTrailingSlashAsBase" />
    </UnitTest>
    <UnitTest name="Realm.Web.Tests.AppBaseHrefTests.InvalidHeader_IsIgnoredAndRendersTheRootAsBase(header: &quot;api/hassio_ingress/x&quot;)" storage="/home/runner/work/ha360/ha360/tests/realm.web.tests/bin/release/net10.0/realm.web.tests.dll" id="ccc50f05-0069-cc3d-6e59-fa649d4b6c97">
      <Execution id="1da4c347-52b3-491f-9894-e22301e1220a" />
      <TestMethod codeBase="/home/runner/work/HA360/HA360/tests/Realm.Web.Tests/bin/Release/net10.0/Realm.Web.Tests.dll" adapterTypeName="executor://xunit/VsTestRunner3/netcore/" className="Realm.Web.Tests.AppBaseHrefTests" name="InvalidHeader_IsIgnoredAndRendersTheRootAsBase" />
    </UnitTest>
    <UnitTest name="Realm.Web.Tests.IngressPathBaseTests.ValidHeader_SetsPathBaseWithoutTrailingSlashAndLeavesPathAlone(header: &quot;/x&quot;, expectedPathBase: &quot;/x&quot;)" storage="/home/runner/work/ha360/ha360/tests/realm.web.tests/bin/release/net10.0/realm.web.tests.dll" id="742ab2c2-37bc-6912-6b43-00d224766e64">
      <Execution id="7a846f3a-fa58-4751-9782-51dbaafe22a1" />
      <TestMethod codeBase="/home/runner/work/HA360/HA360/tests/Realm.Web.Tests/bin/Release/net10.0/Realm.Web.Tests.dll" adapterTypeName="executor://xunit/VsTestRunner3/netcore/" className="Realm.Web.Tests.IngressPathBaseTests" name="ValidHeader_SetsPathBaseWithoutTrailingSlashAndLeavesPathAlone" />
    </UnitTest>
    <UnitTest name="Realm.Web.Tests.HealthzTests.Healthz_Returns200InLiveModeWithNoHaReachable" storage="/home/runner/work/ha360/ha360/tests/realm.web.tests/bin/release/net10.0/realm.web.tests.dll" id="cb44c6f4-a924-16f5-f954-fac5689c38d8">
      <Execution id="d4e508f1-c51f-4f4a-a03c-6154429d72d2" />
      <TestMethod codeBase="/home/runner/work/HA360/HA360/tests/Realm.Web.Tests/bin/Release/net10.0/Realm.Web.Tests.dll" adapterTypeName="executor://xunit/VsTestRunner3/netcore/" className="Realm.Web.Tests.HealthzTests" name="Healthz_Returns200InLiveModeWithNoHaReachable" />
    </UnitTest>
    <UnitTest name="Realm.Web.Tests.ForwardedHeadersTests.Registration_ClearsKnownProxiesAndNetworks" storage="/home/runner/work/ha360/ha360/tests/realm.web.tests/bin/release/net10.0/realm.web.tests.dll" id="0be182f3-0b73-d042-580a-464af79ca34f">
      <Execution id="a1b6930a-6b57-4563-81f0-23c152b7a12a" />
      <TestMethod codeBase="/home/runner/work/HA360/HA360/tests/Realm.Web.Tests/bin/Release/net10.0/Realm.Web.Tests.dll" adapterTypeName="executor://xunit/VsTestRunner3/netcore/" className="Realm.Web.Tests.ForwardedHeadersTests" name="Registration_ClearsKnownProxiesAndNetworks" />
    </UnitTest>
    <UnitTest name="Realm.Web.Tests.BottomNavTests.OnADrivingRoute_MarksOnlyDrivingAsCurrent(uri: &quot;driving&quot;)" storage="/home/runner/work/ha360/ha360/tests/realm.web.tests/bin/release/net10.0/realm.web.tests.dll" id="33e6e485-e51a-3635-7672-f2674b1922de">
      <Execution id="f01801e3-0cbe-4e4f-991c-299e5792b4b6" />
      <TestMethod codeBase="/home/runner/work/HA360/HA360/tests/Realm.Web.Tests/bin/Release/net10.0/Realm.Web.Tests.dll" adapterTypeName="executor://xunit/VsTestRunner3/netcore/" className="Realm.Web.Tests.BottomNavTests" name="OnADrivingRoute_MarksOnlyDrivingAsCurrent" />
    </UnitTest>
    <UnitTest name="Realm.Web.Tests.IngressPathBaseTests.InvalidHeader_SameValueTwice_WarnsOnce" storage="/home/runner/work/ha360/ha360/tests/realm.web.tests/bin/release/net10.0/realm.web.tests.dll" id="8d70a949-adb6-a47f-45a5-3ebea55ef9a2">
      <Execution id="735f1205-6099-409b-a848-f8771a27b56d" />
      <TestMethod codeBase="/home/runner/work/HA360/HA360/tests/Realm.Web.Tests/bin/Release/net10.0/Realm.Web.Tests.dll" adapterTypeName="executor://xunit/VsTestRunner3/netcore/" className="Realm.Web.Tests.IngressPathBaseTests" name="InvalidHeader_SameValueTwice_WarnsOnce" />
    </UnitTest>
    <UnitTest name="Realm.Web.Tests.RuntimeOptionsTests.Detect_AppliesThePrecedence(dataSource: null, token: &quot;tok&quot;, optionsJson: null, expected: Live)" storage="/home/runner/work/ha360/ha360/tests/realm.web.tests/bin/release/net10.0/realm.web.tests.dll" id="d7bd337a-684f-2e04-f07d-b9113335b542">
      <Execution id="5db628c4-f07c-49ad-a8de-e61a5728cd90" />
      <TestMethod codeBase="/home/runner/work/HA360/HA360/tests/Realm.Web.Tests/bin/Release/net10.0/Realm.Web.Tests.dll" adapterTypeName="executor://xunit/VsTestRunner3/netcore/" className="Realm.Web.Tests.RuntimeOptionsTests" name="Detect_AppliesThePrecedence" />
    </UnitTest>
    <UnitTest name="Realm.Web.Tests.BottomNavTests.OnAnyOtherPath_MarksNeitherLinkAsCurrent(uri: &quot;not-found&quot;)" storage="/home/runner/work/ha360/ha360/tests/realm.web.tests/bin/release/net10.0/realm.web.tests.dll" id="8d62cecf-4cfd-7348-741b-e5f348d2ad7d">
      <Execution id="5226b8f3-5531-4b1b-9a4e-30dc9cb66641" />
      <TestMethod codeBase="/home/runner/work/HA360/HA360/tests/Realm.Web.Tests/bin/Release/net10.0/Realm.Web.Tests.dll" adapterTypeName="executor://xunit/VsTestRunner3/netcore/" className="Realm.Web.Tests.BottomNavTests" name="OnAnyOtherPath_MarksNeitherLinkAsCurrent" />
    </UnitTest>
    <UnitTest name="Realm.Web.Tests.AppBaseHrefTests.AbsentHeader_RendersTheRootAsBase" storage="/home/runner/work/ha360/ha360/tests/realm.web.tests/bin/release/net10.0/realm.web.tests.dll" id="e3ccb5b3-8a74-b83f-42e4-90ef095cf6a8">
      <Execution id="6e0842f3-ba3c-4ed7-8e74-c25e4134922f" />
      <TestMethod codeBase="/home/runner/work/HA360/HA360/tests/Realm.Web.Tests/bin/Release/net10.0/Realm.Web.Tests.dll" adapterTypeName="executor://xunit/VsTestRunner3/netcore/" className="Realm.Web.Tests.AppBaseHrefTests" name="AbsentHeader_RendersTheRootAsBase" />
    </UnitTest>
    <UnitTest name="Realm.Web.Tests.IngressPathBaseTests.InvalidHeader_IsIgnoredWithOneWarning(header: &quot;/api/'x&quot;)" storage="/home/runner/work/ha360/ha360/tests/realm.web.tests/bin/release/net10.0/realm.web.tests.dll" id="e4ba0118-f70a-1bfa-ebdc-9bb06747e282">
      <Execution id="f3633a14-f9ac-4b13-a093-9d8875ffb59e" />
      <TestMethod codeBase="/home/runner/work/HA360/HA360/tests/Realm.Web.Tests/bin/Release/net10.0/Realm.Web.Tests.dll" adapterTypeName="executor://xunit/VsTestRunner3/netcore/" className="Realm.Web.Tests.IngressPathBaseTests" name="InvalidHeader_IsIgnoredWithOneWarning" />
    </UnitTest>
    <UnitTest name="Realm.Web.Tests.RuntimeOptionsTests.Detect_AppliesThePrecedence(dataSource: &quot;demo&quot;, token: &quot;tok&quot;, optionsJson: null, expected: Demo)" storage="/home/runner/work/ha360/ha360/tests/realm.web.tests/bin/release/net10.0/realm.web.tests.dll" id="96ed2e55-4608-937e-5a3c-5f390f91e0a9">
      <Execution id="47ba8c64-1be0-48b6-8600-2caa5251767b" />
      <TestMethod codeBase="/home/runner/work/HA360/HA360/tests/Realm.Web.Tests/bin/Release/net10.0/Realm.Web.Tests.dll" adapterTypeName="executor://xunit/VsTestRunner3/netcore/" className="Realm.Web.Tests.RuntimeOptionsTests" name="Detect_AppliesThePrecedence" />
    </UnitTest>
    <UnitTest name="Realm.Web.Tests.RuntimeOptionsTests.Detect_AppliesThePrecedence(dataSource: &quot;auto&quot;, token: &quot;tok&quot;, optionsJson: null, expected: Live)" storage="/home/runner/work/ha360/ha360/tests/realm.web.tests/bin/release/net10.0/realm.web.tests.dll" id="2e858096-a948-b430-79d0-1a6cc144ff87">
      <Execution id="b70554ed-f8ef-44f1-a1fd-8d423017133a" />
      <TestMethod codeBase="/home/runner/work/HA360/HA360/tests/Realm.Web.Tests/bin/Release/net10.0/Realm.Web.Tests.dll" adapterTypeName="executor://xunit/VsTestRunner3/netcore/" className="Realm.Web.Tests.RuntimeOptionsTests" name="Detect_AppliesThePrecedence" />
    </UnitTest>
    <UnitTest name="Realm.Web.Tests.RuntimeOptionsTests.Detect_AppliesThePrecedence(dataSource: null, token: &quot;tok&quot;, optionsJson: &quot;{ \&quot;demo_mode\&quot;: \&quot;true\&quot; }&quot;, expected: Live)" storage="/home/runner/work/ha360/ha360/tests/realm.web.tests/bin/release/net10.0/realm.web.tests.dll" id="69bd6f5d-49bb-d00d-95f6-068b1d351b44">
      <Execution id="55495127-ab5f-4b67-aa96-53e0a94981b5" />
      <TestMethod codeBase="/home/runner/work/HA360/HA360/tests/Realm.Web.Tests/bin/Release/net10.0/Realm.Web.Tests.dll" adapterTypeName="executor://xunit/VsTestRunner3/netcore/" className="Realm.Web.Tests.RuntimeOptionsTests" name="Detect_AppliesThePrecedence" />
    </UnitTest>
    <UnitTest name="Realm.Web.Tests.IngressPathBaseTests.InvalidHeader_IsIgnoredWithOneWarning(header: &quot;api/hassio_ingress/x&quot;)" storage="/home/runner/work/ha360/ha360/tests/realm.web.tests/bin/release/net10.0/realm.web.tests.dll" id="278acc98-f69e-69ef-33a2-39f347217fa2">
      <Execution id="5a2f6983-aaae-4502-be5d-d62bb7c0dab1" />
      <TestMethod codeBase="/home/runner/work/HA360/HA360/tests/Realm.Web.Tests/bin/Release/net10.0/Realm.Web.Tests.dll" adapterTypeName="executor://xunit/VsTestRunner3/netcore/" className="Realm.Web.Tests.IngressPathBaseTests" name="InvalidHeader_IsIgnoredWithOneWarning" />
    </UnitTest>
    <UnitTest name="Realm.Web.Tests.RuntimeOptionsTests.Detect_AppliesThePrecedence(dataSource: &quot;ha&quot;, token: null, optionsJson: null, expected: Live)" storage="/home/runner/work/ha360/ha360/tests/realm.web.tests/bin/release/net10.0/realm.web.tests.dll" id="9fd5b6e9-a987-629d-7e31-51aedf944b9e">
      <Execution id="88b113c7-779a-4dcc-959d-c625f008e1e7" />
      <TestMethod codeBase="/home/runner/work/HA360/HA360/tests/Realm.Web.Tests/bin/Release/net10.0/Realm.Web.Tests.dll" adapterTypeName="executor://xunit/VsTestRunner3/netcore/" className="Realm.Web.Tests.RuntimeOptionsTests" name="Detect_AppliesThePrecedence" />
    </UnitTest>
    <UnitTest name="Realm.Web.Tests.BottomNavTests.Renders_TwoRelativeLinks_NamedLocationAndDriving" storage="/home/runner/work/ha360/ha360/tests/realm.web.tests/bin/release/net10.0/realm.web.tests.dll" id="8e79516a-3ea2-22c6-e71f-b8401cedc04e">
      <Execution id="7cc5ee78-4c7c-46f3-b778-8d7e33b6bd4a" />
      <TestMethod codeBase="/home/runner/work/HA360/HA360/tests/Realm.Web.Tests/bin/Release/net10.0/Realm.Web.Tests.dll" adapterTypeName="executor://xunit/VsTestRunner3/netcore/" className="Realm.Web.Tests.BottomNavTests" name="Renders_TwoRelativeLinks_NamedLocationAndDriving" />
    </UnitTest>
  </TestDefinitions>
  <TestEntries>
    <TestEntry testId="8d62cecf-4cfd-7348-741b-e5f348d2ad7d" executionId="5226b8f3-5531-4b1b-9a4e-30dc9cb66641" testListId="8c84fa94-04c1-424b-9868-57a2d4851a1d" />
    <TestEntry testId="8d70a949-adb6-a47f-45a5-3ebea55ef9a2" executionId="735f1205-6099-409b-a848-f8771a27b56d" testListId="8c84fa94-04c1-424b-9868-57a2d4851a1d" />
    <TestEntry testId="e4ba0118-f70a-1bfa-ebdc-9bb06747e282" executionId="f3633a14-f9ac-4b13-a093-9d8875ffb59e" testListId="8c84fa94-04c1-424b-9868-57a2d4851a1d" />
    <TestEntry testId="2c022698-0920-de7b-cecb-64ad26820b05" executionId="2ea16880-914e-4f49-a69a-688c2d99cd39" testListId="8c84fa94-04c1-424b-9868-57a2d4851a1d" />
    <TestEntry testId="ee677be5-b993-79dc-c484-ae6b64b17961" executionId="14fab720-87df-425f-9b3d-53238f77bbec" testListId="8c84fa94-04c1-424b-9868-57a2d4851a1d" />
    <TestEntry testId="010e098b-7213-fd5e-d96f-aeafd4150971" executionId="35f31bc7-fb01-483e-842a-fdc5893266de" testListId="8c84fa94-04c1-424b-9868-57a2d4851a1d" />
    <TestEntry testId="c60a88a3-a492-cb23-03be-c8e60d4fc2a8" executionId="67ed4841-31aa-46cd-b95e-b1a73cddc2c4" testListId="8c84fa94-04c1-424b-9868-57a2d4851a1d" />
    <TestEntry testId="742ab2c2-37bc-6912-6b43-00d224766e64" executionId="7a846f3a-fa58-4751-9782-51dbaafe22a1" testListId="8c84fa94-04c1-424b-9868-57a2d4851a1d" />
    <TestEntry testId="81524283-cc89-7aad-9a90-4039c60cb15a" executionId="8c5343f2-7362-41cf-80d6-98ccbf5455cb" testListId="8c84fa94-04c1-424b-9868-57a2d4851a1d" />
    <TestEntry testId="5a80f815-4aa3-232f-b4dd-7782cfe9a00d" executionId="453a9c6f-e161-4b3e-9644-751d1e5b94af" testListId="8c84fa94-04c1-424b-9868-57a2d4851a1d" />
    <TestEntry testId="c9327f7e-f430-d48c-6db1-e0dde1012b36" executionId="21eeabd0-ec56-4043-b2ad-2cab5d9890a5" testListId="8c84fa94-04c1-424b-9868-57a2d4851a1d" />
    <TestEntry testId="a97f3df4-7b45-75fa-7a08-7a3a7b1e01f3" executionId="30645c4c-657b-4093-a62a-43f543202e46" testListId="8c84fa94-04c1-424b-9868-57a2d4851a1d" />
    <TestEntry testId="34c30903-2878-86c8-5d5b-d5749a79e437" executionId="4e8e38c3-3003-47af-822e-c4e0ada5d11c" testListId="8c84fa94-04c1-424b-9868-57a2d4851a1d" />
    <TestEntry testId="a6428923-2b10-1ef1-3cf8-f3d59e9835ed" executionId="989fa7ab-1555-4e38-98a2-ed2e6b4d61bd" testListId="8c84fa94-04c1-424b-9868-57a2d4851a1d" />
    <TestEntry testId="f0ce7296-12c5-259d-102c-3364e89d4b1c" executionId="de4e0245-2daf-42e4-b1e0-e2334c055cc5" testListId="8c84fa94-04c1-424b-9868-57a2d4851a1d" />
    <TestEntry testId="3e7c9004-b36a-f2f9-61b0-ee47edf35c60" executionId="eaea3c4c-01d5-4ab7-9ff4-96bc615579cd" testListId="8c84fa94-04c1-424b-9868-57a2d4851a1d" />
    <TestEntry testId="45ba146c-d780-2af0-1e42-850bb47db41e" executionId="760f1168-e551-46f2-bd89-c3ddfe012a9d" testListId="8c84fa94-04c1-424b-9868-57a2d4851a1d" />
    <TestEntry testId="f430cf33-c1e2-ce60-fdd5-b4567d5b6ae4" executionId="e2804831-f429-42a1-abba-d86abe95389d" testListId="8c84fa94-04c1-424b-9868-57a2d4851a1d" />
    <TestEntry testId="e3ccb5b3-8a74-b83f-42e4-90ef095cf6a8" executionId="6e0842f3-ba3c-4ed7-8e74-c25e4134922f" testListId="8c84fa94-04c1-424b-9868-57a2d4851a1d" />
    <TestEntry testId="c3c300f8-1fb7-b791-c633-a8b83290b08e" executionId="16733894-dda5-4b55-a615-7836bd15f85c" testListId="8c84fa94-04c1-424b-9868-57a2d4851a1d" />
    <TestEntry testId="96ed2e55-4608-937e-5a3c-5f390f91e0a9" executionId="47ba8c64-1be0-48b6-8600-2caa5251767b" testListId="8c84fa94-04c1-424b-9868-57a2d4851a1d" />
    <TestEntry testId="13585078-f90a-a352-0200-6d57460c025b" executionId="63d647df-7949-47ba-a4fe-788c8359b201" testListId="8c84fa94-04c1-424b-9868-57a2d4851a1d" />
    <TestEntry testId="2e858096-a948-b430-79d0-1a6cc144ff87" executionId="b70554ed-f8ef-44f1-a1fd-8d423017133a" testListId="8c84fa94-04c1-424b-9868-57a2d4851a1d" />
    <TestEntry testId="743910b9-6987-3c46-8dd9-9898bca519d8" executionId="52cb3083-7dee-4c64-85c6-c37a43ce5d05" testListId="8c84fa94-04c1-424b-9868-57a2d4851a1d" />
    <TestEntry testId="06261a45-7f10-3815-f9ea-367c8fc2b0cf" executionId="c2fa7eac-d3b7-4ca9-bd5a-7f0ba004917b" testListId="8c84fa94-04c1-424b-9868-57a2d4851a1d" />
    <TestEntry testId="970bd141-fc54-a1c3-408c-8a6218e12b29" executionId="7b13561b-d081-400d-bcc4-9e2e23f219e2" testListId="8c84fa94-04c1-424b-9868-57a2d4851a1d" />
    <TestEntry testId="9b6fdf6c-ff34-7cbe-2a32-35f258aff130" executionId="93b5654d-f2b4-44ed-bcff-eb878f3de926" testListId="8c84fa94-04c1-424b-9868-57a2d4851a1d" />
    <TestEntry testId="262ef556-f8f9-fe07-f9b9-776010c91770" executionId="087480d9-6235-401e-a284-d3a7804cab1e" testListId="8c84fa94-04c1-424b-9868-57a2d4851a1d" />
    <TestEntry testId="e946f5b4-7bdd-3d0a-6f6e-b9fa7b7de593" executionId="4841cb97-1a3c-4991-9d03-174a66b390c0" testListId="8c84fa94-04c1-424b-9868-57a2d4851a1d" />
    <TestEntry testId="e7f58657-b5be-d6b8-e00d-6ad838079cdf" executionId="f56fde3a-602c-4e73-b1aa-67398aabe55b" testListId="8c84fa94-04c1-424b-9868-57a2d4851a1d" />
    <TestEntry testId="d7bd337a-684f-2e04-f07d-b9113335b542" executionId="5db628c4-f07c-49ad-a8de-e61a5728cd90" testListId="8c84fa94-04c1-424b-9868-57a2d4851a1d" />
    <TestEntry testId="a5d5162f-f58b-c081-6afa-28d235dd27dd" executionId="cac1f3b9-aa20-48f2-802b-f58201f279fd" testListId="8c84fa94-04c1-424b-9868-57a2d4851a1d" />
    <TestEntry testId="27653250-f1f3-8645-a575-4da74a0f6fc2" executionId="71a00212-1451-4590-a67f-7706ccfde0d7" testListId="8c84fa94-04c1-424b-9868-57a2d4851a1d" />
    <TestEntry testId="d39f8b9e-6ebe-5b83-8321-64cb58695f3a" executionId="98c2906d-f163-4f3f-a378-556795afbcf7" testListId="8c84fa94-04c1-424b-9868-57a2d4851a1d" />
    <TestEntry testId="9fd5b6e9-a987-629d-7e31-51aedf944b9e" executionId="88b113c7-779a-4dcc-959d-c625f008e1e7" testListId="8c84fa94-04c1-424b-9868-57a2d4851a1d" />
    <TestEntry testId="5c7ffee2-fd01-7ad6-6140-6a613db564e4" executionId="799a0ff7-7c22-40c3-8871-6270c628aa60" testListId="8c84fa94-04c1-424b-9868-57a2d4851a1d" />
    <TestEntry testId="cda98e41-f1e9-497b-4811-6f8d6c47586b" executionId="54e41e9e-7a56-4080-8871-26f2eac96cfb" testListId="8c84fa94-04c1-424b-9868-57a2d4851a1d" />
    <TestEntry testId="6e5d85af-ae8d-3cc7-6bad-065cae8c06c0" executionId="3d3e9adc-11d2-42a9-be00-ff9b747587a4" testListId="8c84fa94-04c1-424b-9868-57a2d4851a1d" />
    <TestEntry testId="278acc98-f69e-69ef-33a2-39f347217fa2" executionId="5a2f6983-aaae-4502-be5d-d62bb7c0dab1" testListId="8c84fa94-04c1-424b-9868-57a2d4851a1d" />
    <TestEntry testId="a107963d-45bc-3ddd-cc5c-ddddebfa5ff8" executionId="ccdd8a7b-56f0-4a07-bf5c-926169cdf203" testListId="8c84fa94-04c1-424b-9868-57a2d4851a1d" />
    <TestEntry testId="4f905f80-b73d-e7e1-e8d7-7955104b3914" executionId="4a542d2d-dadd-434e-93e2-53edfb60f41b" testListId="8c84fa94-04c1-424b-9868-57a2d4851a1d" />
    <TestEntry testId="cb44c6f4-a924-16f5-f954-fac5689c38d8" executionId="d4e508f1-c51f-4f4a-a03c-6154429d72d2" testListId="8c84fa94-04c1-424b-9868-57a2d4851a1d" />
    <TestEntry testId="0ea0b356-3dfc-e612-95a3-299975f0b8f8" executionId="8d73018e-c4db-4364-b301-881a6cc5db4c" testListId="8c84fa94-04c1-424b-9868-57a2d4851a1d" />
    <TestEntry testId="de329687-79c4-68da-95ee-378fcf856eb2" executionId="a8c1c18a-bcc2-4653-92b8-0ebfcebc41a4" testListId="8c84fa94-04c1-424b-9868-57a2d4851a1d" />
    <TestEntry testId="0231e8ca-8361-b0ff-7817-1505068165dd" executionId="b4ed604b-897d-4adf-97df-07f880a6dee8" testListId="8c84fa94-04c1-424b-9868-57a2d4851a1d" />
    <TestEntry testId="75d8bb3b-a0f7-8337-0c52-75d4046f2f5d" executionId="836f5581-adfd-4557-97ac-18aab212f3fe" testListId="8c84fa94-04c1-424b-9868-57a2d4851a1d" />
    <TestEntry testId="b2f719d2-e853-90fb-50de-4041dedd8052" executionId="f5ceac40-d5e6-43b3-b17c-f91f2e006b31" testListId="8c84fa94-04c1-424b-9868-57a2d4851a1d" />
    <TestEntry testId="69bd6f5d-49bb-d00d-95f6-068b1d351b44" executionId="55495127-ab5f-4b67-aa96-53e0a94981b5" testListId="8c84fa94-04c1-424b-9868-57a2d4851a1d" />
    <TestEntry testId="be876a28-4e66-89c5-8d1c-570618f1e7a5" executionId="cbd7854d-f587-4f7a-a993-561b65e2411a" testListId="8c84fa94-04c1-424b-9868-57a2d4851a1d" />
    <TestEntry testId="33e6e485-e51a-3635-7672-f2674b1922de" executionId="f01801e3-0cbe-4e4f-991c-299e5792b4b6" testListId="8c84fa94-04c1-424b-9868-57a2d4851a1d" />
    <TestEntry testId="c4bb81ef-e028-f63b-8f1a-f1dd55f3bc2c" executionId="5af821a3-06d1-4e73-aacf-7400b3425a5e" testListId="8c84fa94-04c1-424b-9868-57a2d4851a1d" />
    <TestEntry testId="8e79516a-3ea2-22c6-e71f-b8401cedc04e" executionId="7cc5ee78-4c7c-46f3-b778-8d7e33b6bd4a" testListId="8c84fa94-04c1-424b-9868-57a2d4851a1d" />
    <TestEntry testId="ccc50f05-0069-cc3d-6e59-fa649d4b6c97" executionId="1da4c347-52b3-491f-9894-e22301e1220a" testListId="8c84fa94-04c1-424b-9868-57a2d4851a1d" />
    <TestEntry testId="529de808-6fb9-22d0-4eae-7803fbf0acd8" executionId="f7f8c274-dea9-4f12-ae5e-773ed6070c09" testListId="8c84fa94-04c1-424b-9868-57a2d4851a1d" />
    <TestEntry testId="33693ed0-789d-ff35-9021-6fbe7d188d3f" executionId="e9b9298a-efbe-42ca-b6a0-ebc1e6fea86d" testListId="8c84fa94-04c1-424b-9868-57a2d4851a1d" />
    <TestEntry testId="0be182f3-0b73-d042-580a-464af79ca34f" executionId="a1b6930a-6b57-4563-81f0-23c152b7a12a" testListId="8c84fa94-04c1-424b-9868-57a2d4851a1d" />
    <TestEntry testId="9901b5f3-fb34-36be-ca89-0c6c6fe57563" executionId="55707191-6d9c-43dd-bc6c-be0faea1499e" testListId="8c84fa94-04c1-424b-9868-57a2d4851a1d" />
    <TestEntry testId="c1676977-3f4d-0e82-8d44-8b6e4e9c1c8e" executionId="b3511e4f-8220-4195-816a-fa5f64267edf" testListId="8c84fa94-04c1-424b-9868-57a2d4851a1d" />
  </TestEntries>
  <TestLists>
    <TestList name="Results Not in a List" id="8c84fa94-04c1-424b-9868-57a2d4851a1d" />
    <TestList name="All Loaded Results" id="19431567-8539-422a-85d7-44ee4e166bda" />
  </TestLists>
  <ResultSummary outcome="Completed">
    <Counters total="58" executed="58" passed="58" failed="0" error="0" timeout="0" aborted="0" inconclusive="0" passedButRunAborted="0" notRunnable="0" notExecuted="0" disconnected="0" warning="0" completed="0" inProgress="0" pending="0" />
    <Output>
      <StdOut>[xUnit.net 00:00:00.00] xUnit.net VSTest Adapter v3.1.5+1b188a7b0a (64-bit .NET 10.0.12)
[xUnit.net 00:00:00.21]   Discovering: Realm.Web.Tests
[xUnit.net 00:00:00.40]   Discovered:  Realm.Web.Tests
[xUnit.net 00:00:00.50]   Starting:    Realm.Web.Tests
[xUnit.net 00:00:03.59]   Finished:    Realm.Web.Tests
</StdOut>
    </Output>
  </ResultSummary>
</TestRun>