<?xml version="1.0" encoding="utf-8"?>
<TestRun id="e783f39d-0fb0-4bf4-ab35-274d874f7587" name="@runnervm8df0l 2026-10-01 19:13:32" xmlns="http://microsoft.com/schemas/VisualStudio/TeamTest/2010">
  <Times creation="2026-10-01T19:13:32.5199120+00:00" queuing="2026-10-01T19:13:32.5199121+00:00" start="2026-10-01T19:13:27.1335912+00:00" finish="2026-10-01T19:13:33.6806935+00:00" />
  <TestSettings name="default" id="fee1cf1f-2027-454a-9c7a-41535f4b0026">
    <Deployment runDeploymentRoot="_runnervm8df0l_2026-10-01_19_13_32" />
  </TestSettings>
  <Results>
    <UnitTestResult executionId="d97e18a2-41d9-4f29-a717-d331271611dd" testId="27653250-f1f3-8645-a575-4da74a0f6fc2" testName="Realm.Web.Tests.BottomNavTests.AtTheRoot_MarksOnlyLocationAsCurrent" computerName="runnervm8df0l" duration="00:00:00.0041862" startTime="2026-10-01T19:13:33.2394099+00:00" endTime="2026-10-01T19:13:33.2424372+00:00" testType="13cdc9d9-ddb5-4fa4-a97d-d965ccfc6d4b" outcome="Passed" testListId="8c84fa94-04c1-424b-9868-57a2d4851a1d" relativeResultsDirectory="d97e18a2-41d9-4f29-a717-d331271611dd" />
    <UnitTestResult executionId="33ad745c-6d92-44fb-bf8f-45b1bc86c43b" testId="a97f3df4-7b45-75fa-7a08-7a3a7b1e01f3" testName="Realm.Web.Tests.IngressPathBaseTests.InvalidHeader_IsIgnoredWithOneWarning(header: &quot;/api/\&quot;x&quot;)" computerName="runnervm8df0l" duration="00:00:00.0298064" startTime="2026-10-01T19:13:32.7884484+00:00" endTime="2026-10-01T19:13:32.8202801+00:00" testType="13cdc9d9-ddb5-4fa4-a97d-d965ccfc6d4b" outcome="Passed" testListId="8c84fa94-04c1-424b-9868-57a2d4851a1d" relativeResultsDirectory="33ad745c-6d92-44fb-bf8f-45b1bc86c43b" />
    <UnitTestResult executionId="96bcee56-2f3c-49e8-93fd-3cb44fe39517" testId="6e5d85af-ae8d-3cc7-6bad-065cae8c06c0" testName="Realm.Web.Tests.IngressPathBaseTests.InvalidHeader_IsIgnoredWithOneWarning(header: &quot;/api/hassio ingress&quot;)" computerName="runnervm8df0l" duration="00:00:00.0178802" startTime="2026-10-01T19:13:32.7487004+00:00" endTime="2026-10-01T19:13:32.7632659+00:00" testType="13cdc9d9-ddb5-4fa4-a97d-d965ccfc6d4b" outcome="Passed" testListId="8c84fa94-04c1-424b-9868-57a2d4851a1d" relativeResultsDirectory="96bcee56-2f3c-49e8-93fd-3cb44fe39517" />
    <UnitTestResult executionId="428e27da-cc1f-47dd-9506-0cc9e5dc5cda" testId="c60a88a3-a492-cb23-03be-c8e60d4fc2a8" testName="Realm.Web.Tests.AppBaseHrefTests.BaseTag_IsTheOnlyOneAndComesBeforeEveryElementThatLoadsAUrl" computerName="runnervm8df0l" duration="00:00:00.1039798" startTime="2026-10-01T19:13:33.5108626+00:00" endTime="2026-10-01T19:13:33.6151053+00:00" testType="13cdc9d9-ddb5-4fa4-a97d-d965ccfc6d4b" outcome="Passed" testListId="8c84fa94-04c1-424b-9868-57a2d4851a1d" relativeResultsDirectory="428e27da-cc1f-47dd-9506-0cc9e5dc5cda" />
    <UnitTestResult executionId="e334e033-8bd8-4ef9-a712-8a1bb2c4c794" testId="8d62cecf-4cfd-7348-741b-e5f348d2ad7d" testName="Realm.Web.Tests.BottomNavTests.OnAnyOtherPath_MarksNeitherLinkAsCurrent(uri: &quot;not-found&quot;)" computerName="runnervm8df0l" duration="00:00:00.0043614" startTime="2026-10-01T19:13:33.2255665+00:00" endTime="2026-10-01T19:13:33.2298762+00:00" testType="13cdc9d9-ddb5-4fa4-a97d-d965ccfc6d4b" outcome="Passed" testListId="8c84fa94-04c1-424b-9868-57a2d4851a1d" relativeResultsDirectory="e334e033-8bd8-4ef9-a712-8a1bb2c4c794" />
    <UnitTestResult executionId="99dd6859-6e4e-49ab-9a6f-3cdbda6454d7" testId="9b6fdf6c-ff34-7cbe-2a32-35f258aff130" testName="Realm.Web.Tests.IngressPathBaseTests.InvalidHeader_IsIgnoredWithOneWarning(header: &quot;/api/x&gt;&quot;)" computerName="runnervm8df0l" duration="00:00:00.0301827" startTime="2026-10-01T19:13:32.6933346+00:00" endTime="2026-10-01T19:13:32.7227570+00:00" testType="13cdc9d9-ddb5-4fa4-a97d-d965ccfc6d4b" outcome="Passed" testListId="8c84fa94-04c1-424b-9868-57a2d4851a1d" relativeResultsDirectory="99dd6859-6e4e-49ab-9a6f-3cdbda6454d7" />
    <UnitTestResult executionId="8eb11eb7-ed48-45cb-bae8-84be4ecf577d" testId="e946f5b4-7bdd-3d0a-6f6e-b9fa7b7de593" testName="Realm.Web.Tests.ForwardedHeadersTests.WithoutForwardedHeaders_KeepsTheLoopbackOrigin" computerName="runnervm8df0l" duration="00:00:03.9864819" startTime="2026-10-01T19:13:28.4694418+00:00" endTime="2026-10-01T19:13:32.4742665+00:00" testType="13cdc9d9-ddb5-4fa4-a97d-d965ccfc6d4b" outcome="Passed" testListId="8c84fa94-04c1-424b-9868-57a2d4851a1d" relativeResultsDirectory="8eb11eb7-ed48-45cb-bae8-84be4ecf577d" />
    <UnitTestResult executionId="153c6605-3254-4725-9eb0-775304a49f87" testId="06261a45-7f10-3815-f9ea-367c8fc2b0cf" testName="Realm.Web.Tests.RuntimeOptionsTests.Detect_AppliesThePrecedence(dataSource: null, token: null, optionsJson: null, expected: Demo)" computerName="runnervm8df0l" duration="00:00:00.0059231" startTime="2026-10-01T19:13:32.5769449+00:00" endTime="2026-10-01T19:13:32.5812753+00:00" testType="13cdc9d9-ddb5-4fa4-a97d-d965ccfc6d4b" outcome="Passed" testListId="8c84fa94-04c1-424b-9868-57a2d4851a1d" relativeResultsDirectory="153c6605-3254-4725-9eb0-775304a49f87" />
    <UnitTestResult executionId="8342dfea-ea34-4424-870a-e11249d44d59" testId="5a80f815-4aa3-232f-b4dd-7782cfe9a00d" testName="Realm.Web.Tests.RuntimeOptionsTests.Detect_AppliesThePrecedence(dataSource: &quot;ha&quot;, token: &quot;tok&quot;, optionsJson: &quot;{ \&quot;demo_mode\&quot;: true }&quot;, expected: Live)" computerName="runnervm8df0l" duration="00:00:00.0004339" startTime="2026-10-01T19:13:32.5894957+00:00" endTime="2026-10-01T19:13:32.5895971+00:00" testType="13cdc9d9-ddb5-4fa4-a97d-d965ccfc6d4b" outcome="Passed" testListId="8c84fa94-04c1-424b-9868-57a2d4851a1d" relativeResultsDirectory="8342dfea-ea34-4424-870a-e11249d44d59" />
    <UnitTestResult executionId="b9990917-3693-43b5-89e5-b9db0f81622a" testId="33e6e485-e51a-3635-7672-f2674b1922de" testName="Realm.Web.Tests.BottomNavTests.OnADrivingRoute_MarksOnlyDrivingAsCurrent(uri: &quot;driving&quot;)" computerName="runnervm8df0l" duration="00:00:00.0052011" startTime="2026-10-01T19:13:33.2110073+00:00" endTime="2026-10-01T19:13:33.2171139+00:00" testType="13cdc9d9-ddb5-4fa4-a97d-d965ccfc6d4b" outcome="Passed" testListId="8c84fa94-04c1-424b-9868-57a2d4851a1d" relativeResultsDirectory="b9990917-3693-43b5-89e5-b9db0f81622a" />
    <UnitTestResult executionId="c0abfda9-8a3e-451c-a49b-61f8b6d87a84" testId="a107963d-45bc-3ddd-cc5c-ddddebfa5ff8" testName="Realm.Web.Tests.BottomNavTests.OnADrivingRoute_MarksOnlyDrivingAsCurrent(uri: &quot;driving/king?week=1&quot;)" computerName="runnervm8df0l" duration="00:00:00.0042534" startTime="2026-10-01T19:13:33.2173089+00:00" endTime="2026-10-01T19:13:33.2205792+00:00" testType="13cdc9d9-ddb5-4fa4-a97d-d965ccfc6d4b" outcome="Passed" testListId="8c84fa94-04c1-424b-9868-57a2d4851a1d" relativeResultsDirectory="c0abfda9-8a3e-451c-a49b-61f8b6d87a84" />
    <UnitTestResult executionId="80da157e-eadc-4ce8-a8ef-74b1b2e78252" testId="c3c300f8-1fb7-b791-c633-a8b83290b08e" testName="Realm.Web.Tests.ErrorPlainTests.UnhandledException_ReturnsA500WithTheGenericTextOnly" computerName="runnervm8df0l" duration="00:00:00.0541465" startTime="2026-10-01T19:13:32.5811578+00:00" endTime="2026-10-01T19:13:32.6288288+00:00" testType="13cdc9d9-ddb5-4fa4-a97d-d965ccfc6d4b" outcome="Passed" testListId="8c84fa94-04c1-424b-9868-57a2d4851a1d" relativeResultsDirectory="80da157e-eadc-4ce8-a8ef-74b1b2e78252" />
    <UnitTestResult executionId="42a6f903-99c4-44f4-8434-665175d7a9db" testId="e3ccb5b3-8a74-b83f-42e4-90ef095cf6a8" testName="Realm.Web.Tests.AppBaseHrefTests.AbsentHeader_RendersTheRootAsBase" computerName="runnervm8df0l" duration="00:00:00.0937733" startTime="2026-10-01T19:13:33.1214713+00:00" endTime="2026-10-01T19:13:33.2154607+00:00" testType="13cdc9d9-ddb5-4fa4-a97d-d965ccfc6d4b" outcome="Passed" testListId="8c84fa94-04c1-424b-9868-57a2d4851a1d" relativeResultsDirectory="42a6f903-99c4-44f4-8434-665175d7a9db" />
    <UnitTestResult executionId="19e3ff46-50b4-449d-98ab-83ab2af86672" testId="0be182f3-0b73-d042-580a-464af79ca34f" testName="Realm.Web.Tests.ForwardedHeadersTests.Registration_ClearsKnownProxiesAndNetworks" computerName="runnervm8df0l" duration="00:00:00.0369345" startTime="2026-10-01T19:13:32.5278229+00:00" endTime="2026-10-01T19:13:32.5653567+00:00" testType="13cdc9d9-ddb5-4fa4-a97d-d965ccfc6d4b" outcome="Passed" testListId="8c84fa94-04c1-424b-9868-57a2d4851a1d" relativeResultsDirectory="19e3ff46-50b4-449d-98ab-83ab2af86672" />
    <UnitTestResult executionId="146de952-371d-426b-98ce-de1af8ef377f" testId="010e098b-7213-fd5e-d96f-aeafd4150971" testName="Realm.Web.Tests.RuntimeOptionsTests.Detect_ReadsTheOptionsPathFromTheEnvironmentFirst" computerName="runnervm8df0l" duration="00:00:00.0033914" startTime="2026-10-01T19:13:32.5966656+00:00" endTime="2026-10-01T19:13:32.6014092+00:00" testType="13cdc9d9-ddb5-4fa4-a97d-d965ccfc6d4b" outcome="Passed" testListId="8c84fa94-04c1-424b-9868-57a2d4851a1d" relativeResultsDirectory="146de952-371d-426b-98ce-de1af8ef377f" />
    <UnitTestResult executionId="6243b7f8-55d8-43dc-9870-3d9e4d79d2b8" testId="b2f719d2-e853-90fb-50de-4041dedd8052" testName="Realm.Web.Tests.HealthzTests.Healthz_Returns200" computerName="runnervm8df0l" duration="00:00:00.0346210" startTime="2026-10-01T19:13:32.5346913+00:00" endTime="2026-10-01T19:13:32.5730985+00:00" testType="13cdc9d9-ddb5-4fa4-a97d-d965ccfc6d4b" outcome="Passed" testListId="8c84fa94-04c1-424b-9868-57a2d4851a1d" relativeResultsDirectory="6243b7f8-55d8-43dc-9870-3d9e4d79d2b8" />
    <UnitTestResult executionId="bc38450e-8c58-4fe5-9d25-db6da67733c3" testId="970bd141-fc54-a1c3-408c-8a6218e12b29" testName="Realm.Web.Tests.IngressPathBaseTests.InvalidHeader_IsIgnoredWithOneWarning(header: &quot;/api/&lt;x&quot;)" computerName="runnervm8df0l" duration="00:00:00.0212234" startTime="2026-10-01T19:13:32.7635280+00:00" endTime="2026-10-01T19:13:32.7882005+00:00" testType="13cdc9d9-ddb5-4fa4-a97d-d965ccfc6d4b" outcome="Passed" testListId="8c84fa94-04c1-424b-9868-57a2d4851a1d" relativeResultsDirectory="bc38450e-8c58-4fe5-9d25-db6da67733c3" />
    <UnitTestResult executionId="23758843-9e47-4093-ba16-882766749778" testId="cb44c6f4-a924-16f5-f954-fac5689c38d8" testName="Realm.Web.Tests.HealthzTests.Healthz_Returns200InLiveModeWithNoHaReachable" computerName="runnervm8df0l" duration="00:00:00.0429484" startTime="2026-10-01T19:13:32.5022988+00:00" endTime="2026-10-01T19:13:32.5217167+00:00" testType="13cdc9d9-ddb5-4fa4-a97d-d965ccfc6d4b" outcome="Passed" testListId="8c84fa94-04c1-424b-9868-57a2d4851a1d" relativeResultsDirectory="23758843-9e47-4093-ba16-882766749778" />
    <UnitTestResult executionId="561a1329-d6a9-42d8-b615-fd22cabad796" testId="262ef556-f8f9-fe07-f9b9-776010c91770" testName="Realm.Web.Tests.TokensCssTests.Get_WithTheCurrentETag_Returns304WithoutABody" computerName="runnervm8df0l" duration="00:00:00.0376117" startTime="2026-10-01T19:13:32.6017658+00:00" endTime="2026-10-01T19:13:32.6371123+00:00" testType="13cdc9d9-ddb5-4fa4-a97d-d965ccfc6d4b" outcome="Passed" testListId="8c84fa94-04c1-424b-9868-57a2d4851a1d" relativeResultsDirectory="561a1329-d6a9-42d8-b615-fd22cabad796" />
    <UnitTestResult executionId="c3362149-0848-4c6b-86a9-6df8719bef24" testId="45ba146c-d780-2af0-1e42-850bb47db41e" testName="Realm.Web.Tests.TokensCssTests.Css_DeclaresThePaletteAsRealmTokensOnRoot" computerName="runnervm8df0l" duration="00:00:00.0003521" startTime="2026-10-01T19:13:32.6644120+00:00" endTime="2026-10-01T19:13:32.6645073+00:00" testType="13cdc9d9-ddb5-4fa4-a97d-d965ccfc6d4b" outcome="Passed" testListId="8c84fa94-04c1-424b-9868-57a2d4851a1d" relativeResultsDirectory="c3362149-0848-4c6b-86a9-6df8719bef24" />
    <UnitTestResult executionId="93f2c918-09ac-4a8d-b3d7-4ac2c6b09f3d" testId="3e7c9004-b36a-f2f9-61b0-ee47edf35c60" testName="Realm.Web.Tests.RuntimeOptionsTests.Detect_AcceptsTheDevelopmentTokenKey" computerName="runnervm8df0l" duration="00:00:00.0002296" startTime="2026-10-01T19:13:32.5963508+00:00" endTime="2026-10-01T19:13:32.5964367+00:00" testType="13cdc9d9-ddb5-4fa4-a97d-d965ccfc6d4b" outcome="Passed" testListId="8c84fa94-04c1-424b-9868-57a2d4851a1d" relativeResultsDirectory="93f2c918-09ac-4a8d-b3d7-4ac2c6b09f3d" />
    <UnitTestResult executionId="cde1a21a-1649-483b-8dab-a94026fbce34" testId="de329687-79c4-68da-95ee-378fcf856eb2" testName="Realm.Web.Tests.RuntimeOptionsTests.Detect_EnablesDetailedErrorsForDemoAndDevelopment(token: &quot;tok&quot;, environmentName: &quot;Development&quot;, expected: True)" computerName="runnervm8df0l" duration="00:00:00.0003940" startTime="2026-10-01T19:13:32.5956706+00:00" endTime="2026-10-01T19:13:32.5957856+00:00" testType="13cdc9d9-ddb5-4fa4-a97d-d965ccfc6d4b" outcome="Passed" testListId="8c84fa94-04c1-424b-9868-57a2d4851a1d" relativeResultsDirectory="cde1a21a-1649-483b-8dab-a94026fbce34" />
    <UnitTestResult executionId="8bdbc4e7-dd7a-4ae2-9c6a-a2084bfaae87" testId="c9327f7e-f430-d48c-6db1-e0dde1012b36" testName="Realm.Web.Tests.AppBaseHrefTests.ValidHeader_RendersThePrefixWithOneTrailingSlashAsBase(header: &quot;/api/hassio_ingress/AbC-_123/&quot;, expectedBase: &quot;/api/hassio_ingress/AbC-_123/&quot;)" computerName="runnervm8df0l" duration="00:00:00.0816145" startTime="2026-10-01T19:13:33.2157604+00:00" endTime="2026-10-01T19:13:33.2965360+00:00" testType="13cdc9d9-ddb5-4fa4-a97d-d965ccfc6d4b" outcome="Passed" testListId="8c84fa94-04c1-424b-9868-57a2d4851a1d" relativeResultsDirectory="8bdbc4e7-dd7a-4ae2-9c6a-a2084bfaae87" />
    <UnitTestResult executionId="6ced2855-1b31-4b7f-b64d-60e34260322e" testId="9fd5b6e9-a987-629d-7e31-51aedf944b9e" testName="Realm.Web.Tests.RuntimeOptionsTests.Detect_AppliesThePrecedence(dataSource: &quot;ha&quot;, token: null, optionsJson: null, expected: Live)" computerName="runnervm8df0l" duration="00:00:00.0000606" startTime="2026-10-01T19:13:32.5891931+00:00" endTime="2026-10-01T19:13:32.5892993+00:00" testType="13cdc9d9-ddb5-4fa4-a97d-d965ccfc6d4b" outcome="Passed" testListId="8c84fa94-04c1-424b-9868-57a2d4851a1d" relativeResultsDirectory="6ced2855-1b31-4b7f-b64d-60e34260322e" />
    <UnitTestResult executionId="5ade66fb-f629-4860-801f-97f471b8788c" testId="742ab2c2-37bc-6912-6b43-00d224766e64" testName="Realm.Web.Tests.IngressPathBaseTests.ValidHeader_SetsPathBaseWithoutTrailingSlashAndLeavesPathAlone(header: &quot;/x&quot;, expectedPathBase: &quot;/x&quot;)" computerName="runnervm8df0l" duration="00:00:00.0401175" startTime="2026-10-01T19:13:32.4998106+00:00" endTime="2026-10-01T19:13:32.5200710+00:00" testType="13cdc9d9-ddb5-4fa4-a97d-d965ccfc6d4b" outcome="Passed" testListId="8c84fa94-04c1-424b-9868-57a2d4851a1d" relativeResultsDirectory="5ade66fb-f629-4860-801f-97f471b8788c" />
    <UnitTestResult executionId="21716912-a886-44b6-b4ee-f8f4ab1120b0" testId="5c7ffee2-fd01-7ad6-6140-6a613db564e4" testName="Realm.Web.Tests.AppBaseHrefTests.InvalidHeader_IsIgnoredAndRendersTheRootAsBase(header: &quot;/api/hassio ingress&quot;)" computerName="runnervm8df0l" duration="00:00:00.1084498" startTime="2026-10-01T19:13:32.8920007+00:00" endTime="2026-10-01T19:13:33.0022794+00:00" testType="13cdc9d9-ddb5-4fa4-a97d-d965ccfc6d4b" outcome="Passed" testListId="8c84fa94-04c1-424b-9868-57a2d4851a1d" relativeResultsDirectory="21716912-a886-44b6-b4ee-f8f4ab1120b0" />
    <UnitTestResult executionId="9ebeef46-7b4d-4497-862d-305f272250a7" testId="33693ed0-789d-ff35-9021-6fbe7d188d3f" testName="Realm.Web.Tests.IngressPathBaseTests.ValidHeader_SetsPathBaseWithoutTrailingSlashAndLeavesPathAlone(header: &quot;/api/hassio_ingress/AbC-_123&quot;, expectedPathBase: &quot;/api/hassio_ingress/AbC-_123&quot;)" computerName="runnervm8df0l" duration="00:00:00.0392707" startTime="2026-10-01T19:13:32.5205402+00:00" endTime="2026-10-01T19:13:32.5616772+00:00" testType="13cdc9d9-ddb5-4fa4-a97d-d965ccfc6d4b" outcome="Passed" testListId="8c84fa94-04c1-424b-9868-57a2d4851a1d" relativeResultsDirectory="9ebeef46-7b4d-4497-862d-305f272250a7" />
    <UnitTestResult executionId="1fe421c5-9c29-4ac9-9b62-b5f163265c80" testId="ee677be5-b993-79dc-c484-ae6b64b17961" testName="Realm.Web.Tests.BottomNavTests.OnADrivingRoute_MarksOnlyDrivingAsCurrent(uri: &quot;driving/king&quot;)" computerName="runnervm8df0l" duration="00:00:00.0056802" startTime="2026-10-01T19:13:33.2051063+00:00" endTime="2026-10-01T19:13:33.2107406+00:00" testType="13cdc9d9-ddb5-4fa4-a97d-d965ccfc6d4b" outcome="Passed" testListId="8c84fa94-04c1-424b-9868-57a2d4851a1d" relativeResultsDirectory="1fe421c5-9c29-4ac9-9b62-b5f163265c80" />
    <UnitTestResult executionId="37fb9f77-76b6-4a48-a02a-418cb95565c4" testId="81524283-cc89-7aad-9a90-4039c60cb15a" testName="Realm.Web.Tests.BottomNavTests.NavigatingBackToTheRoot_MovesTheMarkBackToLocation" computerName="runnervm8df0l" duration="00:00:00.0079770" startTime="2026-10-01T19:13:33.2301756+00:00" endTime="2026-10-01T19:13:33.2380484+00:00" testType="13cdc9d9-ddb5-4fa4-a97d-d965ccfc6d4b" outcome="Passed" testListId="8c84fa94-04c1-424b-9868-57a2d4851a1d" relativeResultsDirectory="37fb9f77-76b6-4a48-a02a-418cb95565c4" />
    <UnitTestResult executionId="3a795375-e86a-4445-8909-c543ed6f9188" testId="d39f8b9e-6ebe-5b83-8321-64cb58695f3a" testName="Realm.Web.Tests.AppBaseHrefTests.ValidHeader_RendersThePrefixWithOneTrailingSlashAsBase(header: &quot;/api/hassio_ingress/AbC-_123&quot;, expectedBase: &quot;/api/hassio_ingress/AbC-_123/&quot;)" computerName="runnervm8df0l" duration="00:00:00.1253125" startTime="2026-10-01T19:13:33.3853986+00:00" endTime="2026-10-01T19:13:33.5105246+00:00" testType="13cdc9d9-ddb5-4fa4-a97d-d965ccfc6d4b" outcome="Passed" testListId="8c84fa94-04c1-424b-9868-57a2d4851a1d" relativeResultsDirectory="3a795375-e86a-4445-8909-c543ed6f9188" />
    <UnitTestResult executionId="00b91b5a-82be-486a-b3e6-6cf6cb34393a" testId="4f905f80-b73d-e7e1-e8d7-7955104b3914" testName="Realm.Web.Tests.AppBaseHrefTests.InvalidHeader_IsIgnoredAndRendersTheRootAsBase(header: &quot;/api/\&quot;x&quot;)" computerName="runnervm8df0l" duration="00:00:04.2695112" startTime="2026-10-01T19:13:28.4714058+00:00" endTime="2026-10-01T19:13:32.7550573+00:00" testType="13cdc9d9-ddb5-4fa4-a97d-d965ccfc6d4b" outcome="Passed" testListId="8c84fa94-04c1-424b-9868-57a2d4851a1d" relativeResultsDirectory="00b91b5a-82be-486a-b3e6-6cf6cb34393a" />
    <UnitTestResult executionId="ef778ea9-9db1-419a-be28-86afe6cae3c2" testId="cda98e41-f1e9-497b-4811-6f8d6c47586b" testName="Realm.Web.Tests.TokensCssTests.Get_ReturnsTheStylesheetWithNoCacheAndAStrongETag" computerName="runnervm8df0l" duration="00:00:00.0269232" startTime="2026-10-01T19:13:32.6374343+00:00" endTime="2026-10-01T19:13:32.6640471+00:00" testType="13cdc9d9-ddb5-4fa4-a97d-d965ccfc6d4b" outcome="Passed" testListId="8c84fa94-04c1-424b-9868-57a2d4851a1d" relativeResultsDirectory="ef778ea9-9db1-419a-be28-86afe6cae3c2" />
    <UnitTestResult executionId="9e22397e-f3d6-44ba-9e80-8feeb38cf935" testId="278acc98-f69e-69ef-33a2-39f347217fa2" testName="Realm.Web.Tests.IngressPathBaseTests.InvalidHeader_IsIgnoredWithOneWarning(header: &quot;api/hassio_ingress/x&quot;)" computerName="runnervm8df0l" duration="00:00:00.0243268" startTime="2026-10-01T19:13:32.6649314+00:00" endTime="2026-10-01T19:13:32.6930740+00:00" testType="13cdc9d9-ddb5-4fa4-a97d-d965ccfc6d4b" outcome="Passed" testListId="8c84fa94-04c1-424b-9868-57a2d4851a1d" relativeResultsDirectory="9e22397e-f3d6-44ba-9e80-8feeb38cf935" />
    <UnitTestResult executionId="3ca21421-d7f0-46d0-b4dc-c3b2f5fdbe77" testId="a5d5162f-f58b-c081-6afa-28d235dd27dd" testName="Realm.Web.Tests.RuntimeOptionsTests.Detect_AppliesThePrecedence(dataSource: null, token: &quot;tok&quot;, optionsJson: &quot;{ not json&quot;, expected: Live)" computerName="runnervm8df0l" duration="00:00:00.0014462" startTime="2026-10-01T19:13:32.5888768+00:00" endTime="2026-10-01T19:13:32.5889952+00:00" testType="13cdc9d9-ddb5-4fa4-a97d-d965ccfc6d4b" outcome="Passed" testListId="8c84fa94-04c1-424b-9868-57a2d4851a1d" relativeResultsDirectory="3ca21421-d7f0-46d0-b4dc-c3b2f5fdbe77" />
    <UnitTestResult executionId="060f69dd-e340-4999-b3bf-c1b80edf64dd" testId="0231e8ca-8361-b0ff-7817-1505068165dd" testName="Realm.Web.Tests.RuntimeOptionsTests.Detect_EnablesDetailedErrorsForDemoAndDevelopment(token: null, environmentName: &quot;Production&quot;, expected: True)" computerName="runnervm8df0l" duration="00:00:00.0000480" startTime="2026-10-01T19:13:32.5960001+00:00" endTime="2026-10-01T19:13:32.5961009+00:00" testType="13cdc9d9-ddb5-4fa4-a97d-d965ccfc6d4b" outcome="Passed" testListId="8c84fa94-04c1-424b-9868-57a2d4851a1d" relativeResultsDirectory="060f69dd-e340-4999-b3bf-c1b80edf64dd" />
    <UnitTestResult executionId="f88c5aaa-76a6-4285-a764-6f7263ef7149" testId="0ea0b356-3dfc-e612-95a3-299975f0b8f8" testName="Realm.Web.Tests.HealthzTests.HealthProbe_ReturnsOneWhenNothingListens" computerName="runnervm8df0l" duration="00:00:00.0098261" startTime="2026-10-01T19:13:32.5220479+00:00" endTime="2026-10-01T19:13:32.5343948+00:00" testType="13cdc9d9-ddb5-4fa4-a97d-d965ccfc6d4b" outcome="Passed" testListId="8c84fa94-04c1-424b-9868-57a2d4851a1d" relativeResultsDirectory="f88c5aaa-76a6-4285-a764-6f7263ef7149" />
    <UnitTestResult executionId="b74a3598-cf44-4ae8-b6b8-496ea39efd83" testId="529de808-6fb9-22d0-4eae-7803fbf0acd8" testName="Realm.Web.Tests.BottomNavTests.OnADrivingRoute_MarksOnlyDrivingAsCurrent(uri: &quot;driving?week=2&quot;)" computerName="runnervm8df0l" duration="00:00:00.0229532" startTime="2026-10-01T19:13:33.1842278+00:00" endTime="2026-10-01T19:13:33.2048357+00:00" testType="13cdc9d9-ddb5-4fa4-a97d-d965ccfc6d4b" outcome="Passed" testListId="8c84fa94-04c1-424b-9868-57a2d4851a1d" relativeResultsDirectory="b74a3598-cf44-4ae8-b6b8-496ea39efd83" />
    <UnitTestResult executionId="1575225f-847c-451c-889f-84d35d5ae4ed" testId="ccc50f05-0069-cc3d-6e59-fa649d4b6c97" testName="Realm.Web.Tests.AppBaseHrefTests.InvalidHeader_IsIgnoredAndRendersTheRootAsBase(header: &quot;api/hassio_ingress/x&quot;)" computerName="runnervm8df0l" duration="00:00:00.1147613" startTime="2026-10-01T19:13:33.0025870+00:00" endTime="2026-10-01T19:13:33.1211007+00:00" testType="13cdc9d9-ddb5-4fa4-a97d-d965ccfc6d4b" outcome="Passed" testListId="8c84fa94-04c1-424b-9868-57a2d4851a1d" relativeResultsDirectory="1575225f-847c-451c-889f-84d35d5ae4ed" />
    <UnitTestResult executionId="19a2b10c-9121-4794-b531-e56932133ba3" testId="e4ba0118-f70a-1bfa-ebdc-9bb06747e282" testName="Realm.Web.Tests.IngressPathBaseTests.InvalidHeader_IsIgnoredWithOneWarning(header: &quot;/api/'x&quot;)" computerName="runnervm8df0l" duration="00:00:00.0212063" startTime="2026-10-01T19:13:32.7241561+00:00" endTime="2026-10-01T19:13:32.7450911+00:00" testType="13cdc9d9-ddb5-4fa4-a97d-d965ccfc6d4b" outcome="Passed" testListId="8c84fa94-04c1-424b-9868-57a2d4851a1d" relativeResultsDirectory="19a2b10c-9121-4794-b531-e56932133ba3" />
    <UnitTestResult executionId="76714493-a4df-4ee1-af7c-f0c2c39aea9e" testId="d7bd337a-684f-2e04-f07d-b9113335b542" testName="Realm.Web.Tests.RuntimeOptionsTests.Detect_AppliesThePrecedence(dataSource: null, token: &quot;tok&quot;, optionsJson: null, expected: Live)" computerName="runnervm8df0l" duration="00:00:00.0000373" startTime="2026-10-01T19:13:32.5944340+00:00" endTime="2026-10-01T19:13:32.5945682+00:00" testType="13cdc9d9-ddb5-4fa4-a97d-d965ccfc6d4b" outcome="Passed" testListId="8c84fa94-04c1-424b-9868-57a2d4851a1d" relativeResultsDirectory="76714493-a4df-4ee1-af7c-f0c2c39aea9e" />
    <UnitTestResult executionId="d91966f2-e42d-45ab-8c1f-945fbf4ce65a" testId="743910b9-6987-3c46-8dd9-9898bca519d8" testName="Realm.Web.Tests.RuntimeOptionsTests.Detect_AppliesThePrecedence(dataSource: null, token: &quot;tok&quot;, optionsJson: &quot;{ \&quot;demo_mode\&quot;: true }&quot;, expected: Demo)" computerName="runnervm8df0l" duration="00:00:00.0004157" startTime="2026-10-01T19:13:32.5950557+00:00" endTime="2026-10-01T19:13:32.5951460+00:00" testType="13cdc9d9-ddb5-4fa4-a97d-d965ccfc6d4b" outcome="Passed" testListId="8c84fa94-04c1-424b-9868-57a2d4851a1d" relativeResultsDirectory="d91966f2-e42d-45ab-8c1f-945fbf4ce65a" />
    <UnitTestResult executionId="9ca7c955-8691-4cbd-a145-3a15caf0e17d" testId="9901b5f3-fb34-36be-ca89-0c6c6fe57563" testName="Realm.Web.Tests.RuntimeOptionsTests.Detect_AppliesThePrecedence(dataSource: null, token: &quot;tok&quot;, optionsJson: &quot;{ \&quot;demo_mode\&quot;: false }&quot;, expected: Live)" computerName="runnervm8df0l" duration="00:00:00.0004454" startTime="2026-10-01T19:13:32.5947594+00:00" endTime="2026-10-01T19:13:32.5948511+00:00" testType="13cdc9d9-ddb5-4fa4-a97d-d965ccfc6d4b" outcome="Passed" testListId="8c84fa94-04c1-424b-9868-57a2d4851a1d" relativeResultsDirectory="9ca7c955-8691-4cbd-a145-3a15caf0e17d" />
    <UnitTestResult executionId="3ed60eb8-b83b-4f5f-8543-5ae4667499e5" testId="34c30903-2878-86c8-5d5b-d5749a79e437" testName="Realm.Web.Tests.RuntimeOptionsTests.Detect_EnablesDetailedErrorsForDemoAndDevelopment(token: &quot;tok&quot;, environmentName: &quot;Production&quot;, expected: False)" computerName="runnervm8df0l" duration="00:00:00.0030063" startTime="2026-10-01T19:13:32.5953856+00:00" endTime="2026-10-01T19:13:32.5954901+00:00" testType="13cdc9d9-ddb5-4fa4-a97d-d965ccfc6d4b" outcome="Passed" testListId="8c84fa94-04c1-424b-9868-57a2d4851a1d" relativeResultsDirectory="3ed60eb8-b83b-4f5f-8543-5ae4667499e5" />
    <UnitTestResult executionId="df11fd22-5c45-4897-bb9b-54c183402160" testId="96ed2e55-4608-937e-5a3c-5f390f91e0a9" testName="Realm.Web.Tests.RuntimeOptionsTests.Detect_AppliesThePrecedence(dataSource: &quot;demo&quot;, token: &quot;tok&quot;, optionsJson: null, expected: Demo)" computerName="runnervm8df0l" duration="00:00:00.0000704" startTime="2026-10-01T19:13:32.5897641+00:00" endTime="2026-10-01T19:13:32.5898451+00:00" testType="13cdc9d9-ddb5-4fa4-a97d-d965ccfc6d4b" outcome="Passed" testListId="8c84fa94-04c1-424b-9868-57a2d4851a1d" relativeResultsDirectory="df11fd22-5c45-4897-bb9b-54c183402160" />
    <UnitTestResult executionId="a2368177-75ba-4dd8-b555-340f399212ad" testId="c4bb81ef-e028-f63b-8f1a-f1dd55f3bc2c" testName="Realm.Web.Tests.IngressPathBaseTests.AbsentHeader_LeavesPathBaseEmptyWithoutWarning" computerName="runnervm8df0l" duration="00:00:00.0443204" startTime="2026-10-01T19:13:32.8206178+00:00" endTime="2026-10-01T19:13:32.8681596+00:00" testType="13cdc9d9-ddb5-4fa4-a97d-d965ccfc6d4b" outcome="Passed" testListId="8c84fa94-04c1-424b-9868-57a2d4851a1d" relativeResultsDirectory="a2368177-75ba-4dd8-b555-340f399212ad" />
    <UnitTestResult executionId="ee0276ca-5f42-4067-b29d-8dd1ea881161" testId="f0ce7296-12c5-259d-102c-3364e89d4b1c" testName="Realm.Web.Tests.HealthzTests.HealthProbe_ReturnsZeroWhenHealthzAnswers" computerName="runnervm8df0l" duration="00:00:03.0344061" startTime="2026-10-01T19:13:29.4381650+00:00" endTime="2026-10-01T19:13:32.4794474+00:00" testType="13cdc9d9-ddb5-4fa4-a97d-d965ccfc6d4b" outcome="Passed" testListId="8c84fa94-04c1-424b-9868-57a2d4851a1d" relativeResultsDirectory="ee0276ca-5f42-4067-b29d-8dd1ea881161" />
    <UnitTestResult executionId="045f34fa-7d76-49c3-a6d0-fb6ca8256486" testId="8d70a949-adb6-a47f-45a5-3ebea55ef9a2" testName="Realm.Web.Tests.IngressPathBaseTests.InvalidHeader_SameValueTwice_WarnsOnce" computerName="runnervm8df0l" duration="00:00:00.0705776" startTime="2026-10-01T19:13:32.5620552+00:00" endTime="2026-10-01T19:13:32.6348782+00:00" testType="13cdc9d9-ddb5-4fa4-a97d-d965ccfc6d4b" outcome="Passed" testListId="8c84fa94-04c1-424b-9868-57a2d4851a1d" relativeResultsDirectory="045f34fa-7d76-49c3-a6d0-fb6ca8256486" />
    <UnitTestResult executionId="a8c576fc-8226-4c8a-8417-94283002898d" testId="2c022698-0920-de7b-cecb-64ad26820b05" testName="Realm.Web.Tests.BottomNavTests.OnAnyOtherPath_MarksNeitherLinkAsCurrent(uri: &quot;drivingx&quot;)" computerName="runnervm8df0l" duration="00:00:00.0045971" startTime="2026-10-01T19:13:33.2208274+00:00" endTime="2026-10-01T19:13:33.2253786+00:00" testType="13cdc9d9-ddb5-4fa4-a97d-d965ccfc6d4b" outcome="Passed" testListId="8c84fa94-04c1-424b-9868-57a2d4851a1d" relativeResultsDirectory="a8c576fc-8226-4c8a-8417-94283002898d" />
    <UnitTestResult executionId="d3aeb451-31ec-40ad-a937-67875e12d436" testId="c1676977-3f4d-0e82-8d44-8b6e4e9c1c8e" testName="Realm.Web.Tests.RuntimeOptionsTests.Detect_AppliesThePrecedence(dataSource: &quot;DEMO&quot;, token: &quot;tok&quot;, optionsJson: null, expected: Demo)" computerName="runnervm8df0l" duration="00:00:00.0000413" startTime="2026-10-01T19:13:32.5900413+00:00" endTime="2026-10-01T19:13:32.5901257+00:00" testType="13cdc9d9-ddb5-4fa4-a97d-d965ccfc6d4b" outcome="Passed" testListId="8c84fa94-04c1-424b-9868-57a2d4851a1d" relativeResultsDirectory="d3aeb451-31ec-40ad-a937-67875e12d436" />
    <UnitTestResult executionId="4a756264-4611-47a3-a7f7-bde03d7ccf81" testId="13585078-f90a-a352-0200-6d57460c025b" testName="Realm.Web.Tests.AppBaseHrefTests.ValidHeader_RendersThePrefixWithOneTrailingSlashAsBase(header: &quot;/x&quot;, expectedBase: &quot;/x/&quot;)" computerName="runnervm8df0l" duration="00:00:00.0878333" startTime="2026-10-01T19:13:33.2968003+00:00" endTime="2026-10-01T19:13:33.3851095+00:00" testType="13cdc9d9-ddb5-4fa4-a97d-d965ccfc6d4b" outcome="Passed" testListId="8c84fa94-04c1-424b-9868-57a2d4851a1d" relativeResultsDirectory="4a756264-4611-47a3-a7f7-bde03d7ccf81" />
    <UnitTestResult executionId="edb92d83-ad2a-4b01-873a-6025b77fa8cb" testId="e7f58657-b5be-d6b8-e00d-6ad838079cdf" testName="Realm.Web.Tests.IngressPathBaseTests.EmptyHeader_IsTreatedAsAbsent" computerName="runnervm8df0l" duration="00:00:00.0271923" startTime="2026-10-01T19:13:32.6352342+00:00" endTime="2026-10-01T19:13:32.6647125+00:00" testType="13cdc9d9-ddb5-4fa4-a97d-d965ccfc6d4b" outcome="Passed" testListId="8c84fa94-04c1-424b-9868-57a2d4851a1d" relativeResultsDirectory="edb92d83-ad2a-4b01-873a-6025b77fa8cb" />
    <UnitTestResult executionId="7a8cc5a2-fefe-42da-a680-6e1aac2321e0" testId="2e858096-a948-b430-79d0-1a6cc144ff87" testName="Realm.Web.Tests.RuntimeOptionsTests.Detect_AppliesThePrecedence(dataSource: &quot;auto&quot;, token: &quot;tok&quot;, optionsJson: null, expected: Live)" computerName="runnervm8df0l" duration="00:00:00.0000682" startTime="2026-10-01T19:13:32.5886072+00:00" endTime="2026-10-01T19:13:32.5887062+00:00" testType="13cdc9d9-ddb5-4fa4-a97d-d965ccfc6d4b" outcome="Passed" testListId="8c84fa94-04c1-424b-9868-57a2d4851a1d" relativeResultsDirectory="7a8cc5a2-fefe-42da-a680-6e1aac2321e0" />
    <UnitTestResult executionId="842bb473-a73e-45a3-8dea-865065a7a74c" testId="a6428923-2b10-1ef1-3cf8-f3d59e9835ed" testName="Realm.Web.Tests.RuntimeOptionsTests.Detect_AppliesThePrecedence(dataSource: null, token: &quot;tok&quot;, optionsJson: &quot;[]&quot;, expected: Live)" computerName="runnervm8df0l" duration="00:00:00.0005475" startTime="2026-10-01T19:13:32.5883216+00:00" endTime="2026-10-01T19:13:32.5884279+00:00" testType="13cdc9d9-ddb5-4fa4-a97d-d965ccfc6d4b" outcome="Passed" testListId="8c84fa94-04c1-424b-9868-57a2d4851a1d" relativeResultsDirectory="842bb473-a73e-45a3-8dea-865065a7a74c" />
    <UnitTestResult executionId="1dec25b4-3ef9-498c-9309-0821e85cbf0b" testId="be876a28-4e66-89c5-8d1c-570618f1e7a5" testName="Realm.Web.Tests.ForwardedHeadersTests.ProtoAndHostHeaders_AreApplied" computerName="runnervm8df0l" duration="00:00:00.0485203" startTime="2026-10-01T19:13:32.5020262+00:00" endTime="2026-10-01T19:13:32.5275564+00:00" testType="13cdc9d9-ddb5-4fa4-a97d-d965ccfc6d4b" outcome="Passed" testListId="8c84fa94-04c1-424b-9868-57a2d4851a1d" relativeResultsDirectory="1dec25b4-3ef9-498c-9309-0821e85cbf0b" />
    <UnitTestResult executionId="525653d7-9888-4d08-85cf-632922f0d311" testId="69bd6f5d-49bb-d00d-95f6-068b1d351b44" testName="Realm.Web.Tests.RuntimeOptionsTests.Detect_AppliesThePrecedence(dataSource: null, token: &quot;tok&quot;, optionsJson: &quot;{ \&quot;demo_mode\&quot;: \&quot;true\&quot; }&quot;, expected: Live)" computerName="runnervm8df0l" duration="00:00:00.0072050" startTime="2026-10-01T19:13:32.5815066+00:00" endTime="2026-10-01T19:13:32.5880550+00:00" testType="13cdc9d9-ddb5-4fa4-a97d-d965ccfc6d4b" outcome="Passed" testListId="8c84fa94-04c1-424b-9868-57a2d4851a1d" relativeResultsDirectory="525653d7-9888-4d08-85cf-632922f0d311" />
    <UnitTestResult executionId="39630519-199a-49fd-80ac-10662500257d" testId="8e79516a-3ea2-22c6-e71f-b8401cedc04e" testName="Realm.Web.Tests.BottomNavTests.Renders_TwoRelativeLinks_NamedLocationAndDriving" computerName="runnervm8df0l" duration="00:00:00.5430570" startTime="2026-10-01T19:13:32.6304369+00:00" endTime="2026-10-01T19:13:33.1803082+00:00" testType="13cdc9d9-ddb5-4fa4-a97d-d965ccfc6d4b" outcome="Passed" testListId="8c84fa94-04c1-424b-9868-57a2d4851a1d" relativeResultsDirectory="39630519-199a-49fd-80ac-10662500257d" />
    <UnitTestResult executionId="35f39438-1b5d-4b67-bce5-1d84facfcd2e" testId="75d8bb3b-a0f7-8337-0c52-75d4046f2f5d" testName="Realm.Web.Tests.AppBaseHrefTests.InvalidHeader_IsIgnoredAndRendersTheRootAsBase(header: &quot;/api/&lt;x&quot;)" computerName="runnervm8df0l" duration="00:00:00.1388979" startTime="2026-10-01T19:13:32.7553083+00:00" endTime="2026-10-01T19:13:32.8916917+00:00" testType="13cdc9d9-ddb5-4fa4-a97d-d965ccfc6d4b" outcome="Passed" testListId="8c84fa94-04c1-424b-9868-57a2d4851a1d" relativeResultsDirectory="35f39438-1b5d-4b67-bce5-1d84facfcd2e" />
    <UnitTestResult executionId="1548da65-060b-4d1b-8ce0-594502fa2c42" testId="f430cf33-c1e2-ce60-fdd5-b4567d5b6ae4" testName="Realm.Web.Tests.IngressPathBaseTests.ValidHeader_SetsPathBaseWithoutTrailingSlashAndLeavesPathAlone(header: &quot;/api/hassio_ingress/AbC-_123/&quot;, expectedPathBase: &quot;/api/hassio_ingress/AbC-_123&quot;)" computerName="runnervm8df0l" duration="00:00:03.9890459" startTime="2026-10-01T19:13:28.4713439+00:00" endTime="2026-10-01T19:13:32.4793205+00:00" testType="13cdc9d9-ddb5-4fa4-a97d-d965ccfc6d4b" outcome="Passed" testListId="8c84fa94-04c1-424b-9868-57a2d4851a1d" relativeResultsDirectory="1548da65-060b-4d1b-8ce0-594502fa2c42" />
  </Results>
  <TestDefinitions>
    <UnitTest name="Realm.Web.Tests.RuntimeOptionsTests.Detect_AcceptsTheDevelopmentTokenKey" storage="/home/runner/work/ha360/ha360/tests/realm.web.tests/bin/release/net10.0/realm.web.tests.dll" id="3e7c9004-b36a-f2f9-61b0-ee47edf35c60">
      <Execution id="93f2c918-09ac-4a8d-b3d7-4ac2c6b09f3d" />
      <TestMethod codeBase="/home/runner/work/HA360/HA360/tests/Realm.Web.Tests/bin/Release/net10.0/Realm.Web.Tests.dll" adapterTypeName="executor://xunit/VsTestRunner3/netcore/" className="Realm.Web.Tests.RuntimeOptionsTests" name="Detect_AcceptsTheDevelopmentTokenKey" />
    </UnitTest>
    <UnitTest name="Realm.Web.Tests.ErrorPlainTests.UnhandledException_ReturnsA500WithTheGenericTextOnly" storage="/home/runner/work/ha360/ha360/tests/realm.web.tests/bin/release/net10.0/realm.web.tests.dll" id="c3c300f8-1fb7-b791-c633-a8b83290b08e">
      <Execution id="80da157e-eadc-4ce8-a8ef-74b1b2e78252" />
      <TestMethod codeBase="/home/runner/work/HA360/HA360/tests/Realm.Web.Tests/bin/Release/net10.0/Realm.Web.Tests.dll" adapterTypeName="executor://xunit/VsTestRunner3/netcore/" className="Realm.Web.Tests.ErrorPlainTests" name="UnhandledException_ReturnsA500WithTheGenericTextOnly" />
    </UnitTest>
    <UnitTest name="Realm.Web.Tests.RuntimeOptionsTests.Detect_AppliesThePrecedence(dataSource: null, token: &quot;tok&quot;, optionsJson: &quot;{ \&quot;demo_mode\&quot;: true }&quot;, expected: Demo)" storage="/home/runner/work/ha360/ha360/tests/realm.web.tests/bin/release/net10.0/realm.web.tests.dll" id="743910b9-6987-3c46-8dd9-9898bca519d8">
      <Execution id="d91966f2-e42d-45ab-8c1f-945fbf4ce65a" />
      <TestMethod codeBase="/home/runner/work/HA360/HA360/tests/Realm.Web.Tests/bin/Release/net10.0/Realm.Web.Tests.dll" adapterTypeName="executor://xunit/VsTestRunner3/netcore/" className="Realm.Web.Tests.RuntimeOptionsTests" name="Detect_AppliesThePrecedence" />
    </UnitTest>
    <UnitTest name="Realm.Web.Tests.HealthzTests.HealthProbe_ReturnsOneWhenNothingListens" storage="/home/runner/work/ha360/ha360/tests/realm.web.tests/bin/release/net10.0/realm.web.tests.dll" id="0ea0b356-3dfc-e612-95a3-299975f0b8f8">
      <Execution id="f88c5aaa-76a6-4285-a764-6f7263ef7149" />
      <TestMethod codeBase="/home/runner/work/HA360/HA360/tests/Realm.Web.Tests/bin/Release/net10.0/Realm.Web.Tests.dll" adapterTypeName="executor://xunit/VsTestRunner3/netcore/" className="Realm.Web.Tests.HealthzTests" name="HealthProbe_ReturnsOneWhenNothingListens" />
    </UnitTest>
    <UnitTest name="Realm.Web.Tests.BottomNavTests.OnADrivingRoute_MarksOnlyDrivingAsCurrent(uri: &quot;driving/king&quot;)" storage="/home/runner/work/ha360/ha360/tests/realm.web.tests/bin/release/net10.0/realm.web.tests.dll" id="ee677be5-b993-79dc-c484-ae6b64b17961">
      <Execution id="1fe421c5-9c29-4ac9-9b62-b5f163265c80" />
      <TestMethod codeBase="/home/runner/work/HA360/HA360/tests/Realm.Web.Tests/bin/Release/net10.0/Realm.Web.Tests.dll" adapterTypeName="executor://xunit/VsTestRunner3/netcore/" className="Realm.Web.Tests.BottomNavTests" name="OnADrivingRoute_MarksOnlyDrivingAsCurrent" />
    </UnitTest>
    <UnitTest name="Realm.Web.Tests.AppBaseHrefTests.InvalidHeader_IsIgnoredAndRendersTheRootAsBase(header: &quot;/api/\&quot;x&quot;)" storage="/home/runner/work/ha360/ha360/tests/realm.web.tests/bin/release/net10.0/realm.web.tests.dll" id="4f905f80-b73d-e7e1-e8d7-7955104b3914">
      <Execution id="00b91b5a-82be-486a-b3e6-6cf6cb34393a" />
      <TestMethod codeBase="/home/runner/work/HA360/HA360/tests/Realm.Web.Tests/bin/Release/net10.0/Realm.Web.Tests.dll" adapterTypeName="executor://xunit/VsTestRunner3/netcore/" className="Realm.Web.Tests.AppBaseHrefTests" name="InvalidHeader_IsIgnoredAndRendersTheRootAsBase" />
    </UnitTest>
    <UnitTest name="Realm.Web.Tests.ForwardedHeadersTests.WithoutForwardedHeaders_KeepsTheLoopbackOrigin" storage="/home/runner/work/ha360/ha360/tests/realm.web.tests/bin/release/net10.0/realm.web.tests.dll" id="e946f5b4-7bdd-3d0a-6f6e-b9fa7b7de593">
      <Execution id="8eb11eb7-ed48-45cb-bae8-84be4ecf577d" />
      <TestMethod codeBase="/home/runner/work/HA360/HA360/tests/Realm.Web.Tests/bin/Release/net10.0/Realm.Web.Tests.dll" adapterTypeName="executor://xunit/VsTestRunner3/netcore/" className="Realm.Web.Tests.ForwardedHeadersTests" name="WithoutForwardedHeaders_KeepsTheLoopbackOrigin" />
    </UnitTest>
    <UnitTest name="Realm.Web.Tests.IngressPathBaseTests.InvalidHeader_IsIgnoredWithOneWarning(header: &quot;/api/hassio ingress&quot;)" storage="/home/runner/work/ha360/ha360/tests/realm.web.tests/bin/release/net10.0/realm.web.tests.dll" id="6e5d85af-ae8d-3cc7-6bad-065cae8c06c0">
      <Execution id="96bcee56-2f3c-49e8-93fd-3cb44fe39517" />
      <TestMethod codeBase="/home/runner/work/HA360/HA360/tests/Realm.Web.Tests/bin/Release/net10.0/Realm.Web.Tests.dll" adapterTypeName="executor://xunit/VsTestRunner3/netcore/" className="Realm.Web.Tests.IngressPathBaseTests" name="InvalidHeader_IsIgnoredWithOneWarning" />
    </UnitTest>
    <UnitTest name="Realm.Web.Tests.RuntimeOptionsTests.Detect_EnablesDetailedErrorsForDemoAndDevelopment(token: &quot;tok&quot;, environmentName: &quot;Production&quot;, expected: False)" storage="/home/runner/work/ha360/ha360/tests/realm.web.tests/bin/release/net10.0/realm.web.tests.dll" id="34c30903-2878-86c8-5d5b-d5749a79e437">
      <Execution id="3ed60eb8-b83b-4f5f-8543-5ae4667499e5" />
      <TestMethod codeBase="/home/runner/work/HA360/HA360/tests/Realm.Web.Tests/bin/Release/net10.0/Realm.Web.Tests.dll" adapterTypeName="executor://xunit/VsTestRunner3/netcore/" className="Realm.Web.Tests.RuntimeOptionsTests" name="Detect_EnablesDetailedErrorsForDemoAndDevelopment" />
    </UnitTest>
    <UnitTest name="Realm.Web.Tests.AppBaseHrefTests.ValidHeader_RendersThePrefixWithOneTrailingSlashAsBase(header: &quot;/api/hassio_ingress/AbC-_123/&quot;, expectedBase: &quot;/api/hassio_ingress/AbC-_123/&quot;)" storage="/home/runner/work/ha360/ha360/tests/realm.web.tests/bin/release/net10.0/realm.web.tests.dll" id="c9327f7e-f430-d48c-6db1-e0dde1012b36">
      <Execution id="8bdbc4e7-dd7a-4ae2-9c6a-a2084bfaae87" />
      <TestMethod codeBase="/home/runner/work/HA360/HA360/tests/Realm.Web.Tests/bin/Release/net10.0/Realm.Web.Tests.dll" adapterTypeName="executor://xunit/VsTestRunner3/netcore/" className="Realm.Web.Tests.AppBaseHrefTests" name="ValidHeader_RendersThePrefixWithOneTrailingSlashAsBase" />
    </UnitTest>
    <UnitTest name="Realm.Web.Tests.IngressPathBaseTests.AbsentHeader_LeavesPathBaseEmptyWithoutWarning" storage="/home/runner/work/ha360/ha360/tests/realm.web.tests/bin/release/net10.0/realm.web.tests.dll" id="c4bb81ef-e028-f63b-8f1a-f1dd55f3bc2c">
      <Execution id="a2368177-75ba-4dd8-b555-340f399212ad" />
      <TestMethod codeBase="/home/runner/work/HA360/HA360/tests/Realm.Web.Tests/bin/Release/net10.0/Realm.Web.Tests.dll" adapterTypeName="executor://xunit/VsTestRunner3/netcore/" className="Realm.Web.Tests.IngressPathBaseTests" name="AbsentHeader_LeavesPathBaseEmptyWithoutWarning" />
    </UnitTest>
    <UnitTest name="Realm.Web.Tests.IngressPathBaseTests.ValidHeader_SetsPathBaseWithoutTrailingSlashAndLeavesPathAlone(header: &quot;/api/hassio_ingress/AbC-_123&quot;, expectedPathBase: &quot;/api/hassio_ingress/AbC-_123&quot;)" storage="/home/runner/work/ha360/ha360/tests/realm.web.tests/bin/release/net10.0/realm.web.tests.dll" id="33693ed0-789d-ff35-9021-6fbe7d188d3f">
      <Execution id="9ebeef46-7b4d-4497-862d-305f272250a7" />
      <TestMethod codeBase="/home/runner/work/HA360/HA360/tests/Realm.Web.Tests/bin/Release/net10.0/Realm.Web.Tests.dll" adapterTypeName="executor://xunit/VsTestRunner3/netcore/" className="Realm.Web.Tests.IngressPathBaseTests" name="ValidHeader_SetsPathBaseWithoutTrailingSlashAndLeavesPathAlone" />
    </UnitTest>
    <UnitTest name="Realm.Web.Tests.BottomNavTests.NavigatingBackToTheRoot_MovesTheMarkBackToLocation" storage="/home/runner/work/ha360/ha360/tests/realm.web.tests/bin/release/net10.0/realm.web.tests.dll" id="81524283-cc89-7aad-9a90-4039c60cb15a">
      <Execution id="37fb9f77-76b6-4a48-a02a-418cb95565c4" />
      <TestMethod codeBase="/home/runner/work/HA360/HA360/tests/Realm.Web.Tests/bin/Release/net10.0/Realm.Web.Tests.dll" adapterTypeName="executor://xunit/VsTestRunner3/netcore/" className="Realm.Web.Tests.BottomNavTests" name="NavigatingBackToTheRoot_MovesTheMarkBackToLocation" />
    </UnitTest>
    <UnitTest name="Realm.Web.Tests.RuntimeOptionsTests.Detect_AppliesThePrecedence(dataSource: &quot;DEMO&quot;, token: &quot;tok&quot;, optionsJson: null, expected: Demo)" storage="/home/runner/work/ha360/ha360/tests/realm.web.tests/bin/release/net10.0/realm.web.tests.dll" id="c1676977-3f4d-0e82-8d44-8b6e4e9c1c8e">
      <Execution id="d3aeb451-31ec-40ad-a937-67875e12d436" />
      <TestMethod codeBase="/home/runner/work/HA360/HA360/tests/Realm.Web.Tests/bin/Release/net10.0/Realm.Web.Tests.dll" adapterTypeName="executor://xunit/VsTestRunner3/netcore/" className="Realm.Web.Tests.RuntimeOptionsTests" name="Detect_AppliesThePrecedence" />
    </UnitTest>
    <UnitTest name="Realm.Web.Tests.IngressPathBaseTests.InvalidHeader_IsIgnoredWithOneWarning(header: &quot;/api/\&quot;x&quot;)" storage="/home/runner/work/ha360/ha360/tests/realm.web.tests/bin/release/net10.0/realm.web.tests.dll" id="a97f3df4-7b45-75fa-7a08-7a3a7b1e01f3">
      <Execution id="33ad745c-6d92-44fb-bf8f-45b1bc86c43b" />
      <TestMethod codeBase="/home/runner/work/HA360/HA360/tests/Realm.Web.Tests/bin/Release/net10.0/Realm.Web.Tests.dll" adapterTypeName="executor://xunit/VsTestRunner3/netcore/" className="Realm.Web.Tests.IngressPathBaseTests" name="InvalidHeader_IsIgnoredWithOneWarning" />
    </UnitTest>
    <UnitTest name="Realm.Web.Tests.TokensCssTests.Css_DeclaresThePaletteAsRealmTokensOnRoot" storage="/home/runner/work/ha360/ha360/tests/realm.web.tests/bin/release/net10.0/realm.web.tests.dll" id="45ba146c-d780-2af0-1e42-850bb47db41e">
      <Execution id="c3362149-0848-4c6b-86a9-6df8719bef24" />
      <TestMethod codeBase="/home/runner/work/HA360/HA360/tests/Realm.Web.Tests/bin/Release/net10.0/Realm.Web.Tests.dll" adapterTypeName="executor://xunit/VsTestRunner3/netcore/" className="Realm.Web.Tests.TokensCssTests" name="Css_DeclaresThePaletteAsRealmTokensOnRoot" />
    </UnitTest>
    <UnitTest name="Realm.Web.Tests.TokensCssTests.Get_WithTheCurrentETag_Returns304WithoutABody" storage="/home/runner/work/ha360/ha360/tests/realm.web.tests/bin/release/net10.0/realm.web.tests.dll" id="262ef556-f8f9-fe07-f9b9-776010c91770">
      <Execution id="561a1329-d6a9-42d8-b615-fd22cabad796" />
      <TestMethod codeBase="/home/runner/work/HA360/HA360/tests/Realm.Web.Tests/bin/Release/net10.0/Realm.Web.Tests.dll" adapterTypeName="executor://xunit/VsTestRunner3/netcore/" className="Realm.Web.Tests.TokensCssTests" name="Get_WithTheCurrentETag_Returns304WithoutABody" />
    </UnitTest>
    <UnitTest name="Realm.Web.Tests.RuntimeOptionsTests.Detect_EnablesDetailedErrorsForDemoAndDevelopment(token: &quot;tok&quot;, environmentName: &quot;Development&quot;, expected: True)" storage="/home/runner/work/ha360/ha360/tests/realm.web.tests/bin/release/net10.0/realm.web.tests.dll" id="de329687-79c4-68da-95ee-378fcf856eb2">
      <Execution id="cde1a21a-1649-483b-8dab-a94026fbce34" />
      <TestMethod codeBase="/home/runner/work/HA360/HA360/tests/Realm.Web.Tests/bin/Release/net10.0/Realm.Web.Tests.dll" adapterTypeName="executor://xunit/VsTestRunner3/netcore/" className="Realm.Web.Tests.RuntimeOptionsTests" name="Detect_EnablesDetailedErrorsForDemoAndDevelopment" />
    </UnitTest>
    <UnitTest name="Realm.Web.Tests.AppBaseHrefTests.InvalidHeader_IsIgnoredAndRendersTheRootAsBase(header: &quot;/api/&lt;x&quot;)" storage="/home/runner/work/ha360/ha360/tests/realm.web.tests/bin/release/net10.0/realm.web.tests.dll" id="75d8bb3b-a0f7-8337-0c52-75d4046f2f5d">
      <Execution id="35f39438-1b5d-4b67-bce5-1d84facfcd2e" />
      <TestMethod codeBase="/home/runner/work/HA360/HA360/tests/Realm.Web.Tests/bin/Release/net10.0/Realm.Web.Tests.dll" adapterTypeName="executor://xunit/VsTestRunner3/netcore/" className="Realm.Web.Tests.AppBaseHrefTests" name="InvalidHeader_IsIgnoredAndRendersTheRootAsBase" />
    </UnitTest>
    <UnitTest name="Realm.Web.Tests.ForwardedHeadersTests.ProtoAndHostHeaders_AreApplied" storage="/home/runner/work/ha360/ha360/tests/realm.web.tests/bin/release/net10.0/realm.web.tests.dll" id="be876a28-4e66-89c5-8d1c-570618f1e7a5">
      <Execution id="1dec25b4-3ef9-498c-9309-0821e85cbf0b" />
      <TestMethod codeBase="/home/runner/work/HA360/HA360/tests/Realm.Web.Tests/bin/Release/net10.0/Realm.Web.Tests.dll" adapterTypeName="executor://xunit/VsTestRunner3/netcore/" className="Realm.Web.Tests.ForwardedHeadersTests" name="ProtoAndHostHeaders_AreApplied" />
    </UnitTest>
    <UnitTest name="Realm.Web.Tests.HealthzTests.Healthz_Returns200" storage="/home/runner/work/ha360/ha360/tests/realm.web.tests/bin/release/net10.0/realm.web.tests.dll" id="b2f719d2-e853-90fb-50de-4041dedd8052">
      <Execution id="6243b7f8-55d8-43dc-9870-3d9e4d79d2b8" />
      <TestMethod codeBase="/home/runner/work/HA360/HA360/tests/Realm.Web.Tests/bin/Release/net10.0/Realm.Web.Tests.dll" adapterTypeName="executor://xunit/VsTestRunner3/netcore/" className="Realm.Web.Tests.HealthzTests" name="Healthz_Returns200" />
    </UnitTest>
    <UnitTest name="Realm.Web.Tests.IngressPathBaseTests.ValidHeader_SetsPathBaseWithoutTrailingSlashAndLeavesPathAlone(header: &quot;/api/hassio_ingress/AbC-_123/&quot;, expectedPathBase: &quot;/api/hassio_ingress/AbC-_123&quot;)" storage="/home/runner/work/ha360/ha360/tests/realm.web.tests/bin/release/net10.0/realm.web.tests.dll" id="f430cf33-c1e2-ce60-fdd5-b4567d5b6ae4">
      <Execution id="1548da65-060b-4d1b-8ce0-594502fa2c42" />
      <TestMethod codeBase="/home/runner/work/HA360/HA360/tests/Realm.Web.Tests/bin/Release/net10.0/Realm.Web.Tests.dll" adapterTypeName="executor://xunit/VsTestRunner3/netcore/" className="Realm.Web.Tests.IngressPathBaseTests" name="ValidHeader_SetsPathBaseWithoutTrailingSlashAndLeavesPathAlone" />
    </UnitTest>
    <UnitTest name="Realm.Web.Tests.IngressPathBaseTests.EmptyHeader_IsTreatedAsAbsent" storage="/home/runner/work/ha360/ha360/tests/realm.web.tests/bin/release/net10.0/realm.web.tests.dll" id="e7f58657-b5be-d6b8-e00d-6ad838079cdf">
      <Execution id="edb92d83-ad2a-4b01-873a-6025b77fa8cb" />
      <TestMethod codeBase="/home/runner/work/HA360/HA360/tests/Realm.Web.Tests/bin/Release/net10.0/Realm.Web.Tests.dll" adapterTypeName="executor://xunit/VsTestRunner3/netcore/" className="Realm.Web.Tests.IngressPathBaseTests" name="EmptyHeader_IsTreatedAsAbsent" />
    </UnitTest>
    <UnitTest name="Realm.Web.Tests.AppBaseHrefTests.InvalidHeader_IsIgnoredAndRendersTheRootAsBase(header: &quot;/api/hassio ingress&quot;)" storage="/home/runner/work/ha360/ha360/tests/realm.web.tests/bin/release/net10.0/realm.web.tests.dll" id="5c7ffee2-fd01-7ad6-6140-6a613db564e4">
      <Execution id="21716912-a886-44b6-b4ee-f8f4ab1120b0" />
      <TestMethod codeBase="/home/runner/work/HA360/HA360/tests/Realm.Web.Tests/bin/Release/net10.0/Realm.Web.Tests.dll" adapterTypeName="executor://xunit/VsTestRunner3/netcore/" className="Realm.Web.Tests.AppBaseHrefTests" name="InvalidHeader_IsIgnoredAndRendersTheRootAsBase" />
    </UnitTest>
    <UnitTest name="Realm.Web.Tests.RuntimeOptionsTests.Detect_AppliesThePrecedence(dataSource: null, token: &quot;tok&quot;, optionsJson: &quot;{ not json&quot;, expected: Live)" storage="/home/runner/work/ha360/ha360/tests/realm.web.tests/bin/release/net10.0/realm.web.tests.dll" id="a5d5162f-f58b-c081-6afa-28d235dd27dd">
      <Execution id="3ca21421-d7f0-46d0-b4dc-c3b2f5fdbe77" />
      <TestMethod codeBase="/home/runner/work/HA360/HA360/tests/Realm.Web.Tests/bin/Release/net10.0/Realm.Web.Tests.dll" adapterTypeName="executor://xunit/VsTestRunner3/netcore/" className="Realm.Web.Tests.RuntimeOptionsTests" name="Detect_AppliesThePrecedence" />
    </UnitTest>
    <UnitTest name="Realm.Web.Tests.BottomNavTests.OnADrivingRoute_MarksOnlyDrivingAsCurrent(uri: &quot;driving/king?week=1&quot;)" storage="/home/runner/work/ha360/ha360/tests/realm.web.tests/bin/release/net10.0/realm.web.tests.dll" id="a107963d-45bc-3ddd-cc5c-ddddebfa5ff8">
      <Execution id="c0abfda9-8a3e-451c-a49b-61f8b6d87a84" />
      <TestMethod codeBase="/home/runner/work/HA360/HA360/tests/Realm.Web.Tests/bin/Release/net10.0/Realm.Web.Tests.dll" adapterTypeName="executor://xunit/VsTestRunner3/netcore/" className="Realm.Web.Tests.BottomNavTests" name="OnADrivingRoute_MarksOnlyDrivingAsCurrent" />
    </UnitTest>
    <UnitTest name="Realm.Web.Tests.RuntimeOptionsTests.Detect_AppliesThePrecedence(dataSource: null, token: &quot;tok&quot;, optionsJson: &quot;[]&quot;, expected: Live)" storage="/home/runner/work/ha360/ha360/tests/realm.web.tests/bin/release/net10.0/realm.web.tests.dll" id="a6428923-2b10-1ef1-3cf8-f3d59e9835ed">
      <Execution id="842bb473-a73e-45a3-8dea-865065a7a74c" />
      <TestMethod codeBase="/home/runner/work/HA360/HA360/tests/Realm.Web.Tests/bin/Release/net10.0/Realm.Web.Tests.dll" adapterTypeName="executor://xunit/VsTestRunner3/netcore/" className="Realm.Web.Tests.RuntimeOptionsTests" name="Detect_AppliesThePrecedence" />
    </UnitTest>
    <UnitTest name="Realm.Web.Tests.HealthzTests.HealthProbe_ReturnsZeroWhenHealthzAnswers" storage="/home/runner/work/ha360/ha360/tests/realm.web.tests/bin/release/net10.0/realm.web.tests.dll" id="f0ce7296-12c5-259d-102c-3364e89d4b1c">
      <Execution id="ee0276ca-5f42-4067-b29d-8dd1ea881161" />
      <TestMethod codeBase="/home/runner/work/HA360/HA360/tests/Realm.Web.Tests/bin/Release/net10.0/Realm.Web.Tests.dll" adapterTypeName="executor://xunit/VsTestRunner3/netcore/" className="Realm.Web.Tests.HealthzTests" name="HealthProbe_ReturnsZeroWhenHealthzAnswers" />
    </UnitTest>
    <UnitTest name="Realm.Web.Tests.IngressPathBaseTests.InvalidHeader_IsIgnoredWithOneWarning(header: &quot;/api/&lt;x&quot;)" storage="/home/runner/work/ha360/ha360/tests/realm.web.tests/bin/release/net10.0/realm.web.tests.dll" id="970bd141-fc54-a1c3-408c-8a6218e12b29">
      <Execution id="bc38450e-8c58-4fe5-9d25-db6da67733c3" />
      <TestMethod codeBase="/home/runner/work/HA360/HA360/tests/Realm.Web.Tests/bin/Release/net10.0/Realm.Web.Tests.dll" adapterTypeName="executor://xunit/VsTestRunner3/netcore/" className="Realm.Web.Tests.IngressPathBaseTests" name="InvalidHeader_IsIgnoredWithOneWarning" />
    </UnitTest>
    <UnitTest name="Realm.Web.Tests.AppBaseHrefTests.ValidHeader_RendersThePrefixWithOneTrailingSlashAsBase(header: &quot;/x&quot;, expectedBase: &quot;/x/&quot;)" storage="/home/runner/work/ha360/ha360/tests/realm.web.tests/bin/release/net10.0/realm.web.tests.dll" id="13585078-f90a-a352-0200-6d57460c025b">
      <Execution id="4a756264-4611-47a3-a7f7-bde03d7ccf81" />
      <TestMethod codeBase="/home/runner/work/HA360/HA360/tests/Realm.Web.Tests/bin/Release/net10.0/Realm.Web.Tests.dll" adapterTypeName="executor://xunit/VsTestRunner3/netcore/" className="Realm.Web.Tests.AppBaseHrefTests" name="ValidHeader_RendersThePrefixWithOneTrailingSlashAsBase" />
    </UnitTest>
    <UnitTest name="Realm.Web.Tests.BottomNavTests.AtTheRoot_MarksOnlyLocationAsCurrent" storage="/home/runner/work/ha360/ha360/tests/realm.web.tests/bin/release/net10.0/realm.web.tests.dll" id="27653250-f1f3-8645-a575-4da74a0f6fc2">
      <Execution id="d97e18a2-41d9-4f29-a717-d331271611dd" />
      <TestMethod codeBase="/home/runner/work/HA360/HA360/tests/Realm.Web.Tests/bin/Release/net10.0/Realm.Web.Tests.dll" adapterTypeName="executor://xunit/VsTestRunner3/netcore/" className="Realm.Web.Tests.BottomNavTests" name="AtTheRoot_MarksOnlyLocationAsCurrent" />
    </UnitTest>
    <UnitTest name="Realm.Web.Tests.IngressPathBaseTests.InvalidHeader_IsIgnoredWithOneWarning(header: &quot;/api/x&gt;&quot;)" storage="/home/runner/work/ha360/ha360/tests/realm.web.tests/bin/release/net10.0/realm.web.tests.dll" id="9b6fdf6c-ff34-7cbe-2a32-35f258aff130">
      <Execution id="99dd6859-6e4e-49ab-9a6f-3cdbda6454d7" />
      <TestMethod codeBase="/home/runner/work/HA360/HA360/tests/Realm.Web.Tests/bin/Release/net10.0/Realm.Web.Tests.dll" adapterTypeName="executor://xunit/VsTestRunner3/netcore/" className="Realm.Web.Tests.IngressPathBaseTests" name="InvalidHeader_IsIgnoredWithOneWarning" />
    </UnitTest>
    <UnitTest name="Realm.Web.Tests.RuntimeOptionsTests.Detect_AppliesThePrecedence(dataSource: null, token: &quot;tok&quot;, optionsJson: &quot;{ \&quot;demo_mode\&quot;: false }&quot;, expected: Live)" storage="/home/runner/work/ha360/ha360/tests/realm.web.tests/bin/release/net10.0/realm.web.tests.dll" id="9901b5f3-fb34-36be-ca89-0c6c6fe57563">
      <Execution id="9ca7c955-8691-4cbd-a145-3a15caf0e17d" />
      <TestMethod codeBase="/home/runner/work/HA360/HA360/tests/Realm.Web.Tests/bin/Release/net10.0/Realm.Web.Tests.dll" adapterTypeName="executor://xunit/VsTestRunner3/netcore/" className="Realm.Web.Tests.RuntimeOptionsTests" name="Detect_AppliesThePrecedence" />
    </UnitTest>
    <UnitTest name="Realm.Web.Tests.RuntimeOptionsTests.Detect_EnablesDetailedErrorsForDemoAndDevelopment(token: null, environmentName: &quot;Production&quot;, expected: True)" storage="/home/runner/work/ha360/ha360/tests/realm.web.tests/bin/release/net10.0/realm.web.tests.dll" id="0231e8ca-8361-b0ff-7817-1505068165dd">
      <Execution id="060f69dd-e340-4999-b3bf-c1b80edf64dd" />
      <TestMethod codeBase="/home/runner/work/HA360/HA360/tests/Realm.Web.Tests/bin/Release/net10.0/Realm.Web.Tests.dll" adapterTypeName="executor://xunit/VsTestRunner3/netcore/" className="Realm.Web.Tests.RuntimeOptionsTests" name="Detect_EnablesDetailedErrorsForDemoAndDevelopment" />
    </UnitTest>
    <UnitTest name="Realm.Web.Tests.TokensCssTests.Get_ReturnsTheStylesheetWithNoCacheAndAStrongETag" storage="/home/runner/work/ha360/ha360/tests/realm.web.tests/bin/release/net10.0/realm.web.tests.dll" id="cda98e41-f1e9-497b-4811-6f8d6c47586b">
      <Execution id="ef778ea9-9db1-419a-be28-86afe6cae3c2" />
      <TestMethod codeBase="/home/runner/work/HA360/HA360/tests/Realm.Web.Tests/bin/Release/net10.0/Realm.Web.Tests.dll" adapterTypeName="executor://xunit/VsTestRunner3/netcore/" className="Realm.Web.Tests.TokensCssTests" name="Get_ReturnsTheStylesheetWithNoCacheAndAStrongETag" />
    </UnitTest>
    <UnitTest name="Realm.Web.Tests.BottomNavTests.OnAnyOtherPath_MarksNeitherLinkAsCurrent(uri: &quot;drivingx&quot;)" storage="/home/runner/work/ha360/ha360/tests/realm.web.tests/bin/release/net10.0/realm.web.tests.dll" id="2c022698-0920-de7b-cecb-64ad26820b05">
      <Execution id="a8c576fc-8226-4c8a-8417-94283002898d" />
      <TestMethod codeBase="/home/runner/work/HA360/HA360/tests/Realm.Web.Tests/bin/Release/net10.0/Realm.Web.Tests.dll" adapterTypeName="executor://xunit/VsTestRunner3/netcore/" className="Realm.Web.Tests.BottomNavTests" name="OnAnyOtherPath_MarksNeitherLinkAsCurrent" />
    </UnitTest>
    <UnitTest name="Realm.Web.Tests.AppBaseHrefTests.BaseTag_IsTheOnlyOneAndComesBeforeEveryElementThatLoadsAUrl" storage="/home/runner/work/ha360/ha360/tests/realm.web.tests/bin/release/net10.0/realm.web.tests.dll" id="c60a88a3-a492-cb23-03be-c8e60d4fc2a8">
      <Execution id="428e27da-cc1f-47dd-9506-0cc9e5dc5cda" />
      <TestMethod codeBase="/home/runner/work/HA360/HA360/tests/Realm.Web.Tests/bin/Release/net10.0/Realm.Web.Tests.dll" adapterTypeName="executor://xunit/VsTestRunner3/netcore/" className="Realm.Web.Tests.AppBaseHrefTests" name="BaseTag_IsTheOnlyOneAndComesBeforeEveryElementThatLoadsAUrl" />
    </UnitTest>
    <UnitTest name="Realm.Web.Tests.BottomNavTests.OnADrivingRoute_MarksOnlyDrivingAsCurrent(uri: &quot;driving?week=2&quot;)" storage="/home/runner/work/ha360/ha360/tests/realm.web.tests/bin/release/net10.0/realm.web.tests.dll" id="529de808-6fb9-22d0-4eae-7803fbf0acd8">
      <Execution id="b74a3598-cf44-4ae8-b6b8-496ea39efd83" />
      <TestMethod codeBase="/home/runner/work/HA360/HA360/tests/Realm.Web.Tests/bin/Release/net10.0/Realm.Web.Tests.dll" adapterTypeName="executor://xunit/VsTestRunner3/netcore/" className="Realm.Web.Tests.BottomNavTests" name="OnADrivingRoute_MarksOnlyDrivingAsCurrent" />
    </UnitTest>
    <UnitTest name="Realm.Web.Tests.RuntimeOptionsTests.Detect_AppliesThePrecedence(dataSource: null, token: null, optionsJson: null, expected: Demo)" storage="/home/runner/work/ha360/ha360/tests/realm.web.tests/bin/release/net10.0/realm.web.tests.dll" id="06261a45-7f10-3815-f9ea-367c8fc2b0cf">
      <Execution id="153c6605-3254-4725-9eb0-775304a49f87" />
      <TestMethod codeBase="/home/runner/work/HA360/HA360/tests/Realm.Web.Tests/bin/Release/net10.0/Realm.Web.Tests.dll" adapterTypeName="executor://xunit/VsTestRunner3/netcore/" className="Realm.Web.Tests.RuntimeOptionsTests" name="Detect_AppliesThePrecedence" />
    </UnitTest>
    <UnitTest name="Realm.Web.Tests.RuntimeOptionsTests.Detect_ReadsTheOptionsPathFromTheEnvironmentFirst" storage="/home/runner/work/ha360/ha360/tests/realm.web.tests/bin/release/net10.0/realm.web.tests.dll" id="010e098b-7213-fd5e-d96f-aeafd4150971">
      <Execution id="146de952-371d-426b-98ce-de1af8ef377f" />
      <TestMethod codeBase="/home/runner/work/HA360/HA360/tests/Realm.Web.Tests/bin/Release/net10.0/Realm.Web.Tests.dll" adapterTypeName="executor://xunit/VsTestRunner3/netcore/" className="Realm.Web.Tests.RuntimeOptionsTests" name="Detect_ReadsTheOptionsPathFromTheEnvironmentFirst" />
    </UnitTest>
    <UnitTest name="Realm.Web.Tests.RuntimeOptionsTests.Detect_AppliesThePrecedence(dataSource: &quot;ha&quot;, token: &quot;tok&quot;, optionsJson: &quot;{ \&quot;demo_mode\&quot;: true }&quot;, expected: Live)" storage="/home/runner/work/ha360/ha360/tests/realm.web.tests/bin/release/net10.0/realm.web.tests.dll" id="5a80f815-4aa3-232f-b4dd-7782cfe9a00d">
      <Execution id="8342dfea-ea34-4424-870a-e11249d44d59" />
      <TestMethod codeBase="/home/runner/work/HA360/HA360/tests/Realm.Web.Tests/bin/Release/net10.0/Realm.Web.Tests.dll" adapterTypeName="executor://xunit/VsTestRunner3/netcore/" className="Realm.Web.Tests.RuntimeOptionsTests" name="Detect_AppliesThePrecedence" />
    </UnitTest>
    <UnitTest name="Realm.Web.Tests.AppBaseHrefTests.ValidHeader_RendersThePrefixWithOneTrailingSlashAsBase(header: &quot;/api/hassio_ingress/AbC-_123&quot;, expectedBase: &quot;/api/hassio_ingress/AbC-_123/&quot;)" storage="/home/runner/work/ha360/ha360/tests/realm.web.tests/bin/release/net10.0/realm.web.tests.dll" id="d39f8b9e-6ebe-5b83-8321-64cb58695f3a">
      <Execution id="3a795375-e86a-4445-8909-c543ed6f9188" />
      <TestMethod codeBase="/home/runner/work/HA360/HA360/tests/Realm.Web.Tests/bin/Release/net10.0/Realm.Web.Tests.dll" adapterTypeName="executor://xunit/VsTestRunner3/netcore/" className="Realm.Web.Tests.AppBaseHrefTests" name="ValidHeader_RendersThePrefixWithOneTrailingSlashAsBase" />
    </UnitTest>
    <UnitTest name="Realm.Web.Tests.AppBaseHrefTests.InvalidHeader_IsIgnoredAndRendersTheRootAsBase(header: &quot;api/hassio_ingress/x&quot;)" storage="/home/runner/work/ha360/ha360/tests/realm.web.tests/bin/release/net10.0/realm.web.tests.dll" id="ccc50f05-0069-cc3d-6e59-fa649d4b6c97">
      <Execution id="1575225f-847c-451c-889f-84d35d5ae4ed" />
      <TestMethod codeBase="/home/runner/work/HA360/HA360/tests/Realm.Web.Tests/bin/Release/net10.0/Realm.Web.Tests.dll" adapterTypeName="executor://xunit/VsTestRunner3/netcore/" className="Realm.Web.Tests.AppBaseHrefTests" name="InvalidHeader_IsIgnoredAndRendersTheRootAsBase" />
    </UnitTest>
    <UnitTest name="Realm.Web.Tests.IngressPathBaseTests.ValidHeader_SetsPathBaseWithoutTrailingSlashAndLeavesPathAlone(header: &quot;/x&quot;, expectedPathBase: &quot;/x&quot;)" storage="/home/runner/work/ha360/ha360/tests/realm.web.tests/bin/release/net10.0/realm.web.tests.dll" id="742ab2c2-37bc-6912-6b43-00d224766e64">
      <Execution id="5ade66fb-f629-4860-801f-97f471b8788c" />
      <TestMethod codeBase="/home/runner/work/HA360/HA360/tests/Realm.Web.Tests/bin/Release/net10.0/Realm.Web.Tests.dll" adapterTypeName="executor://xunit/VsTestRunner3/netcore/" className="Realm.Web.Tests.IngressPathBaseTests" name="ValidHeader_SetsPathBaseWithoutTrailingSlashAndLeavesPathAlone" />
    </UnitTest>
    <UnitTest name="Realm.Web.Tests.HealthzTests.Healthz_Returns200InLiveModeWithNoHaReachable" storage="/home/runner/work/ha360/ha360/tests/realm.web.tests/bin/release/net10.0/realm.web.tests.dll" id="cb44c6f4-a924-16f5-f954-fac5689c38d8">
      <Execution id="23758843-9e47-4093-ba16-882766749778" />
      <TestMethod codeBase="/home/runner/work/HA360/HA360/tests/Realm.Web.Tests/bin/Release/net10.0/Realm.Web.Tests.dll" adapterTypeName="executor://xunit/VsTestRunner3/netcore/" className="Realm.Web.Tests.HealthzTests" name="Healthz_Returns200InLiveModeWithNoHaReachable" />
    </UnitTest>
    <UnitTest name="Realm.Web.Tests.ForwardedHeadersTests.Registration_ClearsKnownProxiesAndNetworks" storage="/home/runner/work/ha360/ha360/tests/realm.web.tests/bin/release/net10.0/realm.web.tests.dll" id="0be182f3-0b73-d042-580a-464af79ca34f">
      <Execution id="19e3ff46-50b4-449d-98ab-83ab2af86672" />
      <TestMethod codeBase="/home/runner/work/HA360/HA360/tests/Realm.Web.Tests/bin/Release/net10.0/Realm.Web.Tests.dll" adapterTypeName="executor://xunit/VsTestRunner3/netcore/" className="Realm.Web.Tests.ForwardedHeadersTests" name="Registration_ClearsKnownProxiesAndNetworks" />
    </UnitTest>
    <UnitTest name="Realm.Web.Tests.BottomNavTests.OnADrivingRoute_MarksOnlyDrivingAsCurrent(uri: &quot;driving&quot;)" storage="/home/runner/work/ha360/ha360/tests/realm.web.tests/bin/release/net10.0/realm.web.tests.dll" id="33e6e485-e51a-3635-7672-f2674b1922de">
      <Execution id="b9990917-3693-43b5-89e5-b9db0f81622a" />
      <TestMethod codeBase="/home/runner/work/HA360/HA360/tests/Realm.Web.Tests/bin/Release/net10.0/Realm.Web.Tests.dll" adapterTypeName="executor://xunit/VsTestRunner3/netcore/" className="Realm.Web.Tests.BottomNavTests" name="OnADrivingRoute_MarksOnlyDrivingAsCurrent" />
    </UnitTest>
    <UnitTest name="Realm.Web.Tests.IngressPathBaseTests.InvalidHeader_SameValueTwice_WarnsOnce" storage="/home/runner/work/ha360/ha360/tests/realm.web.tests/bin/release/net10.0/realm.web.tests.dll" id="8d70a949-adb6-a47f-45a5-3ebea55ef9a2">
      <Execution id="045f34fa-7d76-49c3-a6d0-fb6ca8256486" />
      <TestMethod codeBase="/home/runner/work/HA360/HA360/tests/Realm.Web.Tests/bin/Release/net10.0/Realm.Web.Tests.dll" adapterTypeName="executor://xunit/VsTestRunner3/netcore/" className="Realm.Web.Tests.IngressPathBaseTests" name="InvalidHeader_SameValueTwice_WarnsOnce" />
    </UnitTest>
    <UnitTest name="Realm.Web.Tests.RuntimeOptionsTests.Detect_AppliesThePrecedence(dataSource: null, token: &quot;tok&quot;, optionsJson: null, expected: Live)" storage="/home/runner/work/ha360/ha360/tests/realm.web.tests/bin/release/net10.0/realm.web.tests.dll" id="d7bd337a-684f-2e04-f07d-b9113335b542">
      <Execution id="76714493-a4df-4ee1-af7c-f0c2c39aea9e" />
      <TestMethod codeBase="/home/runner/work/HA360/HA360/tests/Realm.Web.Tests/bin/Release/net10.0/Realm.Web.Tests.dll" adapterTypeName="executor://xunit/VsTestRunner3/netcore/" className="Realm.Web.Tests.RuntimeOptionsTests" name="Detect_AppliesThePrecedence" />
    </UnitTest>
    <UnitTest name="Realm.Web.Tests.BottomNavTests.OnAnyOtherPath_MarksNeitherLinkAsCurrent(uri: &quot;not-found&quot;)" storage="/home/runner/work/ha360/ha360/tests/realm.web.tests/bin/release/net10.0/realm.web.tests.dll" id="8d62cecf-4cfd-7348-741b-e5f348d2ad7d">
      <Execution id="e334e033-8bd8-4ef9-a712-8a1bb2c4c794" />
      <TestMethod codeBase="/home/runner/work/HA360/HA360/tests/Realm.Web.Tests/bin/Release/net10.0/Realm.Web.Tests.dll" adapterTypeName="executor://xunit/VsTestRunner3/netcore/" className="Realm.Web.Tests.BottomNavTests" name="OnAnyOtherPath_MarksNeitherLinkAsCurrent" />
    </UnitTest>
    <UnitTest name="Realm.Web.Tests.AppBaseHrefTests.AbsentHeader_RendersTheRootAsBase" storage="/home/runner/work/ha360/ha360/tests/realm.web.tests/bin/release/net10.0/realm.web.tests.dll" id="e3ccb5b3-8a74-b83f-42e4-90ef095cf6a8">
      <Execution id="42a6f903-99c4-44f4-8434-665175d7a9db" />
      <TestMethod codeBase="/home/runner/work/HA360/HA360/tests/Realm.Web.Tests/bin/Release/net10.0/Realm.Web.Tests.dll" adapterTypeName="executor://xunit/VsTestRunner3/netcore/" className="Realm.Web.Tests.AppBaseHrefTests" name="AbsentHeader_RendersTheRootAsBase" />
    </UnitTest>
    <UnitTest name="Realm.Web.Tests.IngressPathBaseTests.InvalidHeader_IsIgnoredWithOneWarning(header: &quot;/api/'x&quot;)" storage="/home/runner/work/ha360/ha360/tests/realm.web.tests/bin/release/net10.0/realm.web.tests.dll" id="e4ba0118-f70a-1bfa-ebdc-9bb06747e282">
      <Execution id="19a2b10c-9121-4794-b531-e56932133ba3" />
      <TestMethod codeBase="/home/runner/work/HA360/HA360/tests/Realm.Web.Tests/bin/Release/net10.0/Realm.Web.Tests.dll" adapterTypeName="executor://xunit/VsTestRunner3/netcore/" className="Realm.Web.Tests.IngressPathBaseTests" name="InvalidHeader_IsIgnoredWithOneWarning" />
    </UnitTest>
    <UnitTest name="Realm.Web.Tests.RuntimeOptionsTests.Detect_AppliesThePrecedence(dataSource: &quot;demo&quot;, token: &quot;tok&quot;, optionsJson: null, expected: Demo)" storage="/home/runner/work/ha360/ha360/tests/realm.web.tests/bin/release/net10.0/realm.web.tests.dll" id="96ed2e55-4608-937e-5a3c-5f390f91e0a9">
      <Execution id="df11fd22-5c45-4897-bb9b-54c183402160" />
      <TestMethod codeBase="/home/runner/work/HA360/HA360/tests/Realm.Web.Tests/bin/Release/net10.0/Realm.Web.Tests.dll" adapterTypeName="executor://xunit/VsTestRunner3/netcore/" className="Realm.Web.Tests.RuntimeOptionsTests" name="Detect_AppliesThePrecedence" />
    </UnitTest>
    <UnitTest name="Realm.Web.Tests.RuntimeOptionsTests.Detect_AppliesThePrecedence(dataSource: &quot;auto&quot;, token: &quot;tok&quot;, optionsJson: null, expected: Live)" storage="/home/runner/work/ha360/ha360/tests/realm.web.tests/bin/release/net10.0/realm.web.tests.dll" id="2e858096-a948-b430-79d0-1a6cc144ff87">
      <Execution id="7a8cc5a2-fefe-42da-a680-6e1aac2321e0" />
      <TestMethod codeBase="/home/runner/work/HA360/HA360/tests/Realm.Web.Tests/bin/Release/net10.0/Realm.Web.Tests.dll" adapterTypeName="executor://xunit/VsTestRunner3/netcore/" className="Realm.Web.Tests.RuntimeOptionsTests" name="Detect_AppliesThePrecedence" />
    </UnitTest>
    <UnitTest name="Realm.Web.Tests.RuntimeOptionsTests.Detect_AppliesThePrecedence(dataSource: null, token: &quot;tok&quot;, optionsJson: &quot;{ \&quot;demo_mode\&quot;: \&quot;true\&quot; }&quot;, expected: Live)" storage="/home/runner/work/ha360/ha360/tests/realm.web.tests/bin/release/net10.0/realm.web.tests.dll" id="69bd6f5d-49bb-d00d-95f6-068b1d351b44">
      <Execution id="525653d7-9888-4d08-85cf-632922f0d311" />
      <TestMethod codeBase="/home/runner/work/HA360/HA360/tests/Realm.Web.Tests/bin/Release/net10.0/Realm.Web.Tests.dll" adapterTypeName="executor://xunit/VsTestRunner3/netcore/" className="Realm.Web.Tests.RuntimeOptionsTests" name="Detect_AppliesThePrecedence" />
    </UnitTest>
    <UnitTest name="Realm.Web.Tests.IngressPathBaseTests.InvalidHeader_IsIgnoredWithOneWarning(header: &quot;api/hassio_ingress/x&quot;)" storage="/home/runner/work/ha360/ha360/tests/realm.web.tests/bin/release/net10.0/realm.web.tests.dll" id="278acc98-f69e-69ef-33a2-39f347217fa2">
      <Execution id="9e22397e-f3d6-44ba-9e80-8feeb38cf935" />
      <TestMethod codeBase="/home/runner/work/HA360/HA360/tests/Realm.Web.Tests/bin/Release/net10.0/Realm.Web.Tests.dll" adapterTypeName="executor://xunit/VsTestRunner3/netcore/" className="Realm.Web.Tests.IngressPathBaseTests" name="InvalidHeader_IsIgnoredWithOneWarning" />
    </UnitTest>
    <UnitTest name="Realm.Web.Tests.RuntimeOptionsTests.Detect_AppliesThePrecedence(dataSource: &quot;ha&quot;, token: null, optionsJson: null, expected: Live)" storage="/home/runner/work/ha360/ha360/tests/realm.web.tests/bin/release/net10.0/realm.web.tests.dll" id="9fd5b6e9-a987-629d-7e31-51aedf944b9e">
      <Execution id="6ced2855-1b31-4b7f-b64d-60e34260322e" />
      <TestMethod codeBase="/home/runner/work/HA360/HA360/tests/Realm.Web.Tests/bin/Release/net10.0/Realm.Web.Tests.dll" adapterTypeName="executor://xunit/VsTestRunner3/netcore/" className="Realm.Web.Tests.RuntimeOptionsTests" name="Detect_AppliesThePrecedence" />
    </UnitTest>
    <UnitTest name="Realm.Web.Tests.BottomNavTests.Renders_TwoRelativeLinks_NamedLocationAndDriving" storage="/home/runner/work/ha360/ha360/tests/realm.web.tests/bin/release/net10.0/realm.web.tests.dll" id="8e79516a-3ea2-22c6-e71f-b8401cedc04e">
      <Execution id="39630519-199a-49fd-80ac-10662500257d" />
      <TestMethod codeBase="/home/runner/work/HA360/HA360/tests/Realm.Web.Tests/bin/Release/net10.0/Realm.Web.Tests.dll" adapterTypeName="executor://xunit/VsTestRunner3/netcore/" className="Realm.Web.Tests.BottomNavTests" name="Renders_TwoRelativeLinks_NamedLocationAndDriving" />
    </UnitTest>
  </TestDefinitions>
  <TestEntries>
    <TestEntry testId="27653250-f1f3-8645-a575-4da74a0f6fc2" executionId="d97e18a2-41d9-4f29-a717-d331271611dd" testListId="8c84fa94-04c1-424b-9868-57a2d4851a1d" />
    <TestEntry testId="a97f3df4-7b45-75fa-7a08-7a3a7b1e01f3" executionId="33ad745c-6d92-44fb-bf8f-45b1bc86c43b" testListId="8c84fa94-04c1-424b-9868-57a2d4851a1d" />
    <TestEntry testId="6e5d85af-ae8d-3cc7-6bad-065cae8c06c0" executionId="96bcee56-2f3c-49e8-93fd-3cb44fe39517" testListId="8c84fa94-04c1-424b-9868-57a2d4851a1d" />
    <TestEntry testId="c60a88a3-a492-cb23-03be-c8e60d4fc2a8" executionId="428e27da-cc1f-47dd-9506-0cc9e5dc5cda" testListId="8c84fa94-04c1-424b-9868-57a2d4851a1d" />
    <TestEntry testId="8d62cecf-4cfd-7348-741b-e5f348d2ad7d" executionId="e334e033-8bd8-4ef9-a712-8a1bb2c4c794" testListId="8c84fa94-04c1-424b-9868-57a2d4851a1d" />
    <TestEntry testId="9b6fdf6c-ff34-7cbe-2a32-35f258aff130" executionId="99dd6859-6e4e-49ab-9a6f-3cdbda6454d7" testListId="8c84fa94-04c1-424b-9868-57a2d4851a1d" />
    <TestEntry testId="e946f5b4-7bdd-3d0a-6f6e-b9fa7b7de593" executionId="8eb11eb7-ed48-45cb-bae8-84be4ecf577d" testListId="8c84fa94-04c1-424b-9868-57a2d4851a1d" />
    <TestEntry testId="06261a45-7f10-3815-f9ea-367c8fc2b0cf" executionId="153c6605-3254-4725-9eb0-775304a49f87" testListId="8c84fa94-04c1-424b-9868-57a2d4851a1d" />
    <TestEntry testId="5a80f815-4aa3-232f-b4dd-7782cfe9a00d" executionId="8342dfea-ea34-4424-870a-e11249d44d59" testListId="8c84fa94-04c1-424b-9868-57a2d4851a1d" />
    <TestEntry testId="33e6e485-e51a-3635-7672-f2674b1922de" executionId="b9990917-3693-43b5-89e5-b9db0f81622a" testListId="8c84fa94-04c1-424b-9868-57a2d4851a1d" />
    <TestEntry testId="a107963d-45bc-3ddd-cc5c-ddddebfa5ff8" executionId="c0abfda9-8a3e-451c-a49b-61f8b6d87a84" testListId="8c84fa94-04c1-424b-9868-57a2d4851a1d" />
    <TestEntry testId="c3c300f8-1fb7-b791-c633-a8b83290b08e" executionId="80da157e-eadc-4ce8-a8ef-74b1b2e78252" testListId="8c84fa94-04c1-424b-9868-57a2d4851a1d" />
    <TestEntry testId="e3ccb5b3-8a74-b83f-42e4-90ef095cf6a8" executionId="42a6f903-99c4-44f4-8434-665175d7a9db" testListId="8c84fa94-04c1-424b-9868-57a2d4851a1d" />
    <TestEntry testId="0be182f3-0b73-d042-580a-464af79ca34f" executionId="19e3ff46-50b4-449d-98ab-83ab2af86672" testListId="8c84fa94-04c1-424b-9868-57a2d4851a1d" />
    <TestEntry testId="010e098b-7213-fd5e-d96f-aeafd4150971" executionId="146de952-371d-426b-98ce-de1af8ef377f" testListId="8c84fa94-04c1-424b-9868-57a2d4851a1d" />
    <TestEntry testId="b2f719d2-e853-90fb-50de-4041dedd8052" executionId="6243b7f8-55d8-43dc-9870-3d9e4d79d2b8" testListId="8c84fa94-04c1-424b-9868-57a2d4851a1d" />
    <TestEntry testId="970bd141-fc54-a1c3-408c-8a6218e12b29" executionId="bc38450e-8c58-4fe5-9d25-db6da67733c3" testListId="8c84fa94-04c1-424b-9868-57a2d4851a1d" />
    <TestEntry testId="cb44c6f4-a924-16f5-f954-fac5689c38d8" executionId="23758843-9e47-4093-ba16-882766749778" testListId="8c84fa94-04c1-424b-9868-57a2d4851a1d" />
    <TestEntry testId="262ef556-f8f9-fe07-f9b9-776010c91770" executionId="561a1329-d6a9-42d8-b615-fd22cabad796" testListId="8c84fa94-04c1-424b-9868-57a2d4851a1d" />
    <TestEntry testId="45ba146c-d780-2af0-1e42-850bb47db41e" executionId="c3362149-0848-4c6b-86a9-6df8719bef24" testListId="8c84fa94-04c1-424b-9868-57a2d4851a1d" />
    <TestEntry testId="3e7c9004-b36a-f2f9-61b0-ee47edf35c60" executionId="93f2c918-09ac-4a8d-b3d7-4ac2c6b09f3d" testListId="8c84fa94-04c1-424b-9868-57a2d4851a1d" />
    <TestEntry testId="de329687-79c4-68da-95ee-378fcf856eb2" executionId="cde1a21a-1649-483b-8dab-a94026fbce34" testListId="8c84fa94-04c1-424b-9868-57a2d4851a1d" />
    <TestEntry testId="c9327f7e-f430-d48c-6db1-e0dde1012b36" executionId="8bdbc4e7-dd7a-4ae2-9c6a-a2084bfaae87" testListId="8c84fa94-04c1-424b-9868-57a2d4851a1d" />
    <TestEntry testId="9fd5b6e9-a987-629d-7e31-51aedf944b9e" executionId="6ced2855-1b31-4b7f-b64d-60e34260322e" testListId="8c84fa94-04c1-424b-9868-57a2d4851a1d" />
    <TestEntry testId="742ab2c2-37bc-6912-6b43-00d224766e64" executionId="5ade66fb-f629-4860-801f-97f471b8788c" testListId="8c84fa94-04c1-424b-9868-57a2d4851a1d" />
    <TestEntry testId="5c7ffee2-fd01-7ad6-6140-6a613db564e4" executionId="21716912-a886-44b6-b4ee-f8f4ab1120b0" testListId="8c84fa94-04c1-424b-9868-57a2d4851a1d" />
    <TestEntry testId="33693ed0-789d-ff35-9021-6fbe7d188d3f" executionId="9ebeef46-7b4d-4497-862d-305f272250a7" testListId="8c84fa94-04c1-424b-9868-57a2d4851a1d" />
    <TestEntry testId="ee677be5-b993-79dc-c484-ae6b64b17961" executionId="1fe421c5-9c29-4ac9-9b62-b5f163265c80" testListId="8c84fa94-04c1-424b-9868-57a2d4851a1d" />
    <TestEntry testId="81524283-cc89-7aad-9a90-4039c60cb15a" executionId="37fb9f77-76b6-4a48-a02a-418cb95565c4" testListId="8c84fa94-04c1-424b-9868-57a2d4851a1d" />
    <TestEntry testId="d39f8b9e-6ebe-5b83-8321-64cb58695f3a" executionId="3a795375-e86a-4445-8909-c543ed6f9188" testListId="8c84fa94-04c1-424b-9868-57a2d4851a1d" />
    <TestEntry testId="4f905f80-b73d-e7e1-e8d7-7955104b3914" executionId="00b91b5a-82be-486a-b3e6-6cf6cb34393a" testListId="8c84fa94-04c1-424b-9868-57a2d4851a1d" />
    <TestEntry testId="cda98e41-f1e9-497b-4811-6f8d6c47586b" executionId="ef778ea9-9db1-419a-be28-86afe6cae3c2" testListId="8c84fa94-04c1-424b-9868-57a2d4851a1d" />
    <TestEntry testId="278acc98-f69e-69ef-33a2-39f347217fa2" executionId="9e22397e-f3d6-44ba-9e80-8feeb38cf935" testListId="8c84fa94-04c1-424b-9868-57a2d4851a1d" />
    <TestEntry testId="a5d5162f-f58b-c081-6afa-28d235dd27dd" executionId="3ca21421-d7f0-46d0-b4dc-c3b2f5fdbe77" testListId="8c84fa94-04c1-424b-9868-57a2d4851a1d" />
    <TestEntry testId="0231e8ca-8361-b0ff-7817-1505068165dd" executionId="060f69dd-e340-4999-b3bf-c1b80edf64dd" testListId="8c84fa94-04c1-424b-9868-57a2d4851a1d" />
    <TestEntry testId="0ea0b356-3dfc-e612-95a3-299975f0b8f8" executionId="f88c5aaa-76a6-4285-a764-6f7263ef7149" testListId="8c84fa94-04c1-424b-9868-57a2d4851a1d" />
    <TestEntry testId="529de808-6fb9-22d0-4eae-7803fbf0acd8" executionId="b74a3598-cf44-4ae8-b6b8-496ea39efd83" testListId="8c84fa94-04c1-424b-9868-57a2d4851a1d" />
    <TestEntry testId="ccc50f05-0069-cc3d-6e59-fa649d4b6c97" executionId="1575225f-847c-451c-889f-84d35d5ae4ed" testListId="8c84fa94-04c1-424b-9868-57a2d4851a1d" />
    <TestEntry testId="e4ba0118-f70a-1bfa-ebdc-9bb06747e282" executionId="19a2b10c-9121-4794-b531-e56932133ba3" testListId="8c84fa94-04c1-424b-9868-57a2d4851a1d" />
    <TestEntry testId="d7bd337a-684f-2e04-f07d-b9113335b542" executionId="76714493-a4df-4ee1-af7c-f0c2c39aea9e" testListId="8c84fa94-04c1-424b-9868-57a2d4851a1d" />
    <TestEntry testId="743910b9-6987-3c46-8dd9-9898bca519d8" executionId="d91966f2-e42d-45ab-8c1f-945fbf4ce65a" testListId="8c84fa94-04c1-424b-9868-57a2d4851a1d" />
    <TestEntry testId="9901b5f3-fb34-36be-ca89-0c6c6fe57563" executionId="9ca7c955-8691-4cbd-a145-3a15caf0e17d" testListId="8c84fa94-04c1-424b-9868-57a2d4851a1d" />
    <TestEntry testId="34c30903-2878-86c8-5d5b-d5749a79e437" executionId="3ed60eb8-b83b-4f5f-8543-5ae4667499e5" testListId="8c84fa94-04c1-424b-9868-57a2d4851a1d" />
    <TestEntry testId="96ed2e55-4608-937e-5a3c-5f390f91e0a9" executionId="df11fd22-5c45-4897-bb9b-54c183402160" testListId="8c84fa94-04c1-424b-9868-57a2d4851a1d" />
    <TestEntry testId="c4bb81ef-e028-f63b-8f1a-f1dd55f3bc2c" executionId="a2368177-75ba-4dd8-b555-340f399212ad" testListId="8c84fa94-04c1-424b-9868-57a2d4851a1d" />
    <TestEntry testId="f0ce7296-12c5-259d-102c-3364e89d4b1c" executionId="ee0276ca-5f42-4067-b29d-8dd1ea881161" testListId="8c84fa94-04c1-424b-9868-57a2d4851a1d" />
    <TestEntry testId="8d70a949-adb6-a47f-45a5-3ebea55ef9a2" executionId="045f34fa-7d76-49c3-a6d0-fb6ca8256486" testListId="8c84fa94-04c1-424b-9868-57a2d4851a1d" />
    <TestEntry testId="2c022698-0920-de7b-cecb-64ad26820b05" executionId="a8c576fc-8226-4c8a-8417-94283002898d" testListId="8c84fa94-04c1-424b-9868-57a2d4851a1d" />
    <TestEntry testId="c1676977-3f4d-0e82-8d44-8b6e4e9c1c8e" executionId="d3aeb451-31ec-40ad-a937-67875e12d436" testListId="8c84fa94-04c1-424b-9868-57a2d4851a1d" />
    <TestEntry testId="13585078-f90a-a352-0200-6d57460c025b" executionId="4a756264-4611-47a3-a7f7-bde03d7ccf81" testListId="8c84fa94-04c1-424b-9868-57a2d4851a1d" />
    <TestEntry testId="e7f58657-b5be-d6b8-e00d-6ad838079cdf" executionId="edb92d83-ad2a-4b01-873a-6025b77fa8cb" testListId="8c84fa94-04c1-424b-9868-57a2d4851a1d" />
    <TestEntry testId="2e858096-a948-b430-79d0-1a6cc144ff87" executionId="7a8cc5a2-fefe-42da-a680-6e1aac2321e0" testListId="8c84fa94-04c1-424b-9868-57a2d4851a1d" />
    <TestEntry testId="a6428923-2b10-1ef1-3cf8-f3d59e9835ed" executionId="842bb473-a73e-45a3-8dea-865065a7a74c" testListId="8c84fa94-04c1-424b-9868-57a2d4851a1d" />
    <TestEntry testId="be876a28-4e66-89c5-8d1c-570618f1e7a5" executionId="1dec25b4-3ef9-498c-9309-0821e85cbf0b" testListId="8c84fa94-04c1-424b-9868-57a2d4851a1d" />
    <TestEntry testId="69bd6f5d-49bb-d00d-95f6-068b1d351b44" executionId="525653d7-9888-4d08-85cf-632922f0d311" testListId="8c84fa94-04c1-424b-9868-57a2d4851a1d" />
    <TestEntry testId="8e79516a-3ea2-22c6-e71f-b8401cedc04e" executionId="39630519-199a-49fd-80ac-10662500257d" testListId="8c84fa94-04c1-424b-9868-57a2d4851a1d" />
    <TestEntry testId="75d8bb3b-a0f7-8337-0c52-75d4046f2f5d" executionId="35f39438-1b5d-4b67-bce5-1d84facfcd2e" testListId="8c84fa94-04c1-424b-9868-57a2d4851a1d" />
    <TestEntry testId="f430cf33-c1e2-ce60-fdd5-b4567d5b6ae4" executionId="1548da65-060b-4d1b-8ce0-594502fa2c42" testListId="8c84fa94-04c1-424b-9868-57a2d4851a1d" />
  </TestEntries>
  <TestLists>
    <TestList name="Results Not in a List" id="8c84fa94-04c1-424b-9868-57a2d4851a1d" />
    <TestList name="All Loaded Results" id="19431567-8539-422a-85d7-44ee4e166bda" />
  </TestLists>
  <ResultSummary outcome="Completed">
    <Counters total="58" executed="58" passed="58" failed="0" error="0" timeout="0" aborted="0" inconclusive="0" passedButRunAborted="0" notRunnable="0" notExecuted="0" disconnected="0" warning="0" completed="0" inProgress="0" pending="0" />
    <Output>
      <StdOut>[xUnit.net 00:00:00.00] xUnit.net VSTest Adapter v3.1.5+1b188a7b0a (64-bit .NET 10.0.12)
[xUnit.net 00:00:00.34]   Discovering: Realm.Web.Tests
[xUnit.net 00:00:00.46]   Discovered:  Realm.Web.Tests
[xUnit.net 00:00:00.52]   Starting:    Realm.Web.Tests
[xUnit.net 00:00:05.74]   Finished:    Realm.Web.Tests
</StdOut>
    </Output>
  </ResultSummary>
</TestRun>